Attaching to process ID 9940, please wait...
Debugger attached successfully.
Server compiler detected.
JVM version is 25.151-b12

using parallel threads in the new generation.
using thread-local object allocation.
Concurrent Mark-Sweep GC

Heap Configuration:
   MinHeapFreeRatio         = 40
   MaxHeapFreeRatio         = 70
   MaxHeapSize              = 2147483648 (2048.0MB)
   NewSize                  = 268435456 (256.0MB)
   MaxNewSize               = 268435456 (256.0MB)
   OldSize                  = 1879048192 (1792.0MB)
   NewRatio                 = 2
   SurvivorRatio            = 8
   MetaspaceSize            = 21807104 (20.796875MB)
   CompressedClassSpaceSize = 1073741824 (1024.0MB)
   MaxMetaspaceSize         = 17592186044415 MB
   G1HeapRegionSize         = 0 (0.0MB)

Heap Usage:
New Generation (Eden + 1 Survivor Space):
   capacity = 241631232 (230.4375MB)
   used     = 56490872 (53.87389373779297MB)
   free     = 185140360 (176.56360626220703MB)
   23.378961209782684% used
Eden Space:
   capacity = 214827008 (204.875MB)
   used     = 43893392 (41.86000061035156MB)
   free     = 170933616 (163.01499938964844MB)
   20.431971011764034% used
From Space:
   capacity = 26804224 (25.5625MB)
   used     = 12597480 (12.013893127441406MB)
   free     = 14206744 (13.548606872558594MB)
   46.99811492397616% used
To Space:
   capacity = 26804224 (25.5625MB)
   used     = 0 (0.0MB)
   free     = 26804224 (25.5625MB)
   0.0% used
concurrent mark-sweep generation:
   capacity = 1879048192 (1792.0MB)
   used     = 0 (0.0MB)
   free     = 1879048192 (1792.0MB)
   0.0% used

7588 interned Strings occupying 580680 bytes.
