
 num     #instances         #bytes  class name
----------------------------------------------
   1:          2102       37762344  [I
   2:         12604        8866496  [B
   3:         32299        4829896  [C
   4:         23982         575568  java.lang.String
   5:          3403         387176  java.lang.Class
   6:         11084         354688  java.util.HashMap$Node
   7:          4123         259288  [Ljava.lang.Object;
   8:          5218         208720  java.util.HashMap$KeyIterator
   9:          1855         163240  java.lang.reflect.Method
  10:          4847         155104  java.util.concurrent.ConcurrentHashMap$Node
  11:          3619         144760  java.lang.ref.Finalizer
  12:          3406         136240  java.util.HashMap$EntryIterator
  13:          1665         131800  [Ljava.util.HashMap$Node;
  14:          1696          94976  java.util.zip.ZipFile$ZipFileInputStream
  15:          1616          90496  java.util.zip.ZipFile$ZipFileInflaterInputStream
  16:          1711          82128  java.util.HashMap
  17:           175          69368  [Ljava.util.concurrent.ConcurrentHashMap$Node;
  18:          1424          68352  java.nio.HeapByteBuffer
  19:          4107          65712  java.lang.Object
  20:          2716          65184  javassist.bytecode.Utf8Info
  21:          1970          63040  java.lang.ref.WeakReference
  22:          2354          56496  java.util.ArrayList
  23:          1372          54880  java.lang.ref.SoftReference
  24:           720          51840  java.lang.reflect.Field
  25:          1255          50200  java.util.LinkedHashMap$Entry
  26:          2081          49944  java.util.concurrent.ConcurrentHashMap$MapEntry
  27:          2061          49464  java.lang.StringBuilder
  28:          2019          43032  [Ljava.lang.Class;
  29:          1740          41760  java.util.LinkedList$Node
  30:            32          41648  [Ljava.nio.ByteBuffer;
  31:          1179          39592  [Ljava.lang.String;
  32:           379          30320  java.lang.reflect.Constructor
  33:            55          29040  [Ljavassist.bytecode.ConstInfo;
  34:           341          29032  [S
  35:           108          25608  [Z
  36:           451          25256  org.apache.zookeeper.ClientCnxn$Packet
  37:           745          23840  java.util.concurrent.locks.AbstractQueuedSynchronizer$Node
  38:           417          23352  java.util.concurrent.ConcurrentHashMap$EntryIterator
  39:           947          22728  sun.nio.ch.KQueueArrayWrapper$Update
  40:           404          22624  java.beans.MethodDescriptor
  41:           542          21680  java.util.TreeMap$Entry
  42:           333          21312  org.mortbay.io.BufferCache$CachedBuffer
  43:           342          21224  [Ljava.lang.reflect.Method;
  44:           880          21120  java.beans.MethodRef
  45:           370          20720  java.util.LinkedHashMap
  46:           496          19840  org.mortbay.util.StringMap$Node
  47:            99          19800  com.sun.org.apache.xerces.internal.impl.dv.xs.XSSimpleTypeDecl
  48:           613          19616  org.apache.zookeeper.proto.ReplyHeader
  49:           801          19224  javassist.bytecode.NameAndTypeInfo
  50:           320          17920  java.lang.Class$ReflectionData
  51:           269          17216  java.util.concurrent.ConcurrentHashMap
  52:          1074          17184  java.util.Collections$UnmodifiableMap$UnmodifiableEntrySet$UnmodifiableEntry
  53:           238          17136  java.beans.PropertyDescriptor
  54:          1066          17056  java.util.HashMap$EntrySet
  55:           687          16488  javassist.bytecode.MethodrefInfo
  56:           405          16200  javassist.bytecode.MethodInfo
  57:           175          15400  [Lorg.mortbay.util.StringMap$Node;
  58:           461          14752  java.io.DataInputStream
  59:           450          14400  java.util.Hashtable$Entry
  60:           449          14368  java.io.DataOutputStream
  61:           440          14080  java.util.ArrayList$Itr
  62:           350          14000  javassist.bytecode.CodeAttribute
  63:           250          14000  sun.nio.cs.UTF_8$Encoder
  64:           197          12608  java.net.URL
  65:           517          12408  java.lang.StringBuffer
  66:           516          12384  javassist.bytecode.ClassInfo
  67:           211          11816  java.lang.Package
  68:           206          11536  java.lang.invoke.MemberName
  69:           451          10824  java.io.ByteArrayOutputStream
  70:           449          10776  org.apache.jute.BinaryOutputArchive
  71:           447          10728  org.apache.zookeeper.proto.RequestHeader
  72:           138           9936  com.alibaba.dubbo.common.URL
  73:            26           9776  java.lang.Thread
  74:           395           9480  java.util.jar.Attributes$Name
  75:           107           8880  [Ljava.util.WeakHashMap$Entry;
  76:           350           8400  javassist.bytecode.ExceptionTable
  77:           350           8400  javassist.bytecode.LineNumberAttribute
  78:           250           8000  java.lang.ref.ReferenceQueue
  79:           331           7944  javassist.bytecode.StringInfo
  80:           461           7376  org.apache.jute.BinaryInputArchive
  81:           461           7376  org.apache.zookeeper.server.ByteBufferInputStream
  82:           223           7136  java.lang.invoke.LambdaForm$Name
  83:           128           6952  [Lorg.springframework.util.ConcurrentReferenceHashMap$Reference;
  84:            70           6720  java.util.jar.JarFile$JarFileEntry
  85:           199           6368  java.util.concurrent.locks.ReentrantLock$NonfairSync
  86:           256           6144  java.lang.Long
  87:            76           6080  org.apache.zookeeper.data.Stat
  88:           237           5704  [Ljava.lang.reflect.Constructor;
  89:           101           5656  java.util.concurrent.ConcurrentHashMap$ValueIterator
  90:            94           5640  [Ljava.lang.ref.SoftReference;
  91:           173           5536  java.lang.invoke.MethodType$ConcurrentWeakInternSet$WeakEntry
  92:            23           5504  [Ljava.beans.MethodDescriptor;
  93:            36           5472  [Ljava.util.Hashtable$Entry;
  94:           342           5472  java.lang.Integer
  95:            57           5472  sun.util.calendar.Gregorian$Date
  96:            34           5224  [Lorg.mortbay.io.Buffer;
  97:           107           5136  java.util.WeakHashMap
  98:           128           5120  java.lang.invoke.MethodType
  99:           128           5120  org.springframework.util.ConcurrentReferenceHashMap$Segment
 100:            91           5096  org.mortbay.io.ByteArrayBuffer
 101:           154           4928  java.io.FileDescriptor
 102:           202           4848  sun.reflect.NativeMethodAccessorImpl
 103:           120           4800  sun.nio.cs.UTF_8$Decoder
 104:            84           4704  sun.misc.URLClassPath$JarLoader
 105:           192           4608  com.sun.org.apache.xerces.internal.util.SymbolHash$Entry
 106:            72           4608  java.util.jar.JarFile
 107:            96           4608  java.util.zip.Inflater
 108:           187           4488  org.apache.log4j.CategoryKey
 109:           140           4480  java.util.Collections$UnmodifiableMap
 110:            97           4360  [Ljava.lang.reflect.Field;
 111:           109           4360  org.apache.log4j.Logger
 112:            59           4248  java.util.regex.Pattern
 113:           132           4224  java.util.LinkedList
 114:           256           4096  java.lang.Byte
 115:           256           4096  java.lang.Short
 116:           252           4032  java.lang.ref.ReferenceQueue$Lock
 117:           166           3984  java.util.regex.Pattern$5
 118:           165           3960  java.util.regex.Pattern$1
 119:            98           3920  java.util.WeakHashMap$Entry
 120:           120           3840  java.io.File
 121:           240           3840  java.util.HashSet
 122:            95           3800  javassist.bytecode.FieldInfo
 123:           155           3720  javassist.bytecode.InterfaceMethodrefInfo
 124:            91           3640  java.math.BigInteger
 125:            74           3552  java.lang.invoke.LambdaForm
 126:            79           3536  [Ljava.lang.invoke.LambdaForm$Name;
 127:             9           3456  org.mortbay.thread.QueuedThreadPool$PoolThread
 128:           141           3384  java.lang.Class$AnnotationData
 129:           139           3336  java.util.Collections$UnmodifiableMap$UnmodifiableEntrySet$1
 130:           137           3288  javassist.bytecode.StackMapTable
 131:           204           3264  sun.reflect.DelegatingMethodAccessorImpl
 132:            99           3168  java.util.zip.ZipCoder
 133:           128           3072  org.springframework.util.ConcurrentReferenceHashMap$ReferenceManager
 134:            95           3040  java.util.regex.Pattern$Curly
 135:           126           3024  sun.reflect.annotation.AnnotationInvocationHandler
 136:            46           2944  sun.nio.ch.FileChannelImpl
 137:            61           2928  java.util.TreeMap
 138:           122           2928  sun.reflect.NativeConstructorAccessorImpl
 139:            28           2912  [Ljava.lang.invoke.MethodHandle;
 140:           139           2808  [Ljava.lang.reflect.Type;
 141:            70           2800  java.io.ObjectStreamField
 142:            47           2752  [Lcom.sun.org.apache.xerces.internal.util.SymbolHash$Entry;
 143:            43           2752  java.nio.DirectByteBuffer
 144:            49           2744  java.lang.invoke.MethodTypeForm
 145:            85           2720  javassist.bytecode.ExceptionTableEntry
 146:           112           2688  java.util.concurrent.LinkedBlockingQueue$Node
 147:            23           2576  [Ljava.beans.PropertyDescriptor;
 148:            46           2576  sun.nio.cs.ISO_8859_1$Encoder
 149:           106           2544  sun.reflect.generics.tree.SimpleClassTypeSignature
 150:            78           2496  org.apache.log4j.ProvisionNode
 151:            51           2448  java.nio.HeapCharBuffer
 152:            75           2400  java.lang.IllegalStateException
 153:            75           2400  java.lang.invoke.DirectMethodHandle
 154:            50           2400  sun.nio.cs.StreamEncoder
 155:            53           2384  [J
 156:            99           2376  java.lang.invoke.LambdaForm$NamedFunction
 157:            99           2376  java.util.ArrayDeque
 158:            99           2376  javassist.bytecode.LocalVariableAttribute
 159:            98           2352  java.io.ExpiringCache$Entry
 160:            97           2328  java.util.regex.Pattern$GroupHead
 161:            97           2328  java.util.regex.Pattern$GroupTail
 162:            96           2304  java.util.zip.ZStreamRef
 163:            47           2256  sun.util.locale.LocaleObjectCache$CacheEntry
 164:            93           2232  javassist.bytecode.FieldrefInfo
 165:            46           2208  java.util.Hashtable$Enumerator
 166:            21           2184  [Ljava.text.SimpleDateFormat;
 167:            68           2176  java.lang.StackTraceElement
 168:            68           2176  java.lang.ThreadLocal$ThreadLocalMap$Entry
 169:            34           2176  java.util.regex.Matcher
 170:            90           2160  java.util.regex.Pattern$BitClass
 171:            27           2160  sun.net.www.protocol.jar.URLJarFile
 172:            44           2112  org.springframework.beans.PropertyValue
 173:            26           2080  [Ljava.lang.ThreadLocal$ThreadLocalMap$Entry;
 174:           128           2048  java.lang.Character
 175:           128           2048  sun.reflect.DelegatingConstructorAccessorImpl
 176:            50           2000  sun.reflect.UnsafeQualifiedStaticIntegerFieldAccessorImpl
 177:           106           1976  [Lsun.reflect.generics.tree.TypeArgument;
 178:            35           1960  java.util.ResourceBundle$CacheKey
 179:            61           1952  java.util.TreeMap$EntryIterator
 180:            48           1920  java.io.BufferedWriter
 181:            60           1920  java.io.FileOutputStream
 182:            12           1920  org.springframework.beans.factory.support.RootBeanDefinition
 183:            29           1856  javassist.CtClassType
 184:            33           1848  java.util.concurrent.ConcurrentHashMap$KeyIterator
 185:            77           1848  javassist.bytecode.SignatureAttribute
 186:            33           1848  org.mortbay.io.View
 187:            10           1840  org.mortbay.jetty.Request
 188:            46           1840  sun.misc.Cleaner
 189:            46           1840  sun.nio.ch.FileLockImpl
 190:            76           1824  org.I0Itec.zkclient.ZkClient$3
 191:            76           1824  org.apache.zookeeper.proto.ExistsRequest
 192:           113           1808  java.util.Collections$UnmodifiableMap$UnmodifiableEntrySet
 193:            45           1800  java.security.AccessControlContext
 194:            74           1776  java.util.Collections$UnmodifiableCollection$1
 195:            72           1728  java.util.regex.Pattern$Single
 196:            54           1728  org.apache.zookeeper.ZooKeeper$ExistsWatchRegistration
 197:            54           1728  sun.reflect.UnsafeStaticObjectFieldAccessorImpl
 198:           105           1680  java.util.HashMap$KeySet
 199:            35           1680  java.util.ResourceBundle$BundleReference
 200:            15           1680  sun.nio.ch.SocketChannelImpl
 201:            52           1664  org.apache.zookeeper.ZooKeeper$ChildWatchRegistration
 202:            11           1584  java.text.DecimalFormat
 203:            98           1568  sun.reflect.generics.tree.ClassTypeSignature
 204:             1           1560  [[B
 205:            39           1560  java.security.ProtectionDomain
 206:            97           1552  com.alibaba.dubbo.common.utils.Holder
 207:            32           1536  com.sun.org.apache.xerces.internal.impl.dv.xs.DecimalDV$XDecimal
 208:            48           1536  com.sun.org.apache.xerces.internal.impl.xs.traversers.OneAttr
 209:            47           1504  com.sun.org.apache.xerces.internal.util.SymbolHash
 210:            23           1472  com.alibaba.dubbo.common.extension.ExtensionLoader
 211:            46           1472  java.io.RandomAccessFile
 212:            46           1472  sun.nio.ch.FileKey
 213:            46           1472  sun.nio.ch.SharedFileLockTable$FileLockReference
 214:            61           1464  java.util.Date
 215:            60           1440  java.net.InetSocketAddress$InetSocketAddressHolder
 216:            71           1424  [Lsun.reflect.generics.tree.FieldTypeSignature;
 217:            22           1408  javassist.bytecode.ClassFile
 218:            22           1408  org.springframework.core.MethodParameter
 219:            29           1392  org.springframework.core.ResolvableType
 220:            34           1360  sun.reflect.generics.repository.MethodRepository
 221:            40           1344  [Ljava.security.ProtectionDomain;
 222:            42           1344  java.security.CodeSource
 223:            33           1320  java.util.ArrayList$SubList
 224:            33           1320  java.util.ArrayList$SubList$1
 225:            41           1312  java.lang.StringCoding$StringDecoder
 226:            40           1280  java.net.InetAddress$InetAddressHolder
 227:            41           1264  [Lcom.sun.org.apache.xerces.internal.impl.xs.traversers.OneAttr;
 228:            39           1248  java.nio.DirectByteBuffer$Deallocator
 229:            26           1248  java.util.Hashtable
 230:            52           1248  org.I0Itec.zkclient.ZkClient$2
 231:             3           1248  org.apache.zookeeper.ClientCnxn$SendThread
 232:            52           1248  org.apache.zookeeper.proto.GetChildrenRequest
 233:            76           1216  org.apache.zookeeper.proto.SetDataResponse
 234:            50           1200  java.io.OutputStreamWriter
 235:             3           1200  org.apache.zookeeper.ClientCnxn$EventThread
 236:            38           1184  [Ljava.math.BigInteger;
 237:            21           1176  [Ljava.util.regex.Pattern$GroupHead;
 238:            49           1176  java.util.regex.Pattern$Start
 239:            48           1152  com.alibaba.dubbo.registry.support.AbstractRegistry$SaveProperties
 240:            24           1152  org.apache.zookeeper.KeeperException$NodeExistsException
 241:            24           1152  org.springframework.util.ConcurrentReferenceHashMap$SoftEntryReference
 242:            48           1152  sun.security.action.GetPropertyAction
 243:            10           1120  java.util.GregorianCalendar
 244:            35           1120  java.util.ResourceBundle$LoaderReference
 245:            20           1120  org.mortbay.io.View$CaseInsensitive
 246:            10           1120  org.mortbay.jetty.HttpParser
 247:            14           1120  sun.nio.ch.KQueueSelectorImpl
 248:            23           1104  java.beans.BeanDescriptor
 249:            46           1104  java.util.concurrent.CopyOnWriteArrayList$COWIterator
 250:            23           1104  org.mortbay.jetty.HttpFields$Field
 251:            46           1104  sun.nio.ch.NativeThreadSet
 252:            46           1104  sun.nio.ch.SharedFileLockTable
 253:            46           1104  sun.nio.cs.Surrogate$Parser
 254:            34           1088  sun.reflect.generics.tree.MethodTypeSignature
 255:             2           1072  [Ljava.lang.Runnable;
 256:             2           1064  [Ljava.lang.Integer;
 257:            22           1056  [[Ljavassist.bytecode.ConstInfo;
 258:            33           1056  java.util.Vector
 259:             1           1040  [Ljava.lang.Byte;
 260:             1           1040  [Ljava.lang.Long;
 261:             1           1040  [Ljava.lang.Short;
 262:            10           1040  org.mortbay.jetty.HttpConnection
 263:            43           1032  sun.reflect.generics.factory.CoreReflectionFactory
 264:            64           1024  com.alibaba.dubbo.common.logger.log4j.Log4jLogger
 265:            64           1024  com.alibaba.dubbo.common.logger.support.FailsafeLogger
 266:            42           1008  sun.nio.ch.SocketOptionRegistry$RegistryKey
 267:            31            992  java.io.FileInputStream
 268:            61            976  java.util.TreeMap$EntrySet
 269:            40            960  java.net.Inet4Address
 270:            60            960  java.net.InetSocketAddress
 271:            15            960  java.text.DateFormatSymbols
 272:            10            960  org.mortbay.jetty.HttpGenerator
 273:            29            928  java.io.CharArrayWriter
 274:            23            920  java.beans.GenericBeanInfo
 275:            38            912  java.util.concurrent.locks.AbstractQueuedSynchronizer$ConditionObject
 276:            38            912  java.util.regex.Pattern$Slice
 277:            14            896  java.text.DecimalFormatSymbols
 278:            28            896  org.I0Itec.zkclient.ZkClient$7
 279:            37            888  java.lang.ProcessEnvironment$Value
 280:            37            888  java.lang.ProcessEnvironment$Variable
 281:            22            880  org.springframework.core.convert.Property
 282:            22            880  sun.util.locale.BaseLocale$Key
 283:            36            864  com.sun.org.apache.xerces.internal.impl.xs.traversers.SmallContainer
 284:            36            864  java.lang.RuntimePermission
 285:            27            864  java.security.Permissions
 286:            54            864  java.util.concurrent.locks.ReentrantLock
 287:            35            840  javassist.bytecode.ConstantAttribute
 288:            35            840  javassist.bytecode.LocalVariableTypeAttribute
 289:            26            832  java.io.FilePermission
 290:            52            832  java.util.Collections$UnmodifiableCollection
 291:            26            832  org.I0Itec.zkclient.ZkClient$1
 292:            52            832  org.apache.jute.BinaryInputArchive$BinaryIndex
 293:            26            832  org.apache.zookeeper.proto.CreateRequest
 294:            52            832  org.apache.zookeeper.proto.GetChildrenResponse
 295:            13            832  org.mortbay.io.nio.IndirectNIOBuffer
 296:            34            816  java.util.regex.Pattern$Ctype
 297:            34            816  sun.reflect.generics.reflectiveObjects.ParameterizedTypeImpl
 298:            34            816  sun.reflect.generics.scope.MethodScope
 299:            25            800  java.security.BasicPermissionCollection
 300:            25            800  java.util.LinkedList$ListItr
 301:            20            800  org.mortbay.jetty.HttpFields
 302:            49            784  java.util.LinkedHashMap$LinkedKeySet
 303:            44            776  [Lsun.reflect.generics.tree.FormalTypeParameter;
 304:            24            768  org.I0Itec.zkclient.exception.ZkNodeExistsException
 305:            32            768  org.apache.commons.logging.impl.Log4JLogger
 306:            43            760  [Ljava.lang.reflect.TypeVariable;
 307:            19            760  sun.nio.cs.ISO_8859_1$Decoder
 308:            47            752  java.io.FileOutputStream$1
 309:            10            736  [Ljava.lang.StackTraceElement;
 310:            46            736  java.io.RandomAccessFile$1
 311:            23            736  java.util.regex.Pattern$Branch
 312:            46            736  sun.nio.ch.FileDispatcherImpl
 313:            13            728  sun.util.calendar.ZoneInfo
 314:            18            720  java.util.HashMap$ValueIterator
 315:            15            720  java.util.concurrent.ThreadPoolExecutor$Worker
 316:            22            704  java.util.Locale
 317:            22            704  javassist.bytecode.ConstPool
 318:            22            704  org.mortbay.jetty.servlet.ServletHandler$CachedChain
 319:            22            704  sun.util.locale.BaseLocale
 320:            29            696  java.util.concurrent.ConcurrentHashMap$KeySetView
 321:            43            688  java.util.concurrent.atomic.AtomicInteger
 322:            17            680  sun.nio.ch.SelectionKeyImpl
 323:            28            672  java.util.jar.Manifest
 324:            21            672  sun.nio.ch.AllocatedNativeObject
 325:            34            664  [Lsun.reflect.generics.tree.TypeSignature;
 326:             9            648  sun.reflect.DelegatingClassLoader
 327:             5            640  [D
 328:             8            640  [Lorg.springframework.util.ConcurrentReferenceHashMap$Segment;
 329:            40            640  com.sun.proxy.$Proxy4
 330:            20            640  java.util.concurrent.CountDownLatch$Sync
 331:             8            640  java.util.concurrent.ThreadPoolExecutor
 332:            16            640  org.jboss.netty.util.internal.ConcurrentHashMap$Segment
 333:            10            640  org.mortbay.jetty.HttpURI
 334:            10            640  org.mortbay.jetty.nio.SelectChannelConnector$ConnectorEndPoint
 335:            19            632  [Ljava.io.ObjectStreamField;
 336:             3            624  [Ljava.lang.invoke.LambdaForm;
 337:            39            624  [Ljava.security.Principal;
 338:            23            624  [Ljava.util.regex.Pattern$Node;
 339:            26            624  java.io.FilePermissionCollection
 340:            26            624  java.lang.ThreadLocal$ThreadLocalMap
 341:            39            624  java.security.ProtectionDomain$Key
 342:            26            624  javassist.bytecode.ExceptionsAttribute
 343:            13            624  sun.util.locale.provider.LocaleResources$ResourceReference
 344:            15            600  sun.nio.ch.SocketAdaptor
 345:             9            576  java.text.SimpleDateFormat
 346:            36            576  java.util.Collections$UnmodifiableSet
 347:            24            576  org.I0Itec.zkclient.ZkClient$12
 348:             9            576  org.jboss.netty.channel.socket.nio.NioWorker
 349:            24            576  org.springframework.util.ConcurrentReferenceHashMap$Entry
 350:            14            560  java.util.regex.Pattern$Loop
 351:            10            560  org.mortbay.jetty.Response
 352:            10            560  sun.invoke.util.Wrapper
 353:            14            560  sun.nio.ch.KQueueArrayWrapper
 354:            23            552  java.util.Collections$UnmodifiableRandomAccessList
 355:            17            544  [Ljava.nio.channels.SelectionKey;
 356:            17            544  com.alibaba.dubbo.container.page.Page
 357:            17            544  java.io.FileNotFoundException
 358:            17            544  org.mortbay.jetty.HttpFields$2
 359:             1            528  [Ljava.lang.Character;
 360:            22            528  java.util.Arrays$ArrayList
 361:            22            528  java.util.Locale$LocaleKey
 362:            33            528  java.util.concurrent.atomic.AtomicBoolean
 363:            22            528  javassist.bytecode.LongVector
 364:            22            528  javassist.bytecode.SourceFileAttribute
 365:            22            528  org.apache.zookeeper.KeeperException$Code
 366:            22            528  org.springframework.beans.AbstractNestablePropertyAccessor$PropertyTokenHolder
 367:            13            520  java.lang.invoke.MethodHandleImpl$IntrinsicMethodHandle
 368:            31            496  java.util.LinkedHashSet
 369:            26            488  [Ljava.lang.annotation.Annotation;
 370:            30            480  com.alibaba.dubbo.common.utils.ConcurrentHashSet
 371:             3            480  com.sun.org.apache.xerces.internal.impl.xs.SchemaGrammar$BuiltinSchemaGrammar
 372:            10            480  org.mortbay.io.nio.SelectChannelEndPoint$IdleTask
 373:            10            480  org.mortbay.util.StringMap
 374:            29            464  java.util.jar.Attributes
 375:             6            456  [Lsun.invoke.util.Wrapper;
 376:            11            440  java.text.DigitList
 377:            18            432  java.text.DateFormat$Field
 378:            18            432  java.util.Collections$SynchronizedSet
 379:             9            432  java.util.Properties
 380:             9            432  javassist.CtPrimitiveType
 381:            18            432  org.apache.zookeeper.ClientCnxn$WatcherSetEventPair
 382:            18            432  org.apache.zookeeper.WatchedEvent
 383:             6            432  org.mortbay.io.nio.DirectNIOBuffer
 384:            18            432  org.springframework.core.convert.TypeDescriptor
 385:            18            432  org.springframework.core.convert.TypeDescriptor$AnnotatedElementAdapter
 386:            13            416  com.alibaba.dubbo.common.utils.NamedThreadFactory
 387:             4            416  com.sun.org.apache.xerces.internal.impl.dv.xs.AbstractDateTimeDV$DateTimeData
 388:            13            416  java.lang.invoke.SimpleMethodHandle
 389:            26            416  org.apache.zookeeper.proto.CreateResponse
 390:            13            416  sun.reflect.generics.reflectiveObjects.WildcardTypeImpl
 391:            17            408  java.util.concurrent.atomic.AtomicLong
 392:            17            408  java.util.regex.Pattern$TreeInfo
 393:            17            408  sun.nio.ch.KQueueSelectorImpl$MapEntry
 394:             5            400  [Ljava.util.concurrent.RunnableScheduledFuture;
 395:            10            400  com.sun.org.apache.xerces.internal.impl.xpath.regex.RangeToken
 396:            10            400  java.lang.invoke.DirectMethodHandle$Accessor
 397:             5            400  java.util.concurrent.ScheduledThreadPoolExecutor
 398:             7            392  java.lang.invoke.LambdaFormEditor$Transform
 399:            16            384  [Lorg.jboss.netty.util.internal.ConcurrentHashMap$HashEntry;
 400:            16            384  com.alibaba.dubbo.rpc.protocol.ProtocolFilterWrapper$1
 401:             1            384  java.lang.ref.Finalizer$FinalizerThread
 402:             8            384  java.util.concurrent.LinkedBlockingQueue
 403:             1            384  org.I0Itec.zkclient.ZkEventThread
 404:             1            384  org.mortbay.jetty.Server$ShutdownHookThread
 405:            16            384  sun.misc.MetaIndex
 406:            16            384  sun.nio.ch.OptionKey
 407:             1            376  java.lang.ref.Reference$ReferenceHandler
 408:            23            368  com.sun.proxy.$Proxy1
 409:            23            368  java.util.regex.Pattern$BranchConn
 410:             9            360  com.sun.org.apache.xerces.internal.utils.XMLSecurityManager$Limit
 411:            15            360  java.util.concurrent.CopyOnWriteArrayList
 412:            15            360  java.util.regex.Pattern$Prolog
 413:            11            352  java.lang.StringCoding$StringEncoder
 414:            14            336  java.lang.invoke.LambdaFormEditor$Transform$Kind
 415:             6            336  java.nio.DirectLongBufferU
 416:            14            336  org.springframework.beans.MutablePropertyValues
 417:            14            336  org.springframework.beans.factory.config.ConstructorArgumentValues
 418:            14            336  org.springframework.beans.factory.support.MethodOverrides
 419:            10            320  java.lang.OutOfMemoryError
 420:            20            320  java.util.concurrent.CountDownLatch
 421:             4            320  java.util.zip.ZipEntry
 422:            10            320  org.mortbay.util.Utf8StringBuffer
 423:             8            320  org.springframework.util.ConcurrentReferenceHashMap
 424:            10            320  sun.reflect.generics.reflectiveObjects.TypeVariableImpl
 425:            10            320  sun.reflect.generics.repository.ClassRepository
 426:             6            312  [Lcom.sun.org.apache.xerces.internal.impl.xs.util.SimpleLocator;
 427:            13            312  org.apache.log4j.Level
 428:             3            312  org.apache.zookeeper.ClientCnxn
 429:            13            312  sun.reflect.generics.tree.Wildcard
 430:             8            288  [Ljava.lang.Boolean;
 431:            12            288  com.sun.org.apache.xerces.internal.impl.xpath.regex.Token$CharToken
 432:            18            288  com.sun.proxy.$Proxy2
 433:            18            288  com.sun.proxy.$Proxy5
 434:            18            288  com.sun.proxy.$Proxy7
 435:            12            288  java.lang.invoke.Invokers
 436:             9            288  java.lang.reflect.WeakCache$CacheValue
 437:             9            288  jdk.internal.org.objectweb.asm.Type
 438:             4            288  org.apache.log4j.spi.LoggingEvent
 439:            12            288  org.apache.zookeeper.proto.WatcherEvent
 440:             9            288  org.jboss.netty.channel.socket.nio.SocketReceiveBufferAllocator
 441:             6            288  sun.nio.ch.IOVecWrapper
 442:            12            288  sun.reflect.generics.scope.ClassScope
 443:             1            280  com.alibaba.dubbo.config.ProviderConfig
 444:             7            280  java.lang.ClassNotFoundException
 445:            11            264  java.net.StandardSocketOptions$StdSocketOption
 446:            11            264  java.util.concurrent.ConcurrentLinkedQueue$Node
 447:            11            264  javassist.bytecode.InnerClassesAttribute
 448:             3            264  org.apache.zookeeper.ClientCnxnSocketNIO
 449:             4            256  [Lcom.sun.org.apache.xerces.internal.impl.xs.XSElementDecl;
 450:             8            256  [[Lorg.mortbay.io.Buffer;
 451:            16            256  java.nio.channels.spi.AbstractInterruptibleChannel$1
 452:             4            256  org.mortbay.jetty.servlet.ServletHandler$MruCache
 453:             8            256  sun.misc.ProxyGenerator$PrimitiveTypeInfo
 454:             8            248  [Ljava.lang.invoke.LambdaForm$BasicType;
 455:             3            240  [Lcom.sun.org.apache.xerces.internal.impl.xs.XSComplexTypeDecl;
 456:             6            240  [Ljava.lang.invoke.BoundMethodHandle$SpeciesData;
 457:            10            240  [Ljava.net.InetAddress;
 458:             1            240  com.alibaba.dubbo.config.spring.ServiceBean
 459:            10            240  com.sun.org.apache.xerces.internal.impl.XMLScanner$NameType
 460:            10            240  java.net.URLClassLoader$1
 461:             6            240  java.util.PropertyResourceBundle
 462:            10            240  java.util.concurrent.ConcurrentLinkedQueue
 463:            10            240  javassist.bytecode.LongInfo
 464:            10            240  org.jboss.netty.util.ThreadRenamingRunnable
 465:            10            240  org.jboss.netty.util.internal.DeadLockProofWorker$1
 466:            10            240  org.mortbay.jetty.HttpConnection$RequestHandler
 467:             1            240  org.mortbay.jetty.nio.SelectChannelConnector
 468:            15            240  org.springframework.expression.common.LiteralExpression
 469:            10            240  sun.nio.ch.Util$BufferCache
 470:            10            240  sun.reflect.generics.tree.ClassSignature
 471:            10            240  sun.reflect.generics.tree.FormalTypeParameter
 472:            10            232  [Lsun.reflect.generics.tree.ClassTypeSignature;
 473:             1            224  com.alibaba.dubbo.config.spring.ReferenceBean
 474:            14            224  java.lang.Float
 475:             7            224  java.lang.reflect.Proxy$Key1
 476:             2            224  java.net.SocksSocketImpl
 477:            14            224  java.nio.channels.spi.AbstractSelector$1
 478:             7            224  java.util.Random
 479:             7            224  java.util.regex.Pattern$BnM
 480:             7            224  org.apache.log4j.helpers.PatternParser$LiteralPatternConverter
 481:            14            224  sun.nio.ch.Util$3
 482:             7            224  sun.reflect.annotation.AnnotationType
 483:             9            216  [Ljava.net.InetSocketAddress;
 484:             3            216  java.util.concurrent.ScheduledThreadPoolExecutor$ScheduledFutureTask
 485:             9            216  org.jboss.netty.channel.socket.nio.SocketSendBufferPool
 486:             9            216  org.jboss.netty.channel.socket.nio.SocketSendBufferPool$Preallocation
 487:             9            216  org.slf4j.impl.Log4jLoggerAdapter
 488:             7            208  [Ljava.lang.invoke.LambdaForm$NamedFunction;
 489:             2            208  [Lorg.apache.zookeeper.KeeperException$Code;
 490:            13            208  java.util.concurrent.CopyOnWriteArraySet
 491:            13            208  javassist.bytecode.ConstInfoPadding
 492:             1            208  org.springframework.beans.factory.support.DefaultListableBeanFactory
 493:             2            208  org.springframework.beans.factory.support.GenericBeanDefinition
 494:             3            200  [Ljava.lang.Thread;
 495:             2            200  [Ljava.text.DateFormat$Field;
 496:             5            200  com.alibaba.dubbo.config.model.ConsumerMethodModel
 497:             5            200  java.lang.invoke.BoundMethodHandle$SpeciesData
 498:            12            192  com.alibaba.dubbo.remoting.transport.netty.NettyHelper$DubboLogger
 499:             8            192  com.alibaba.dubbo.remoting.zookeeper.zkclient.ZkclientZookeeperClient$2
 500:             6            192  com.sun.org.apache.xerces.internal.impl.xpath.regex.Token$ClosureToken
 501:             4            192  com.sun.org.apache.xerces.internal.impl.xs.SchemaGrammar$BuiltinAttrDecl
 502:             6            192  java.lang.invoke.LambdaForm$BasicType
 503:             8            192  java.lang.invoke.MethodHandleImpl$Intrinsic
 504:             8            192  java.math.RoundingMode
 505:             6            192  java.util.concurrent.SynchronousQueue
 506:             8            192  java.util.regex.Pattern$CharProperty$1
 507:             8            192  javassist.bytecode.IntegerInfo
 508:             8            192  jdk.net.SocketFlow$Status
 509:             6            192  org.I0Itec.zkclient.ZkClient$5
 510:             8            192  org.apache.zookeeper.Watcher$Event$KeeperState
 511:             6            192  org.mortbay.jetty.EofException
 512:             2            192  sun.nio.ch.ServerSocketChannelImpl
 513:             1            176  com.alibaba.dubbo.config.ConsumerConfig
 514:            11            176  com.sun.org.apache.xerces.internal.impl.xs.util.XInt
 515:            11            176  java.text.NumberFormat$Field
 516:            11            176  java.util.HashMap$Values
 517:            11            176  java.util.LinkedHashMap$LinkedValues
 518:             2            176  java.util.jar.JarVerifier
 519:             2            168  [[Ljava.lang.String;
 520:             1            168  [[Ljava.math.BigInteger;
 521:             3            168  com.sun.org.apache.xerces.internal.impl.xs.XSDDescription
 522:             7            168  com.sun.org.apache.xerces.internal.util.FeatureState
 523:             7            168  java.net.NetPermission
 524:             3            168  java.util.Calendar$Builder
 525:             7            168  org.apache.zookeeper.ZooKeeper$States
 526:             4            160  java.lang.ClassLoader$NativeLibrary
 527:            10            160  java.lang.ThreadLocal
 528:             5            160  java.lang.Throwable
 529:            10            160  java.util.Formatter$Flags
 530:             4            160  java.util.IdentityHashMap
 531:             5            160  java.util.concurrent.ScheduledThreadPoolExecutor$DelayedWorkQueue
 532:             5            160  org.apache.log4j.spi.LocationInfo
 533:             5            160  org.apache.zookeeper.client.ZooKeeperSaslClient
 534:             4            160  org.apache.zookeeper.proto.ConnectRequest
 535:             4            160  sun.reflect.UnsafeQualifiedStaticObjectFieldAccessorImpl
 536:             5            160  sun.util.locale.provider.LocaleProviderAdapter$Type
 537:             6            144  com.sun.org.apache.xerces.internal.util.Status
 538:             9            144  com.sun.proxy.$Proxy8
 539:             6            144  java.util.Collections$SetFromMap
 540:             9            144  java.util.concurrent.ConcurrentHashMap$ValuesView
 541:             6            144  sun.misc.PerfCounter
 542:             3            144  sun.misc.URLClassPath
 543:             1            144  sun.reflect.MethodAccessorGenerator
 544:             6            144  sun.security.util.DisabledAlgorithmConstraints$Constraint$Operator
 545:             1            136  [Lcom.sun.org.apache.xerces.internal.impl.dv.xs.TypeValidator;
 546:             1            136  org.mortbay.thread.QueuedThreadPool
 547:             1            128  com.alibaba.dubbo.config.ProtocolConfig
 548:             2            128  com.sun.org.apache.xerces.internal.impl.xpath.regex.RegularExpression
 549:             2            128  java.io.ExpiringCache$1
 550:             4            128  java.lang.invoke.BoundMethodHandle$Species_L
 551:             4            128  java.util.Stack
 552:             8            128  java.util.concurrent.ConcurrentHashMap$EntrySetView
 553:             4            128  org.apache.zookeeper.CreateMode
 554:             4            128  org.apache.zookeeper.proto.ConnectResponse
 555:             8            128  org.mortbay.jetty.AbstractBuffers$ThreadBuffers
 556:             1            128  org.springframework.context.support.ClassPathXmlApplicationContext
 557:             4            128  sun.misc.URLClassPath$JarLoader$2
 558:             4            128  sun.reflect.ClassFileAssembler
 559:             5            120  [Lorg.springframework.core.ResolvableType;
 560:             5            120  com.sun.org.apache.xerces.internal.impl.xs.traversers.LargeContainer
 561:             5            120  com.sun.org.apache.xerces.internal.util.PropertyState
 562:             5            120  com.sun.org.apache.xerces.internal.utils.XMLSecurityManager$State
 563:             5            120  com.sun.org.apache.xerces.internal.utils.XMLSecurityPropertyManager$State
 564:             5            120  java.lang.Class$MethodArray
 565:             3            120  java.lang.invoke.BoundMethodHandle$Species_LL
 566:             5            120  java.util.regex.Pattern$Dollar
 567:             5            120  javassist.bytecode.stackmap.TypeData$BasicType
 568:             1            120  org.apache.log4j.RollingCalendar
 569:             5            120  org.apache.zookeeper.Watcher$Event$EventType
 570:             1            120  org.mortbay.jetty.servlet.ServletHolder
 571:             5            120  sun.misc.FloatingDecimal$PreparedASCIIToBinaryBuffer
 572:             2            112  [Ljava.lang.invoke.MethodType;
 573:             7            112  java.util.LinkedHashMap$LinkedEntrySet
 574:             7            112  java.util.regex.Pattern$Dot
 575:             2            112  org.mortbay.jetty.HttpConnection$Output
 576:             1            112  org.mortbay.jetty.servlet.ServletHandler
 577:             7            112  sun.nio.ch.IOVecWrapper$Deallocator
 578:             1            104  com.alibaba.dubbo.config.RegistryConfig
 579:             1            104  com.alibaba.dubbo.registry.zookeeper.ZookeeperRegistry
 580:             1            104  org.mortbay.io.nio.SelectorManager$SelectSet
 581:             1             96  [Lcom.sun.org.apache.xerces.internal.impl.xpath.regex.RegularExpression;
 582:             2             96  [Lorg.apache.zookeeper.ZooKeeper$States;
 583:             4             96  com.alibaba.dubbo.registry.zookeeper.ZookeeperRegistry$3
 584:             3             96  com.alibaba.dubbo.rpc.proxy.javassist.JavassistProxyFactory$1
 585:             4             96  com.sun.org.apache.xerces.internal.impl.xpath.regex.Token$ParenToken
 586:             4             96  com.sun.org.apache.xerces.internal.impl.xpath.regex.Token$UnionToken
 587:             3             96  com.sun.org.apache.xerces.internal.utils.XMLSecurityManager$NameMap
 588:             6             96  java.io.FileInputStream$1
 589:             2             96  java.lang.ThreadGroup
 590:             4             96  java.net.InetAddress$CacheEntry
 591:             6             96  java.util.concurrent.SynchronousQueue$TransferStack
 592:             4             96  java.util.regex.Pattern$7
 593:             4             96  javassist.CtArray
 594:             1             96  org.apache.log4j.DailyRollingFileAppender
 595:             3             96  org.apache.log4j.helpers.PatternParser$BasicPatternConverter
 596:             3             96  org.apache.zookeeper.ZooKeeper$ZKWatchManager
 597:             4             96  org.apache.zookeeper.client.ZooKeeperSaslClient$SaslState
 598:             6             96  org.apache.zookeeper.server.ZooKeeperThread$1
 599:             4             96  org.jboss.netty.channel.ChannelState
 600:             4             96  org.mortbay.io.BufferCache
 601:             2             96  org.mortbay.jetty.HttpConnection$1
 602:             1             96  org.mortbay.jetty.Server
 603:             2             96  org.mortbay.thread.Timeout$Task
 604:             3             96  org.springframework.context.event.AbstractApplicationEventMulticaster$ListenerRetriever
 605:             4             96  org.springframework.util.ConcurrentReferenceHashMap$TaskOption
 606:             3             96  org.springframework.util.PropertyPlaceholderHelper
 607:             4             96  sun.misc.JarIndex
 608:             1             96  sun.misc.Launcher$AppClassLoader
 609:             6             96  sun.reflect.BootstrapConstructorAccessorImpl
 610:             4             96  sun.reflect.ByteVectorImpl
 611:             6             96  sun.reflect.generics.tree.TypeVariableSignature
 612:             3             96  sun.util.locale.provider.LocaleResources
 613:             3             96  sun.util.locale.provider.LocaleServiceProviderPool
 614:             1             88  org.mortbay.io.BufferDateCache
 615:             1             88  org.mortbay.jetty.nio.SelectChannelConnector$1
 616:             1             88  sun.misc.Launcher$ExtClassLoader
 617:             2             80  [F
 618:             1             80  [Lorg.jboss.netty.util.internal.ConcurrentHashMap$Segment;
 619:             2             80  java.io.ExpiringCache
 620:             2             80  java.io.PrintWriter
 621:             2             80  java.lang.invoke.MethodHandleImpl$AsVarargsCollector
 622:             2             80  java.util.Locale$Category
 623:             2             80  org.apache.log4j.helpers.PatternParser$LocationPatternConverter
 624:             2             80  org.mortbay.jetty.HttpConnection$OutputWriter
 625:             1             80  org.mortbay.jetty.servlet.FilterHolder
 626:             1             80  org.mortbay.jetty.servlet.PathMap
 627:             2             80  org.mortbay.thread.Timeout
 628:             1             80  org.springframework.beans.factory.config.PropertyPlaceholderConfigurer
 629:             2             80  org.springframework.beans.factory.support.DisposableBeanAdapter
 630:             2             80  sun.misc.FloatingDecimal$BinaryToASCIIBuffer
 631:             3             72  [Lcom.sun.org.apache.xerces.internal.impl.xs.XSGroupDecl;
 632:             1             72  [Ljava.lang.invoke.LambdaFormEditor$Transform$Kind;
 633:             1             72  com.alibaba.dubbo.config.ApplicationConfig
 634:             1             72  com.alibaba.dubbo.remoting.transport.netty.NettyServer
 635:             1             72  com.alibaba.dubbo.rpc.StaticContext
 636:             3             72  java.lang.annotation.RetentionPolicy
 637:             3             72  java.security.SecurityPermission
 638:             1             72  java.util.ResourceBundle$RBClassLoader
 639:             3             72  java.util.concurrent.Executors$RunnableAdapter
 640:             3             72  java.util.concurrent.atomic.AtomicMarkableReference$Pair
 641:             3             72  java.util.regex.Pattern$Ques
 642:             3             72  javassist.bytecode.AnnotationsAttribute
 643:             3             72  javassist.bytecode.DeprecatedAttribute
 644:             3             72  javassist.bytecode.DoubleInfo
 645:             3             72  javassist.bytecode.MethodHandleInfo
 646:             3             72  org.apache.zookeeper.ZooKeeper
 647:             3             72  org.apache.zookeeper.client.StaticHostProvider
 648:             3             72  org.apache.zookeeper.data.ACL
 649:             1             72  org.jboss.netty.channel.socket.nio.NioServerSocketChannel
 650:             3             72  org.springframework.expression.spel.SpelCompilerMode
 651:             3             72  sun.misc.FloatingDecimal$ExceptionalBinaryToASCIIBuffer
 652:             3             72  sun.misc.Signal
 653:             3             72  sun.reflect.Label$PatchInfo
 654:             1             72  sun.util.locale.provider.JRELocaleProviderAdapter
 655:             3             72  sun.util.resources.ParallelListResourceBundle$KeySet
 656:             2             64  [Ljava.lang.annotation.RetentionPolicy;
 657:             2             64  [Ljava.lang.ref.WeakReference;
 658:             2             64  [Lorg.springframework.util.ConcurrentReferenceHashMap$TaskOption;
 659:             1             64  com.alibaba.dubbo.common.utils.LRUCache
 660:             2             64  com.alibaba.dubbo.config.model.ProviderMethodModel
 661:             1             64  com.sun.org.apache.xerces.internal.impl.xs.SchemaGrammar$XSAnyType
 662:             2             64  com.sun.org.apache.xerces.internal.utils.XMLSecurityPropertyManager$Property
 663:             2             64  java.io.PrintStream
 664:             2             64  java.lang.ClassValue$Entry
 665:             2             64  java.lang.VirtualMachineError
 666:             2             64  java.lang.ref.ReferenceQueue$Null
 667:             2             64  java.util.LinkedHashMap$LinkedKeyIterator
 668:             2             64  java.util.concurrent.atomic.AtomicReferenceFieldUpdater$AtomicReferenceFieldUpdaterImpl
 669:             2             64  org.apache.log4j.helpers.QuietWriter
 670:             2             64  org.apache.zookeeper.ClientCnxn$SessionExpiredException
 671:             2             64  org.apache.zookeeper.ClientCnxn$SessionTimeoutException
 672:             2             64  org.apache.zookeeper.proto.SetWatches
 673:             2             64  org.springframework.beans.factory.config.TypedStringValue
 674:             4             64  sun.net.www.ParseUtil
 675:             4             64  sun.net.www.protocol.jar.Handler
 676:             2             64  sun.nio.ch.ServerSocketAdaptor
 677:             1             56  [Lcom.sun.org.apache.xerces.internal.impl.XMLScanner$NameType;
 678:             1             56  [Lcom.sun.org.apache.xerces.internal.impl.dv.XSSimpleType;
 679:             1             56  [Lcom.sun.org.apache.xerces.internal.impl.xs.util.XInt;
 680:             1             56  [Lcom.sun.org.apache.xerces.internal.utils.XMLSecurityManager$Limit;
 681:             1             56  [Ljava.text.Format;
 682:             1             56  [Ljavassist.CtClass;
 683:             1             56  [Lorg.jboss.netty.channel.socket.nio.AbstractNioWorker;
 684:             1             56  [Lorg.mortbay.jetty.servlet.ServletHandler$MruCache;
 685:             1             56  [[I
 686:             1             56  java.net.SocketPermission
 687:             1             56  org.I0Itec.zkclient.ZkClient
 688:             1             56  org.apache.commons.logging.impl.WeakHashtable
 689:             1             56  org.jboss.netty.channel.socket.nio.NioServerBoss
 690:             1             56  org.springframework.core.env.PropertySourcesPropertyResolver
 691:             1             56  org.springframework.expression.spel.support.StandardEvaluationContext
 692:             1             48  [Lcom.sun.beans.util.Cache$CacheEntry;
 693:             1             48  [Ljava.beans.WeakIdentityMap$Entry;
 694:             1             48  [Ljava.lang.invoke.MethodHandleImpl$Intrinsic;
 695:             1             48  [Ljava.math.RoundingMode;
 696:             1             48  [Ljava.util.concurrent.TimeUnit;
 697:             1             48  [Ljdk.net.SocketFlow$Status;
 698:             1             48  [Lorg.apache.zookeeper.Watcher$Event$KeeperState;
 699:             1             48  com.alibaba.dubbo.monitor.simple.RegistryContainer
 700:             2             48  com.alibaba.dubbo.rpc.listener.ListenerExporterWrapper
 701:             3             48  com.alibaba.dubbo.rpc.protocol.ProtocolFilterWrapper
 702:             3             48  com.alibaba.dubbo.rpc.protocol.ProtocolListenerWrapper
 703:             1             48  com.alibaba.dubbo.rpc.protocol.dubbo.DubboProtocol
 704:             3             48  com.sun.org.apache.xerces.internal.impl.dv.dtd.ListDatatypeValidator
 705:             1             48  com.sun.org.apache.xerces.internal.util.URI
 706:             2             48  java.io.BufferedOutputStream
 707:             2             48  java.io.File$PathStatus
 708:             1             48  java.lang.invoke.BoundMethodHandle$Species_L4
 709:             2             48  java.lang.invoke.MethodHandles$Lookup
 710:             2             48  java.lang.reflect.Proxy$KeyX
 711:             2             48  java.lang.reflect.ReflectPermission
 712:             2             48  java.net.InetAddress$Cache
 713:             2             48  java.net.InetAddress$Cache$Type
 714:             2             48  java.net.StandardProtocolFamily
 715:             2             48  java.nio.charset.CoderResult
 716:             3             48  java.nio.charset.CodingErrorAction
 717:             3             48  java.text.AttributedCharacterIterator$Attribute
 718:             2             48  java.util.BitSet
 719:             2             48  java.util.Currency
 720:             3             48  java.util.concurrent.atomic.AtomicMarkableReference
 721:             3             48  java.util.regex.Pattern$Begin
 722:             2             48  java.util.regex.Pattern$SliceI
 723:             2             48  javassist.ClassPathList
 724:             2             48  javassist.bytecode.InvokeDynamicInfo
 725:             2             48  javassist.bytecode.MethodTypeInfo
 726:             1             48  javassist.compiler.KeywordTable
 727:             2             48  org.I0Itec.zkclient.ZkClient$4
 728:             1             48  org.apache.commons.logging.impl.LogFactoryImpl
 729:             1             48  org.apache.log4j.Hierarchy
 730:             1             48  org.apache.log4j.helpers.PatternParser
 731:             2             48  org.apache.zookeeper.client.ConnectStringParser
 732:             2             48  org.apache.zookeeper.data.Id
 733:             1             48  org.jboss.netty.channel.AbstractChannel$ChannelCloseFuture
 734:             1             48  org.jboss.netty.util.internal.ConcurrentHashMap
 735:             3             48  org.mortbay.thread.QueuedThreadPool$Lock
 736:             2             48  org.mortbay.util.ByteArrayOutputStream2
 737:             1             48  org.mortbay.util.MultiMap
 738:             2             48  org.springframework.beans.factory.config.BeanExpressionContext
 739:             2             48  org.springframework.context.event.AbstractApplicationEventMulticaster$ListenerCacheKey
 740:             2             48  org.springframework.core.Constants
 741:             2             48  org.springframework.expression.TypedValue
 742:             2             48  org.springframework.util.ConcurrentReferenceHashMap$ReferenceType
 743:             2             48  org.springframework.util.ConcurrentReferenceHashMap$Restructure
 744:             2             48  sun.misc.NativeSignalHandler
 745:             2             48  sun.misc.URLClassPath$FileLoader
 746:             2             48  sun.security.util.DisabledAlgorithmConstraints$DisabledConstraint
 747:             1             48  sun.text.resources.FormatData
 748:             1             48  sun.text.resources.en.FormatData_en
 749:             1             48  sun.text.resources.en.FormatData_en_US
 750:             1             48  sun.util.resources.CalendarData
 751:             1             48  sun.util.resources.CurrencyNames
 752:             1             48  sun.util.resources.TimeZoneNames
 753:             1             48  sun.util.resources.en.CalendarData_en
 754:             1             48  sun.util.resources.en.CurrencyNames_en_US
 755:             1             48  sun.util.resources.en.TimeZoneNames_en
 756:             1             48  sun.util.resources.zh.CalendarData_zh
 757:             1             40  [Lcom.sun.org.apache.xerces.internal.util.Status;
 758:             1             40  [Lcom.sun.org.apache.xerces.internal.utils.XMLSecurityManager$State;
 759:             1             40  [Lcom.sun.org.apache.xerces.internal.utils.XMLSecurityPropertyManager$State;
 760:             1             40  [Lorg.apache.zookeeper.Watcher$Event$EventType;
 761:             1             40  [Lsun.security.util.DisabledAlgorithmConstraints$Constraint$Operator;
 762:             1             40  [Lsun.util.locale.provider.LocaleProviderAdapter$Type;
 763:             1             40  [[Ljava.lang.invoke.LambdaForm$Name;
 764:             1             40  com.alibaba.dubbo.common.concurrent.ListenableFutureTask
 765:             1             40  com.alibaba.dubbo.monitor.simple.SimpleMonitorService
 766:             1             40  com.alibaba.dubbo.registry.integration.RegistryProtocol
 767:             1             40  com.alibaba.dubbo.registry.integration.RegistryProtocol$1
 768:             1             40  com.alibaba.dubbo.remoting.exchange.support.header.HeaderExchangeServer
 769:             1             40  com.alibaba.dubbo.remoting.zookeeper.zkclient.ZkClientWrapper
 770:             1             40  com.alibaba.dubbo.remoting.zookeeper.zkclient.ZkclientZookeeperClient
 771:             1             40  com.sun.beans.finder.MethodFinder$1
 772:             1             40  com.sun.org.apache.xerces.internal.impl.xs.XSParticleDecl
 773:             1             40  com.sun.xml.internal.stream.util.BufferAllocator
 774:             1             40  java.beans.WeakIdentityMap$Entry
 775:             1             40  java.io.BufferedInputStream
 776:             1             40  java.text.MessageFormat
 777:             1             40  java.util.ResourceBundle$1
 778:             1             40  java.util.regex.Pattern$LazyLoop
 779:             1             40  javassist.ClassPool
 780:             1             40  org.apache.log4j.helpers.PatternParser$ClassNamePatternConverter
 781:             1             40  org.apache.log4j.helpers.PatternParser$DatePatternConverter
 782:             1             40  org.apache.log4j.spi.RootLogger
 783:             1             40  org.jboss.netty.channel.DefaultChannelFuture
 784:             1             40  org.jboss.netty.channel.DefaultChannelPipeline$DefaultChannelHandlerContext
 785:             1             40  org.springframework.context.event.SimpleApplicationEventMulticaster
 786:             1             40  org.springframework.context.expression.StandardBeanExpressionResolver
 787:             1             40  org.springframework.util.AntPathMatcher
 788:             1             40  sun.nio.cs.StandardCharsets$Aliases
 789:             1             40  sun.nio.cs.StandardCharsets$Cache
 790:             1             40  sun.nio.cs.StandardCharsets$Classes
 791:             1             40  sun.security.provider.ConfigFile$Spi
 792:             1             32  [Lcom.sun.beans.util.Cache$Kind;
 793:             1             32  [Lcom.sun.org.apache.xerces.internal.impl.dv.xs.AbstractDateTimeDV$DateTimeData;
 794:             1             32  [Lcom.sun.org.apache.xerces.internal.utils.XMLSecurityManager$NameMap;
 795:             1             32  [Ljava.lang.OutOfMemoryError;
 796:             1             32  [Ljava.lang.ThreadGroup;
 797:             1             32  [Ljava.lang.invoke.LambdaFormEditor$Transform;
 798:             2             32  [Ljava.security.CodeSigner;
 799:             1             32  [Lorg.apache.zookeeper.CreateMode;
 800:             1             32  [Lorg.apache.zookeeper.client.ZooKeeperSaslClient$SaslState;
 801:             1             32  [Lorg.jboss.netty.channel.ChannelState;
 802:             1             32  [Lorg.springframework.expression.spel.SpelCompilerMode;
 803:             1             32  com.alibaba.dubbo.config.model.ConsumerModel
 804:             1             32  com.alibaba.dubbo.config.model.ProviderModel
 805:             1             32  com.alibaba.dubbo.container.page.PageServlet
 806:             1             32  com.alibaba.dubbo.registry.support.ProviderInvokerWrapper
 807:             1             32  com.alibaba.dubbo.rpc.protocol.dubbo.DubboExporter
 808:             1             32  com.alibaba.dubbo.rpc.protocol.injvm.InjvmExporter
 809:             2             32  com.sun.beans.WeakCache
 810:             1             32  com.sun.beans.finder.BeanInfoFinder
 811:             1             32  com.sun.org.apache.xerces.internal.impl.XMLEntityScanner$1
 812:             2             32  com.sun.org.apache.xerces.internal.impl.dv.dtd.ENTITYDatatypeValidator
 813:             2             32  com.sun.org.apache.xerces.internal.impl.dv.xs.QNameDV
 814:             2             32  com.sun.org.apache.xerces.internal.impl.xpath.regex.Token
 815:             1             32  com.sun.org.apache.xerces.internal.impl.xs.XSModelGroupImpl
 816:             1             32  java.beans.ThreadGroupContext
 817:             1             32  java.beans.ThreadGroupContext$1
 818:             1             32  java.io.UnixFileSystem
 819:             1             32  java.lang.ArithmeticException
 820:             1             32  java.lang.ArrayIndexOutOfBoundsException
 821:             2             32  java.lang.Boolean
 822:             1             32  java.lang.NoClassDefFoundError
 823:             1             32  java.lang.NullPointerException
 824:             2             32  java.lang.Shutdown$Lock
 825:             1             32  java.lang.reflect.WeakCache
 826:             1             32  java.lang.reflect.WeakCache$CacheKey
 827:             2             32  java.nio.ByteOrder
 828:             1             32  java.text.DontCareFieldPosition
 829:             2             32  java.util.AbstractMap$1
 830:             1             32  java.util.concurrent.ConcurrentHashMap$ForwardingNode
 831:             1             32  java.util.concurrent.Semaphore$NonfairSync
 832:             1             32  java.util.concurrent.SynchronousQueue$TransferStack$SNode
 833:             1             32  java.util.concurrent.atomic.AtomicIntegerFieldUpdater$AtomicIntegerFieldUpdaterImpl
 834:             2             32  java.util.jar.JarVerifier$3
 835:             1             32  org.I0Itec.zkclient.ZkConnection
 836:             1             32  org.I0Itec.zkclient.ZkLock
 837:             1             32  org.apache.commons.logging.impl.WeakHashtable$WeakKey
 838:             1             32  org.apache.log4j.PatternLayout
 839:             1             32  org.jboss.netty.bootstrap.ServerBootstrap
 840:             1             32  org.jboss.netty.bootstrap.ServerBootstrap$Binder
 841:             2             32  org.jboss.netty.buffer.HeapChannelBufferFactory
 842:             1             32  org.jboss.netty.channel.DefaultChannelPipeline
 843:             1             32  org.jboss.netty.channel.socket.DefaultServerSocketChannelConfig
 844:             1             32  org.jboss.netty.channel.socket.nio.NioServerBossPool
 845:             1             32  org.jboss.netty.channel.socket.nio.NioServerSocketChannelFactory
 846:             1             32  org.jboss.netty.channel.socket.nio.NioWorkerPool
 847:             1             32  org.jboss.netty.util.internal.ConcurrentHashMap$HashEntry
 848:             1             32  org.mortbay.jetty.servlet.FilterMapping
 849:             1             32  org.mortbay.jetty.servlet.PathMap$Entry
 850:             1             32  org.springframework.context.support.DefaultLifecycleProcessor
 851:             1             32  org.springframework.context.support.DelegatingMessageSource
 852:             2             32  org.springframework.core.ResolvableType$DefaultVariableResolver
 853:             1             32  org.springframework.core.env.StandardEnvironment
 854:             1             32  org.springframework.expression.spel.SpelParserConfiguration
 855:             1             32  org.springframework.expression.spel.support.ReflectivePropertyAccessor
 856:             2             32  sun.nio.ch.SocketDispatcher
 857:             1             32  sun.nio.cs.StandardCharsets
 858:             2             32  sun.reflect.Label
 859:             1             32  sun.reflect.MethodAccessorGenerator$1
 860:             1             32  sun.security.util.DisabledAlgorithmConstraints$KeySizeConstraint
 861:             1             24  [Lcom.sun.org.apache.xerces.internal.utils.XMLSecurityPropertyManager$Property;
 862:             1             24  [Ljava.io.File$PathStatus;
 863:             1             24  [Ljava.lang.ClassValue$Entry;
 864:             1             24  [Ljava.net.InetAddress$Cache$Type;
 865:             1             24  [Ljava.net.StandardProtocolFamily;
 866:             1             24  [Ljava.util.ArrayList;
 867:             1             24  [Ljava.util.Locale$Category;
 868:             1             24  [Lorg.jboss.netty.channel.socket.nio.Boss;
 869:             1             24  [Lorg.mortbay.io.nio.SelectorManager$SelectSet;
 870:             1             24  [Lorg.mortbay.jetty.Connector;
 871:             1             24  [Lorg.mortbay.jetty.servlet.FilterHolder;
 872:             1             24  [Lorg.mortbay.jetty.servlet.FilterMapping;
 873:             1             24  [Lorg.mortbay.jetty.servlet.ServletHolder;
 874:             1             24  [Lorg.mortbay.jetty.servlet.ServletMapping;
 875:             1             24  [Lorg.springframework.core.io.Resource;
 876:             1             24  [Lorg.springframework.util.ConcurrentReferenceHashMap$ReferenceType;
 877:             1             24  [Lorg.springframework.util.ConcurrentReferenceHashMap$Restructure;
 878:             1             24  [Lsun.launcher.LauncherHelper;
 879:             1             24  com.alibaba.dubbo.common.concurrent.ExecutionList
 880:             1             24  com.alibaba.dubbo.common.threadpool.support.AbortPolicyWithReport
 881:             1             24  com.alibaba.dubbo.config.invoker.DelegateProviderMetaDataInvoker
 882:             1             24  com.alibaba.dubbo.container.page.ResourceFilter
 883:             1             24  com.alibaba.dubbo.monitor.support.MonitorFilter
 884:             1             24  com.alibaba.dubbo.registry.integration.RegistryProtocol$ExporterChangeableWrapper
 885:             1             24  com.alibaba.dubbo.registry.integration.RegistryProtocol$InvokerDelegete
 886:             1             24  com.alibaba.dubbo.registry.integration.RegistryProtocol$OverrideListener
 887:             1             24  com.alibaba.dubbo.registry.zookeeper.ZookeeperRegistry$2
 888:             1             24  com.alibaba.dubbo.remoting.exchange.support.header.HeartBeatTask
 889:             1             24  com.alibaba.dubbo.remoting.transport.dispatcher.all.AllChannelHandler
 890:             1             24  com.alibaba.dubbo.remoting.transport.netty.NettyHandler
 891:             1             24  com.alibaba.dubbo.remoting.transport.netty.NettyServer$1
 892:             1             24  com.alibaba.dubbo.rpc.filter.AccessLogFilter
 893:             1             24  com.alibaba.dubbo.rpc.protocol.dubbo.DubboProtocol$1
 894:             1             24  com.alibaba.dubbo.rpc.protocol.injvm.InjvmProtocol
 895:             1             24  com.alibaba.dubbo.rpc.proxy.wrapper.StubProxyFactoryWrapper
 896:             1             24  com.sun.beans.util.Cache$Kind$1
 897:             1             24  com.sun.beans.util.Cache$Kind$2
 898:             1             24  com.sun.beans.util.Cache$Kind$3
 899:             1             24  com.sun.org.apache.xerces.internal.impl.Constants$ArrayEnumeration
 900:             1             24  com.sun.org.apache.xerces.internal.impl.xs.util.ShortListImpl
 901:             1             24  com.sun.org.apache.xerces.internal.impl.xs.util.XSObjectListImpl
 902:             1             24  java.io.StringWriter
 903:             1             24  java.lang.Class$1
 904:             1             24  java.lang.ClassValue$Version
 905:             1             24  java.lang.Double
 906:             1             24  java.lang.ProcessEnvironment$StringEnvironment
 907:             1             24  java.lang.invoke.MethodHandleImpl$4
 908:             1             24  java.lang.invoke.MethodType$ConcurrentWeakInternSet
 909:             1             24  java.net.Inet4AddressImpl
 910:             1             24  java.security.AllPermissionCollection
 911:             1             24  java.util.Collections$EmptyMap
 912:             1             24  java.util.Locale$Cache
 913:             1             24  java.util.ResourceBundle$Control$CandidateListCache
 914:             1             24  java.util.concurrent.Executors$DelegatedScheduledExecutorService
 915:             1             24  java.util.concurrent.TimeUnit$1
 916:             1             24  java.util.concurrent.TimeUnit$2
 917:             1             24  java.util.concurrent.TimeUnit$3
 918:             1             24  java.util.concurrent.TimeUnit$4
 919:             1             24  java.util.concurrent.TimeUnit$5
 920:             1             24  java.util.concurrent.TimeUnit$6
 921:             1             24  java.util.concurrent.TimeUnit$7
 922:             1             24  javassist.bytecode.BootstrapMethodsAttribute
 923:             1             24  org.apache.commons.logging.impl.WeakHashtable$Referenced
 924:             1             24  org.apache.log4j.helpers.FormattingInfo
 925:             1             24  org.apache.log4j.helpers.ISO8601DateFormat
 926:             1             24  org.apache.log4j.helpers.OnlyOnceErrorHandler
 927:             1             24  org.mortbay.jetty.AbstractBuffers$1
 928:             1             24  org.mortbay.jetty.AbstractConnector$Acceptor
 929:             1             24  org.mortbay.jetty.HttpHeaderValues
 930:             1             24  org.mortbay.jetty.HttpHeaders
 931:             1             24  org.mortbay.jetty.servlet.ServletMapping
 932:             1             24  org.mortbay.util.IO$NullWrite
 933:             1             24  org.slf4j.helpers.SubstituteLoggerFactory
 934:             1             24  org.springframework.beans.factory.config.EmbeddedValueResolver
 935:             1             24  org.springframework.beans.factory.config.PropertyPlaceholderConfigurer$PlaceholderResolvingStringValueResolver
 936:             1             24  org.springframework.beans.factory.config.PropertyPlaceholderConfigurer$PropertyPlaceholderConfigurerResolver
 937:             1             24  org.springframework.beans.factory.config.RuntimeBeanReference
 938:             1             24  org.springframework.beans.support.ResourceEditorRegistrar
 939:             1             24  org.springframework.context.support.ApplicationContextAwareProcessor
 940:             1             24  org.springframework.context.support.ApplicationListenerDetector
 941:             1             24  org.springframework.context.support.PostProcessorRegistrationDelegate$BeanPostProcessorChecker
 942:             1             24  org.springframework.core.NamedThreadLocal
 943:             1             24  org.springframework.core.SerializableTypeWrapper$2
 944:             1             24  org.springframework.core.env.MapPropertySource
 945:             1             24  org.springframework.core.env.MutablePropertySources
 946:             1             24  org.springframework.core.env.SystemEnvironmentPropertySource
 947:             1             24  org.springframework.core.io.ClassPathResource
 948:             1             24  org.springframework.core.io.UrlResource
 949:             1             24  org.springframework.core.io.support.PathMatchingResourcePatternResolver
 950:             1             24  org.springframework.expression.spel.support.StandardTypeLocator
 951:             1             24  org.springframework.util.AntPathMatcher$AntPathStringMatcher
 952:             1             24  org.springframework.util.AntPathMatcher$PathSeparatorPatternCache
 953:             1             24  sun.launcher.LauncherHelper
 954:             1             24  sun.management.RuntimeImpl
 955:             1             24  sun.management.VMManagementImpl
 956:             1             24  sun.net.ProgressMonitor
 957:             1             24  sun.net.sdp.SdpProvider
 958:             1             24  sun.nio.cs.ISO_8859_1
 959:             1             24  sun.nio.cs.US_ASCII
 960:             1             24  sun.nio.cs.UTF_16
 961:             1             24  sun.nio.cs.UTF_16BE
 962:             1             24  sun.nio.cs.UTF_16LE
 963:             1             24  sun.nio.cs.UTF_8
 964:             1             24  sun.security.provider.ConfigFile
 965:             1             24  sun.security.util.DisabledAlgorithmConstraints
 966:             1             24  sun.util.locale.BaseLocale$Cache
 967:             1             24  sun.util.locale.provider.CalendarDataProviderImpl
 968:             1             24  sun.util.locale.provider.CalendarProviderImpl
 969:             1             24  sun.util.locale.provider.CurrencyNameProviderImpl
 970:             1             24  sun.util.locale.provider.DateFormatSymbolsProviderImpl
 971:             1             24  sun.util.locale.provider.DecimalFormatSymbolsProviderImpl
 972:             1             24  sun.util.locale.provider.NumberFormatProviderImpl
 973:             1             24  sun.util.locale.provider.TimeZoneNameProviderImpl
 974:             1             16  [Lcom.sun.org.apache.xerces.internal.impl.xs.SubstitutionGroupHandler$OneSubGroup;
 975:             1             16  [Lcom.sun.org.apache.xerces.internal.xs.XSObject;
 976:             1             16  [Ljava.beans.EventSetDescriptor;
 977:             1             16  [Ljava.lang.Enum;
 978:             1             16  [Ljava.lang.Throwable;
 979:             1             16  [Ljava.nio.file.attribute.FileAttribute;
 980:             1             16  [Ljava.security.cert.Certificate;
 981:             1             16  [Ljava.text.FieldPosition;
 982:             1             16  com.alibaba.dubbo.cache.CacheFactory$Adaptive
 983:             1             16  com.alibaba.dubbo.cache.filter.CacheFilter
 984:             1             16  com.alibaba.dubbo.common.bytecode.Proxy$1
 985:             1             16  com.alibaba.dubbo.common.bytecode.Proxy$2
 986:             1             16  com.alibaba.dubbo.common.bytecode.Wrapper$1
 987:             1             16  com.alibaba.dubbo.common.bytecode.Wrapper0
 988:             1             16  com.alibaba.dubbo.common.bytecode.Wrapper1
 989:             1             16  com.alibaba.dubbo.common.bytecode.Wrapper2
 990:             1             16  com.alibaba.dubbo.common.bytecode.Wrapper3
 991:             1             16  com.alibaba.dubbo.common.bytecode.proxy0
 992:             1             16  com.alibaba.dubbo.common.compiler.support.AdaptiveCompiler
 993:             1             16  com.alibaba.dubbo.common.compiler.support.JavassistCompiler
 994:             1             16  com.alibaba.dubbo.common.extension.factory.AdaptiveExtensionFactory
 995:             1             16  com.alibaba.dubbo.common.extension.factory.SpiExtensionFactory
 996:             1             16  com.alibaba.dubbo.common.extension.support.ActivateComparator
 997:             1             16  com.alibaba.dubbo.common.logger.log4j.Log4jLoggerAdapter
 998:             1             16  com.alibaba.dubbo.common.store.support.SimpleDataStore
 999:             1             16  com.alibaba.dubbo.common.threadpool.ThreadPool$Adaptive
1000:             1             16  com.alibaba.dubbo.common.threadpool.support.fixed.FixedThreadPool
1001:             1             16  com.alibaba.dubbo.common.utils.CollectionUtils$1
1002:             1             16  com.alibaba.dubbo.config.AbstractConfig$1
1003:             1             16  com.alibaba.dubbo.config.ReferenceConfig$1
1004:             1             16  com.alibaba.dubbo.config.spring.extension.SpringExtensionFactory
1005:             1             16  com.alibaba.dubbo.container.jetty.JettyContainer
1006:             1             16  com.alibaba.dubbo.container.log4j.Log4jContainer
1007:             1             16  com.alibaba.dubbo.container.page.pages.HomePageHandler
1008:             1             16  com.alibaba.dubbo.container.page.pages.LogPageHandler
1009:             1             16  com.alibaba.dubbo.container.page.pages.StatusPageHandler
1010:             1             16  com.alibaba.dubbo.container.page.pages.SystemPageHandler
1011:             1             16  com.alibaba.dubbo.container.spring.SpringContainer
1012:             1             16  com.alibaba.dubbo.monitor.MonitorFactory$Adaptive
1013:             1             16  com.alibaba.dubbo.monitor.simple.RegistryContainer$1
1014:             1             16  com.alibaba.dubbo.monitor.simple.SimpleMonitorService$1
1015:             1             16  com.alibaba.dubbo.monitor.simple.SimpleMonitorService$2
1016:             1             16  com.alibaba.dubbo.monitor.simple.pages.ApplicationsPageHandler
1017:             1             16  com.alibaba.dubbo.monitor.simple.pages.ChartsPageHandler
1018:             1             16  com.alibaba.dubbo.monitor.simple.pages.ConsumersPageHandler
1019:             1             16  com.alibaba.dubbo.monitor.simple.pages.DependenciesPageHandler
1020:             1             16  com.alibaba.dubbo.monitor.simple.pages.HostsPageHandler
1021:             1             16  com.alibaba.dubbo.monitor.simple.pages.ProvidersPageHandler
1022:             1             16  com.alibaba.dubbo.monitor.simple.pages.ServicesPageHandler
1023:             1             16  com.alibaba.dubbo.monitor.simple.pages.StatisticsPageHandler
1024:             1             16  com.alibaba.dubbo.monitor.simple.pages.UnregisterPageHandler
1025:             1             16  com.alibaba.dubbo.monitor.simple.pages.UnsubscribePageHandler
1026:             1             16  com.alibaba.dubbo.registry.RegistryFactory$Adaptive
1027:             1             16  com.alibaba.dubbo.registry.pages.RegisteredPageHandler
1028:             1             16  com.alibaba.dubbo.registry.pages.RegistriesPageHandler
1029:             1             16  com.alibaba.dubbo.registry.pages.SubscribedPageHandler
1030:             1             16  com.alibaba.dubbo.registry.support.FailbackRegistry$1
1031:             1             16  com.alibaba.dubbo.registry.zookeeper.ZookeeperRegistry$1
1032:             1             16  com.alibaba.dubbo.registry.zookeeper.ZookeeperRegistryFactory
1033:             1             16  com.alibaba.dubbo.remoting.Dispatcher$Adaptive
1034:             1             16  com.alibaba.dubbo.remoting.Transporter$Adaptive
1035:             1             16  com.alibaba.dubbo.remoting.exchange.support.header.HeaderExchangeHandler
1036:             1             16  com.alibaba.dubbo.remoting.exchange.support.header.HeaderExchangeServer$1
1037:             1             16  com.alibaba.dubbo.remoting.exchange.support.header.HeaderExchanger
1038:             1             16  com.alibaba.dubbo.remoting.exchange.support.header.HeartbeatHandler
1039:             1             16  com.alibaba.dubbo.remoting.transport.DecodeHandler
1040:             1             16  com.alibaba.dubbo.remoting.transport.MultiMessageHandler
1041:             1             16  com.alibaba.dubbo.remoting.transport.dispatcher.ChannelHandlers
1042:             1             16  com.alibaba.dubbo.remoting.transport.dispatcher.all.AllDispatcher
1043:             1             16  com.alibaba.dubbo.remoting.transport.netty.NettyHelper$DubboLoggerFactory
1044:             1             16  com.alibaba.dubbo.remoting.transport.netty.NettyTransporter
1045:             1             16  com.alibaba.dubbo.remoting.zookeeper.ZookeeperTransporter$Adaptive
1046:             1             16  com.alibaba.dubbo.remoting.zookeeper.zkclient.ZkclientZookeeperClient$1
1047:             1             16  com.alibaba.dubbo.remoting.zookeeper.zkclient.ZkclientZookeeperTransporter
1048:             1             16  com.alibaba.dubbo.rpc.Protocol$Adaptive
1049:             1             16  com.alibaba.dubbo.rpc.ProxyFactory$Adaptive
1050:             1             16  com.alibaba.dubbo.rpc.cluster.Cluster$Adaptive
1051:             1             16  com.alibaba.dubbo.rpc.cluster.ConfiguratorFactory$Adaptive
1052:             1             16  com.alibaba.dubbo.rpc.cluster.RouterFactory$Adaptive
1053:             1             16  com.alibaba.dubbo.rpc.filter.ClassLoaderFilter
1054:             1             16  com.alibaba.dubbo.rpc.filter.ContextFilter
1055:             1             16  com.alibaba.dubbo.rpc.filter.EchoFilter
1056:             1             16  com.alibaba.dubbo.rpc.filter.ExceptionFilter
1057:             1             16  com.alibaba.dubbo.rpc.filter.ExecuteLimitFilter
1058:             1             16  com.alibaba.dubbo.rpc.filter.GenericFilter
1059:             1             16  com.alibaba.dubbo.rpc.filter.TimeoutFilter
1060:             1             16  com.alibaba.dubbo.rpc.filter.TokenFilter
1061:             1             16  com.alibaba.dubbo.rpc.protocol.dubbo.DubboCodec
1062:             1             16  com.alibaba.dubbo.rpc.protocol.dubbo.DubboCountCodec
1063:             1             16  com.alibaba.dubbo.rpc.protocol.dubbo.filter.TraceFilter
1064:             1             16  com.alibaba.dubbo.rpc.protocol.dubbo.page.ClientsPageHandler
1065:             1             16  com.alibaba.dubbo.rpc.protocol.dubbo.page.ServersPageHandler
1066:             1             16  com.alibaba.dubbo.rpc.proxy.InvokerInvocationHandler
1067:             1             16  com.alibaba.dubbo.rpc.proxy.javassist.JavassistProxyFactory
1068:             1             16  com.alibaba.dubbo.validation.Validation$Adaptive
1069:             1             16  com.alibaba.dubbo.validation.filter.ValidationFilter
1070:             1             16  com.sun.org.apache.xerces.internal.dom.CharacterDataImpl$1
1071:             1             16  com.sun.org.apache.xerces.internal.impl.dv.dtd.IDDatatypeValidator
1072:             1             16  com.sun.org.apache.xerces.internal.impl.dv.dtd.IDREFDatatypeValidator
1073:             1             16  com.sun.org.apache.xerces.internal.impl.dv.dtd.NMTOKENDatatypeValidator
1074:             1             16  com.sun.org.apache.xerces.internal.impl.dv.dtd.NOTATIONDatatypeValidator
1075:             1             16  com.sun.org.apache.xerces.internal.impl.dv.dtd.StringDatatypeValidator
1076:             1             16  com.sun.org.apache.xerces.internal.impl.dv.xs.AnyAtomicDV
1077:             1             16  com.sun.org.apache.xerces.internal.impl.dv.xs.AnySimpleDV
1078:             1             16  com.sun.org.apache.xerces.internal.impl.dv.xs.AnyURIDV
1079:             1             16  com.sun.org.apache.xerces.internal.impl.dv.xs.Base64BinaryDV
1080:             1             16  com.sun.org.apache.xerces.internal.impl.dv.xs.BooleanDV
1081:             1             16  com.sun.org.apache.xerces.internal.impl.dv.xs.DateDV
1082:             1             16  com.sun.org.apache.xerces.internal.impl.dv.xs.DateTimeDV
1083:             1             16  com.sun.org.apache.xerces.internal.impl.dv.xs.DayDV
1084:             1             16  com.sun.org.apache.xerces.internal.impl.dv.xs.DayTimeDurationDV
1085:             1             16  com.sun.org.apache.xerces.internal.impl.dv.xs.DecimalDV
1086:             1             16  com.sun.org.apache.xerces.internal.impl.dv.xs.DoubleDV
1087:             1             16  com.sun.org.apache.xerces.internal.impl.dv.xs.DurationDV
1088:             1             16  com.sun.org.apache.xerces.internal.impl.dv.xs.EntityDV
1089:             1             16  com.sun.org.apache.xerces.internal.impl.dv.xs.FloatDV
1090:             1             16  com.sun.org.apache.xerces.internal.impl.dv.xs.HexBinaryDV
1091:             1             16  com.sun.org.apache.xerces.internal.impl.dv.xs.IDDV
1092:             1             16  com.sun.org.apache.xerces.internal.impl.dv.xs.IDREFDV
1093:             1             16  com.sun.org.apache.xerces.internal.impl.dv.xs.IntegerDV
1094:             1             16  com.sun.org.apache.xerces.internal.impl.dv.xs.ListDV
1095:             1             16  com.sun.org.apache.xerces.internal.impl.dv.xs.MonthDV
1096:             1             16  com.sun.org.apache.xerces.internal.impl.dv.xs.MonthDayDV
1097:             1             16  com.sun.org.apache.xerces.internal.impl.dv.xs.PrecisionDecimalDV
1098:             1             16  com.sun.org.apache.xerces.internal.impl.dv.xs.StringDV
1099:             1             16  com.sun.org.apache.xerces.internal.impl.dv.xs.TimeDV
1100:             1             16  com.sun.org.apache.xerces.internal.impl.dv.xs.UnionDV
1101:             1             16  com.sun.org.apache.xerces.internal.impl.dv.xs.XSSimpleTypeDecl$1
1102:             1             16  com.sun.org.apache.xerces.internal.impl.dv.xs.XSSimpleTypeDecl$4
1103:             1             16  com.sun.org.apache.xerces.internal.impl.dv.xs.YearDV
1104:             1             16  com.sun.org.apache.xerces.internal.impl.dv.xs.YearMonthDV
1105:             1             16  com.sun.org.apache.xerces.internal.impl.dv.xs.YearMonthDurationDV
1106:             1             16  com.sun.org.apache.xerces.internal.impl.xs.XSConstraints$1
1107:             1             16  com.sun.org.apache.xerces.internal.impl.xs.models.XSEmptyCM
1108:             1             16  com.sun.org.apache.xerces.internal.impl.xs.util.XIntPool
1109:             1             16  com.sun.org.apache.xerces.internal.impl.xs.util.XSObjectListImpl$1
1110:             1             16  com.sun.org.apache.xerces.internal.jaxp.datatype.DatatypeFactoryImpl
1111:             1             16  com.sun.org.apache.xerces.internal.utils.SecuritySupport
1112:             1             16  java.io.FileDescriptor$1
1113:             1             16  java.lang.ApplicationShutdownHooks$1
1114:             1             16  java.lang.CharacterDataLatin1
1115:             1             16  java.lang.ClassValue$Identity
1116:             1             16  java.lang.Runtime
1117:             1             16  java.lang.String$CaseInsensitiveComparator
1118:             1             16  java.lang.System$2
1119:             1             16  java.lang.Terminator$1
1120:             1             16  java.lang.invoke.MemberName$Factory
1121:             1             16  java.lang.invoke.MethodHandleImpl$2
1122:             1             16  java.lang.invoke.MethodHandleImpl$3
1123:             1             16  java.lang.ref.Reference$1
1124:             1             16  java.lang.ref.Reference$Lock
1125:             1             16  java.lang.reflect.Proxy$KeyFactory
1126:             1             16  java.lang.reflect.Proxy$ProxyClassFactory
1127:             1             16  java.lang.reflect.ReflectAccess
1128:             1             16  java.net.InetAddress$2
1129:             1             16  java.net.URLClassLoader$7
1130:             1             16  java.nio.Bits$1
1131:             1             16  java.nio.charset.CoderResult$1
1132:             1             16  java.nio.charset.CoderResult$2
1133:             1             16  java.security.AllPermission
1134:             1             16  java.security.ProtectionDomain$2
1135:             1             16  java.security.ProtectionDomain$JavaSecurityAccessImpl
1136:             1             16  java.text.DontCareFieldPosition$1
1137:             1             16  java.util.Collections$EmptyEnumeration
1138:             1             16  java.util.Collections$EmptyIterator
1139:             1             16  java.util.Collections$EmptyList
1140:             1             16  java.util.Collections$EmptySet
1141:             1             16  java.util.Collections$SingletonSet
1142:             1             16  java.util.Currency$CurrencyNameGetter
1143:             1             16  java.util.Hashtable$EntrySet
1144:             1             16  java.util.IdentityHashMap$EntrySet
1145:             1             16  java.util.IdentityHashMap$Values
1146:             1             16  java.util.Optional
1147:             1             16  java.util.ResourceBundle$Control
1148:             1             16  java.util.WeakHashMap$KeySet
1149:             1             16  java.util.concurrent.Semaphore
1150:             1             16  java.util.concurrent.ThreadPoolExecutor$AbortPolicy
1151:             1             16  java.util.jar.JavaUtilJarAccessImpl
1152:             1             16  java.util.regex.Pattern$4
1153:             1             16  java.util.regex.Pattern$LastNode
1154:             1             16  java.util.regex.Pattern$Node
1155:             1             16  java.util.zip.ZipFile$1
1156:             1             16  javassist.ClassClassPath
1157:             1             16  javassist.ClassPoolTail
1158:             1             16  javassist.LoaderClassPath
1159:             1             16  javax.xml.parsers.SecuritySupport
1160:             1             16  org.I0Itec.zkclient.serialize.SerializableSerializer
1161:             1             16  org.apache.log4j.DefaultCategoryFactory
1162:             1             16  org.apache.log4j.helpers.AppenderAttachableImpl
1163:             1             16  org.apache.log4j.helpers.NullEnumeration
1164:             1             16  org.apache.log4j.or.DefaultRenderer
1165:             1             16  org.apache.log4j.or.RendererMap
1166:             1             16  org.apache.log4j.spi.DefaultRepositorySelector
1167:             1             16  org.jboss.netty.channel.DefaultChannelPipeline$DiscardingChannelSink
1168:             1             16  org.jboss.netty.channel.SucceededChannelFuture
1169:             1             16  org.jboss.netty.channel.socket.nio.NioServerSocketPipelineSink
1170:             1             16  org.jboss.netty.channel.socket.nio.SocketSendBufferPool$EmptySendBuffer
1171:             1             16  org.jboss.netty.util.ThreadNameDeterminer$1
1172:             1             16  org.jboss.netty.util.ThreadNameDeterminer$2
1173:             1             16  org.mortbay.component.Container
1174:             1             16  org.mortbay.jetty.Response$NullOutput
1175:             1             16  org.mortbay.jetty.servlet.FilterHolder$Config
1176:             1             16  org.mortbay.jetty.servlet.ServletHolder$Config
1177:             1             16  org.mortbay.log.Slf4jLog
1178:             1             16  org.mortbay.util.AttributesMap
1179:             1             16  org.mortbay.util.IO$ClosedIS
1180:             1             16  org.mortbay.util.IO$NullOS
1181:             1             16  org.mortbay.util.StringMap$NullEntry
1182:             1             16  org.slf4j.helpers.NOPLoggerFactory
1183:             1             16  org.slf4j.impl.Log4jLoggerFactory
1184:             1             16  org.slf4j.impl.StaticLoggerBinder
1185:             1             16  org.springframework.beans.ExtendedBeanInfoFactory
1186:             1             16  org.springframework.beans.factory.support.CglibSubclassingInstantiationStrategy
1187:             1             16  org.springframework.beans.factory.support.SimpleAutowireCandidateResolver
1188:             1             16  org.springframework.context.expression.BeanExpressionContextAccessor
1189:             1             16  org.springframework.context.expression.BeanFactoryAccessor
1190:             1             16  org.springframework.context.expression.BeanFactoryResolver
1191:             1             16  org.springframework.context.expression.EnvironmentAccessor
1192:             1             16  org.springframework.context.expression.MapAccessor
1193:             1             16  org.springframework.context.expression.StandardBeanExpressionResolver$1
1194:             1             16  org.springframework.core.$Proxy3
1195:             1             16  org.springframework.core.DefaultParameterNameDiscoverer
1196:             1             16  org.springframework.core.LocalVariableTableParameterNameDiscoverer
1197:             1             16  org.springframework.core.OrderComparator
1198:             1             16  org.springframework.core.SerializableTypeWrapper$TypeProxyInvocationHandler
1199:             1             16  org.springframework.core.StandardReflectionParameterNameDiscoverer
1200:             1             16  org.springframework.core.annotation.AnnotationAwareOrderComparator
1201:             1             16  org.springframework.expression.common.TemplateAwareExpressionParser$1
1202:             1             16  org.springframework.expression.spel.standard.SpelExpressionParser
1203:             1             16  org.springframework.expression.spel.support.StandardOperatorOverloader
1204:             1             16  org.springframework.expression.spel.support.StandardTypeComparator
1205:             1             16  org.springframework.util.ConcurrentReferenceHashMap$EntrySet
1206:             1             16  org.springframework.util.DefaultPropertiesPersister
1207:             1             16  org.springframework.util.ReflectionUtils$4
1208:             1             16  org.springframework.util.ReflectionUtils$5
1209:             1             16  org.springframework.util.ReflectionUtils$6
1210:             1             16  sun.misc.ASCIICaseInsensitiveComparator
1211:             1             16  sun.misc.FloatingDecimal$1
1212:             1             16  sun.misc.Launcher
1213:             1             16  sun.misc.Launcher$Factory
1214:             1             16  sun.misc.Perf
1215:             1             16  sun.misc.Unsafe
1216:             1             16  sun.net.DefaultProgressMeteringPolicy
1217:             1             16  sun.net.ExtendedOptionsImpl$$Lambda$1/462745338
1218:             1             16  sun.net.www.protocol.file.Handler
1219:             1             16  sun.net.www.protocol.jar.JarFileFactory
1220:             1             16  sun.nio.ch.ExtendedSocketOption$1
1221:             1             16  sun.nio.ch.KQueueSelectorProvider
1222:             1             16  sun.nio.ch.Net$1
1223:             1             16  sun.nio.ch.Util$1
1224:             1             16  sun.reflect.ClassDefiner$1
1225:             1             16  sun.reflect.GeneratedConstructorAccessor1
1226:             1             16  sun.reflect.GeneratedConstructorAccessor2
1227:             1             16  sun.reflect.GeneratedConstructorAccessor3
1228:             1             16  sun.reflect.GeneratedConstructorAccessor4
1229:             1             16  sun.reflect.GeneratedConstructorAccessor5
1230:             1             16  sun.reflect.GeneratedConstructorAccessor6
1231:             1             16  sun.reflect.GeneratedMethodAccessor1
1232:             1             16  sun.reflect.GeneratedMethodAccessor2
1233:             1             16  sun.reflect.GeneratedMethodAccessor3
1234:             1             16  sun.reflect.ReflectionFactory
1235:             1             16  sun.reflect.generics.tree.BottomSignature
1236:             1             16  sun.reflect.generics.tree.VoidDescriptor
1237:             1             16  sun.security.util.AlgorithmDecomposer
1238:             1             16  sun.security.util.DisabledAlgorithmConstraints$Constraints
1239:             1             16  sun.util.calendar.Gregorian
1240:             1             16  sun.util.locale.provider.AuxLocaleProviderAdapter$NullProvider
1241:             1             16  sun.util.locale.provider.CalendarDataUtility$CalendarWeekParameterGetter
1242:             1             16  sun.util.locale.provider.SPILocaleProviderAdapter
1243:             1             16  sun.util.locale.provider.TimeZoneNameUtility$TimeZoneNameGetter
1244:             1             16  sun.util.resources.LocaleData
1245:             1             16  sun.util.resources.LocaleData$LocaleDataResourceBundleControl
Total        180356       56490872
