
 num     #instances         #bytes  class name
----------------------------------------------
   1:          9995      100105552  [I
   2:        218971       45450536  [B
   3:        296815       37762368  [C
   4:        133851        3212424  java.lang.String
   5:         32405        2001080  [Ljava.lang.Object;
   6:         10803         950664  java.lang.reflect.Method
   7:         24352         584448  java.util.ArrayList
   8:         23767         570408  javassist.bytecode.Utf8Info
   9:         22130         531120  java.lang.StringBuilder
  10:          6523         516416  [S
  11:          6893         441152  java.net.URL
  12:         12757         408224  java.util.HashMap$Node
  13:         19198         392528  [Ljava.lang.Class;
  14:          8158         391584  java.util.HashMap
  15:          3398         386456  java.lang.Class
  16:          2798         322344  [Ljava.util.HashMap$Node;
  17:          2468         236928  java.util.jar.JarFile$JarFileEntry
  18:           435         229680  [Ljavassist.bytecode.ConstInfo;
  19:          5446         217840  javassist.bytecode.MethodInfo
  20:          5254         210160  javassist.bytecode.CodeAttribute
  21:          2468         197440  java.util.zip.ZipEntry
  22:          6974         194888  [Ljava.lang.reflect.Type;
  23:          6042         193344  java.util.concurrent.ConcurrentHashMap$Node
  24:          7590         182160  javassist.bytecode.NameAndTypeInfo
  25:          2892         167944  [Ljava.lang.reflect.Method;
  26:          6789         162936  javassist.bytecode.MethodrefInfo
  27:          3548         141920  java.lang.ref.Finalizer
  28:          2530         141680  jdk.internal.org.objectweb.asm.Item
  29:          2814         135072  org.springframework.core.ResolvableType
  30:          5306         127344  javassist.bytecode.ExceptionTable
  31:          5177         124248  javassist.bytecode.LineNumberAttribute
  32:          3669         121328  [Ljava.lang.String;
  33:          7273         116368  java.util.HashSet
  34:          3619         115808  java.io.File
  35:           209         109912  [Ljava.util.concurrent.ConcurrentHashMap$Node;
  36:          3092          98944  java.lang.ref.WeakReference
  37:          4091          98184  javassist.bytecode.ClassInfo
  38:          1694          94864  java.util.zip.ZipFile$ZipFileInputStream
  39:          1614          90384  java.util.zip.ZipFile$ZipFileInflaterInputStream
  40:          3753          90072  javassist.compiler.ast.ASTList
  41:          3682          88368  java.lang.StringBuffer
  42:           149          83920  [Ljdk.internal.org.objectweb.asm.Item;
  43:          1102          79344  com.sun.org.apache.xerces.internal.impl.xs.opti.ElementImpl
  44:          3106          74544  java.net.URLClassLoader$1
  45:          1016          73152  java.lang.reflect.Field
  46:          1782          71280  java.util.WeakHashMap$Entry
  47:          1781          71240  java.lang.ClassNotFoundException
  48:          1738          69520  java.lang.ref.SoftReference
  49:          4143          66288  java.lang.Object
  50:          3709          65888  [Ljava.lang.reflect.TypeVariable;
  51:          1601          64040  java.util.HashMap$KeyIterator
  52:          1540          61600  java.util.LinkedHashMap$Entry
  53:          2539          60936  javassist.bytecode.StringInfo
  54:          1496          59840  javassist.compiler.Token
  55:          2382          57168  sun.misc.ProxyGenerator$ConstantPool$IndirectEntry
  56:           536          55744  sun.net.www.protocol.file.FileURLConnection
  57:          1738          55616  sun.misc.URLClassPath$JarLoader$2
  58:          2296          55104  javassist.bytecode.LocalVariableAttribute
  59:          1371          54840  javassist.bytecode.stackmap.TypeData$TypeVar
  60:          2250          54000  java.lang.Class$MethodArray
  61:          2141          51384  javassist.bytecode.StackMapTable
  62:           637          50960  java.lang.reflect.Constructor
  63:          1224          49632  [Ljavassist.bytecode.stackmap.TypeData;
  64:          1930          46320  java.beans.MethodRef
  65:          1446          46272  java.util.Hashtable$Entry
  66:          2198          46208  [Lorg.w3c.dom.Attr;
  67:          1400          44800  java.security.CodeSource
  68:           727          42032  [Lcom.sun.org.apache.xerces.internal.impl.xs.opti.NodeImpl;
  69:          1027          41080  com.sun.org.apache.xerces.internal.impl.xs.opti.AttrImpl
  70:           540          38880  java.beans.PropertyDescriptor
  71:            47          37928  [[Lcom.sun.org.apache.xerces.internal.impl.xs.opti.NodeImpl;
  72:          1550          37200  org.springframework.core.SerializableTypeWrapper$2
  73:           209          34880  [Ljava.util.Hashtable$Entry;
  74:           604          33824  java.util.LinkedHashMap
  75:          1354          32496  java.lang.Long
  76:          1985          31760  java.lang.Integer
  77:           778          31120  java.lang.invoke.MethodType
  78:           771          30840  java.util.TreeMap$Entry
  79:           744          29760  com.sun.org.apache.xerces.internal.impl.dv.ValidatedInfo
  80:           921          29472  java.util.ArrayList$Itr
  81:           720          28800  javassist.bytecode.FieldInfo
  82:           144          28480  [Z
  83:          1739          27824  sun.net.www.ParseUtil
  84:           491          27496  java.lang.invoke.MemberName
  85:           421          26944  java.util.regex.Matcher
  86:          1675          26800  javassist.compiler.ast.Symbol
  87:           404          25856  org.springframework.core.MethodParameter
  88:          1043          25032  javassist.bytecode.InterfaceMethodrefInfo
  89:           778          24896  java.lang.invoke.MethodType$ConcurrentWeakInternSet$WeakEntry
  90:           436          24416  java.beans.MethodDescriptor
  91:           584          23360  javassist.bytecode.stackmap.BasicBlock$Mark
  92:           103          23072  jdk.internal.org.objectweb.asm.MethodWriter
  93:          1415          22640  org.springframework.core.ResolvableType$DefaultVariableResolver
  94:          1407          22512  java.lang.Short
  95:          1405          22480  java.util.HashMap$KeySet
  96:           685          21920  java.util.ArrayList$ListItr
  97:           333          21312  org.mortbay.io.BufferCache$CachedBuffer
  98:           104          20800  com.sun.org.apache.xerces.internal.impl.dv.xs.XSSimpleTypeDecl
  99:           843          20232  javassist.bytecode.SignatureAttribute
 100:          1250          20000  javassist.bytecode.stackmap.TypeData$ClassName
 101:           499          19960  org.mortbay.util.StringMap$Node
 102:           207          19872  org.springframework.beans.GenericTypeAwarePropertyDescriptor
 103:           680          19280  [Lorg.springframework.core.ResolvableType;
 104:           480          19200  javassist.compiler.ast.Declarator
 105:           336          18816  javassist.bytecode.stackmap.TypedBlock
 106:           754          18096  javassist.compiler.MemberResolver$Method
 107:           320          17920  java.lang.Class$ReflectionData
 108:           185          17760  sun.net.www.protocol.jar.URLJarFile$URLJarFileEntry
 109:          1098          17568  com.sun.org.apache.xerces.internal.impl.xs.opti.NamedNodeMapImpl
 110:           269          17216  java.util.concurrent.ConcurrentHashMap
 111:           698          16752  javassist.bytecode.FieldrefInfo
 112:           681          16344  javassist.compiler.ast.Stmnt
 113:           185          16280  sun.net.www.protocol.jar.JarURLConnection
 114:           672          16128  javassist.bytecode.LocalVariableTypeAttribute
 115:            84          15912  [Lcom.sun.org.apache.xerces.internal.util.SymbolHash$Entry;
 116:           175          15400  [Lorg.mortbay.util.StringMap$Node;
 117:           630          15120  org.apache.log4j.CategoryKey
 118:           626          15024  java.net.URLClassLoader$2
 119:           286          13728  java.nio.HeapByteBuffer
 120:           428          13696  org.springframework.core.SerializableTypeWrapper$MethodParameterTypeProvider
 121:           426          13632  javassist.bytecode.ExceptionTableEntry
 122:           110          13200  javassist.compiler.JvstCodeGen
 123:           204          13056  jdk.internal.org.objectweb.asm.Label
 124:           536          12864  sun.net.www.MessageHeader
 125:           401          12832  jdk.internal.org.objectweb.asm.Type
 126:           264          12672  javassist.compiler.SymbolTable
 127:            75          12600  jdk.internal.org.objectweb.asm.ClassWriter
 128:           306          12240  javassist.bytecode.stackmap.MapMaker
 129:           268          12216  [Lorg.springframework.util.ConcurrentReferenceHashMap$Reference;
 130:           217          12152  jdk.internal.org.objectweb.asm.AnnotationWriter
 131:           502          12048  javassist.compiler.ast.Member
 132:           212          11872  java.lang.Package
 133:           247          11856  com.sun.org.apache.xerces.internal.impl.xs.XSAttributeDecl
 134:           296          11840  java.util.HashMap$EntryIterator
 135:           487          11688  sun.reflect.generics.reflectiveObjects.ParameterizedTypeImpl
 136:           204          11424  sun.nio.cs.UTF_8$Encoder
 137:           354          11328  com.sun.org.apache.xerces.internal.impl.dv.xs.QNameDV$XQName
 138:           472          11328  javassist.compiler.ast.Expr
 139:           470          11280  jdk.internal.org.objectweb.asm.ByteVector
 140:           345          11040  java.lang.ref.ReferenceQueue
 141:           683          10928  java.util.Collections$UnmodifiableMap$UnmodifiableEntrySet$UnmodifiableEntry
 142:           578          10744  [Ljavassist.CtClass;
 143:           160          10240  javassist.CtClassType
 144:           318          10176  javassist.compiler.ast.CallExpr
 145:            27          10152  java.lang.Thread
 146:           148           9912  [Lcom.sun.org.apache.xerces.internal.impl.xs.XSAttributeUseImpl;
 147:           294           9872  [Lcom.sun.org.apache.xerces.internal.xs.XSObject;
 148:           152           9728  javassist.bytecode.ClassFile
 149:           243           9720  java.util.HashMap$ValueIterator
 150:           202           9696  jdk.internal.org.objectweb.asm.Frame
 151:           395           9480  java.util.LinkedList$Node
 152:           395           9480  java.util.jar.Attributes$Name
 153:           589           9424  sun.reflect.ConstantPool
 154:           111           9264  [Ljava.util.WeakHashMap$Entry;
 155:           288           9216  java.util.concurrent.locks.ReentrantLock$NonfairSync
 156:           383           9192  javassist.compiler.ast.Variable
 157:           285           9120  com.sun.org.apache.xerces.internal.util.NamespaceSupport$Prefixes
 158:           565           9040  sun.misc.ProxyGenerator$ConstantPool$ValueEntry
 159:           224           8960  org.springframework.util.ConcurrentReferenceHashMap$Segment
 160:           361           8664  com.sun.org.apache.xerces.internal.util.SymbolHash$Entry
 161:           356           8544  com.sun.org.apache.xerces.internal.impl.xs.util.XSObjectListImpl
 162:           212           8480  java.util.Formatter$FormatSpecifier
 163:           187           8408  [Ljava.lang.invoke.LambdaForm$Name;
 164:             5           8296  [Ljava.nio.ByteBuffer;
 165:           125           8000  java.text.DecimalFormatSymbols
 166:           212           7920  [Ljava.util.Formatter$Flags;
 167:           247           7904  com.sun.org.apache.xerces.internal.impl.xs.XSAttributeUseImpl
 168:           238           7616  com.sun.org.apache.xerces.internal.impl.dtd.models.CMStateSet
 169:           235           7520  java.lang.invoke.LambdaForm$Name
 170:           311           7464  java.util.Formatter$FixedString
 171:           231           7392  javassist.CtMethod
 172:           152           7296  [[Ljavassist.bytecode.ConstInfo;
 173:           293           7032  com.sun.org.apache.xerces.internal.util.SymbolTable$Entry
 174:           214           6848  com.sun.org.apache.xerces.internal.xni.QName
 175:           285           6840  com.sun.org.apache.xerces.internal.impl.xs.XSAnnotationImpl
 176:           237           6784  [Ljavassist.bytecode.stackmap.TypedBlock;
 177:           164           6560  sun.misc.URLClassPath$1
 178:           108           6480  [Ljava.lang.ref.SoftReference;
 179:           135           6480  java.util.Hashtable
 180:           258           6192  sun.reflect.generics.tree.SimpleClassTypeSignature
 181:           119           5968  [Ljava.lang.reflect.Field;
 182:           246           5904  sun.reflect.generics.visitor.Reifier
 183:            41           5896  [Ljava.beans.MethodDescriptor;
 184:           184           5888  java.io.FilePermission
 185:           122           5856  org.springframework.util.ConcurrentReferenceHashMap$SoftEntryReference
 186:           240           5776  [Ljava.lang.reflect.Constructor;
 187:           139           5560  java.io.BufferedInputStream
 188:           347           5552  java.lang.ref.ReferenceQueue$Lock
 189:           138           5520  sun.nio.cs.UTF_8$Decoder
 190:           171           5472  java.io.DataInputStream
 191:           227           5448  javassist.bytecode.AnnotationsAttribute
 192:           225           5400  sun.misc.ProxyGenerator$ExceptionTableEntry
 193:            96           5376  java.util.ResourceBundle$CacheKey
 194:           224           5376  org.springframework.util.ConcurrentReferenceHashMap$ReferenceManager
 195:           166           5312  java.lang.NoSuchMethodException
 196:           110           5280  javassist.compiler.Lex
 197:           220           5280  javassist.compiler.MemberResolver
 198:           164           5248  java.util.LinkedList
 199:           216           5184  javassist.bytecode.ExceptionsAttribute
 200:           129           5160  javassist.bytecode.Bytecode
 201:           107           5136  java.util.WeakHashMap
 202:           158           5056  java.io.DataOutputStream
 203:            90           5040  org.mortbay.io.ByteArrayBuffer
 204:           312           4992  org.springframework.core.SerializableTypeWrapper$1
 205:           293           4976  [Lsun.reflect.generics.tree.TypeArgument;
 206:           154           4928  java.util.LinkedHashMap$LinkedKeyIterator
 207:            88           4928  sun.misc.URLClassPath$JarLoader
 208:           204           4896  java.io.ByteArrayOutputStream
 209:           152           4864  javassist.bytecode.ConstPool
 210:           199           4776  sun.reflect.NativeMethodAccessorImpl
 211:           198           4752  javassist.bytecode.DeprecatedAttribute
 212:           197           4728  sun.reflect.generics.parser.SignatureParser
 213:           196           4704  sun.reflect.generics.factory.CoreReflectionFactory
 214:            64           4608  com.alibaba.dubbo.common.URL
 215:            72           4608  java.util.jar.JarFile
 216:            96           4608  java.util.zip.Inflater
 217:           115           4600  com.sun.org.apache.xerces.internal.impl.xs.XSParticleDecl
 218:             6           4552  [Lorg.mortbay.io.Buffer;
 219:            71           4544  java.lang.invoke.InvokerBytecodeGenerator
 220:            94           4512  org.springframework.beans.PropertyValue
 221:           184           4416  sun.net.www.protocol.jar.JarURLConnection$JarURLInputStream
 222:           110           4400  javassist.compiler.JvstTypeChecker
 223:            17           4392  [[Ljava.lang.Object;
 224:           109           4360  org.apache.log4j.Logger
 225:           108           4320  org.springframework.util.ConcurrentReferenceHashMap$Segment$1
 226:           132           4224  java.lang.reflect.Proxy$Key1
 227:           176           4224  java.net.Parts
 228:           131           4192  java.util.AbstractList$Itr
 229:            87           4176  sun.misc.ProxyGenerator$MethodInfo
 230:           102           4120  [Ljava.util.Formatter$FormatString;
 231:           256           4096  java.lang.Byte
 232:           167           4008  java.util.regex.Pattern$5
 233:            25           4000  org.springframework.beans.factory.support.RootBeanDefinition
 234:           249           3984  sun.reflect.generics.tree.ClassTypeSignature
 235:           124           3968  java.lang.reflect.WeakCache$CacheKey
 236:           165           3960  java.util.regex.Pattern$1
 237:           164           3936  [Ljava.util.Enumeration;
 238:           164           3936  java.net.URLClassLoader$3
 239:           164           3936  sun.misc.CompoundEnumeration
 240:           164           3936  sun.reflect.generics.scope.ClassScope
 241:           163           3912  javassist.compiler.ast.BinExpr
 242:            84           3832  [Ljava.lang.invoke.LambdaForm$BasicType;
 243:             5           3752  [Lcom.sun.org.apache.xerces.internal.util.SymbolTable$Entry;
 244:            51           3672  java.util.regex.Pattern
 245:            76           3648  java.nio.HeapCharBuffer
 246:           152           3648  javassist.bytecode.LongVector
 247:           152           3648  javassist.bytecode.SourceFileAttribute
 248:            91           3640  java.math.BigInteger
 249:           225           3600  java.util.HashMap$Values
 250:           149           3576  java.util.Arrays$ArrayList
 251:            74           3552  java.lang.invoke.LambdaForm
 252:           222           3552  java.util.Formatter$Flags
 253:           148           3552  javassist.bytecode.stackmap.BasicBlock$Catch
 254:           220           3520  javassist.compiler.ast.Keyword
 255:           102           3504  [Ljdk.internal.org.objectweb.asm.Type;
 256:           109           3488  java.util.RegularEnumSet
 257:           109           3488  java.util.regex.Pattern$Curly
 258:           108           3456  org.springframework.util.ConcurrentReferenceHashMap$1
 259:            58           3440  [Ljavassist.bytecode.stackmap.BasicBlock$Mark;
 260:           212           3392  java.net.URLClassLoader$3$1
 261:           141           3384  java.lang.Class$AnnotationData
 262:           141           3384  java.util.Collections$UnmodifiableCollection$1
 263:            60           3360  java.lang.invoke.MethodTypeForm
 264:           140           3360  javassist.bytecode.ConstantAttribute
 265:            84           3360  sun.misc.URLClassPath$2
 266:            18           3312  [J
 267:           102           3264  java.util.Formatter
 268:            67           3216  java.util.TreeMap
 269:           100           3200  javassist.compiler.ast.NewExpr
 270:           199           3184  sun.reflect.DelegatingMethodAccessorImpl
 271:            99           3168  java.util.zip.ZipCoder
 272:           132           3168  sun.reflect.annotation.AnnotationInvocationHandler
 273:           132           3168  sun.reflect.annotation.AnnotationParser$1
 274:           130           3120  sun.reflect.NativeConstructorAccessorImpl
 275:            97           3104  javassist.compiler.ast.CastExpr
 276:            96           3072  java.util.ResourceBundle$LoaderReference
 277:           136           2960  [Lsun.reflect.generics.tree.FieldTypeSignature;
 278:           184           2944  java.io.FilePermission$1
 279:            29           2928  [Ljava.lang.invoke.MethodHandle;
 280:            41           2920  [Ljava.beans.PropertyDescriptor;
 281:            45           2880  com.sun.org.apache.xerces.internal.impl.xs.XSComplexTypeDecl
 282:            51           2856  [Ljava.util.regex.Pattern$GroupHead;
 283:           119           2856  com.sun.org.apache.xerces.internal.util.PropertyState
 284:           119           2856  java.util.Collections$UnmodifiableRandomAccessList
 285:            88           2816  javassist.NotFoundException
 286:            70           2800  java.io.ObjectStreamField
 287:            69           2760  sun.misc.ProxyGenerator$ProxyMethod
 288:            38           2736  com.sun.org.apache.xerces.internal.impl.xs.XSElementDecl
 289:           114           2736  com.sun.org.apache.xerces.internal.util.FeatureState
 290:            84           2688  com.sun.org.apache.xerces.internal.util.SymbolHash
 291:           112           2688  java.lang.Class$1
 292:           110           2656  [Lorg.springframework.util.ConcurrentReferenceHashMap$TaskOption;
 293:           110           2640  javassist.compiler.Javac
 294:            41           2624  java.beans.Introspector
 295:           108           2592  org.springframework.util.ConcurrentReferenceHashMap$Entry
 296:            78           2496  org.apache.log4j.ProvisionNode
 297:            77           2464  java.lang.invoke.DirectMethodHandle
 298:           154           2464  javassist.compiler.ast.StringL
 299:            51           2448  com.sun.org.apache.xerces.internal.impl.xs.XSAttributeGroupDecl
 300:            71           2400  [Ljava.security.ProtectionDomain;
 301:            99           2376  java.lang.invoke.LambdaForm$NamedFunction
 302:            99           2376  java.util.ArrayDeque
 303:            27           2376  java.util.jar.JarVerifier
 304:            42           2352  [Lcom.sun.org.apache.xerces.internal.utils.XMLSecurityManager$Limit;
 305:            98           2352  java.io.ExpiringCache$Entry
 306:            97           2328  java.util.regex.Pattern$BitClass
 307:            97           2328  java.util.regex.Pattern$GroupHead
 308:            97           2328  java.util.regex.Pattern$GroupTail
 309:            72           2304  java.util.Collections$UnmodifiableMap
 310:            96           2304  java.util.zip.ZStreamRef
 311:            93           2232  javassist.bytecode.stackmap.TypeData$UninitData
 312:            69           2208  sun.misc.ProxyGenerator$FieldInfo
 313:            39           2184  com.sun.org.apache.xerces.internal.impl.xs.AttributePSVImpl
 314:            15           2160  java.text.DecimalFormat
 315:            90           2160  sun.misc.URLClassPath$3
 316:            27           2160  sun.net.www.protocol.jar.URLJarFile
 317:            22           2112  sun.util.calendar.Gregorian$Date
 318:            44           2112  sun.util.locale.LocaleObjectCache$CacheEntry
 319:           130           2080  sun.reflect.DelegatingConstructorAccessorImpl
 320:            86           2064  sun.nio.ch.KQueueArrayWrapper$Update
 321:           128           2048  java.lang.Character
 322:            64           2048  java.util.Vector
 323:            50           2000  sun.reflect.UnsafeQualifiedStaticIntegerFieldAccessorImpl
 324:            62           1984  org.apache.zookeeper.proto.ReplyHeader
 325:            41           1968  com.sun.org.apache.xerces.internal.impl.xs.models.XSCMLeaf
 326:            41           1968  java.beans.BeanDescriptor
 327:            34           1904  org.apache.zookeeper.ClientCnxn$Packet
 328:             2           1872  [[B
 329:            39           1872  com.sun.org.apache.xerces.internal.dom.DeferredAttrNSImpl
 330:            58           1856  javassist.bytecode.CodeIterator
 331:           114           1824  java.util.HashMap$EntrySet
 332:            38           1824  java.util.ResourceBundle$BundleReference
 333:            76           1824  javassist.bytecode.LongInfo
 334:            76           1824  sun.misc.FileURLMapper
 335:            75           1800  com.sun.beans.WildcardTypeImpl
 336:            75           1800  javassist.compiler.ast.IntConst
 337:            28           1792  org.mortbay.jetty.servlet.ServletHandler$MruCache
 338:           110           1760  javassist.compiler.Parser
 339:            73           1752  javassist.bytecode.IntegerInfo
 340:            39           1744  [Lcom.sun.org.apache.xerces.internal.impl.xs.XSParticleDecl;
 341:            36           1728  com.sun.org.apache.xerces.internal.util.XMLAttributesImpl$Attribute
 342:            54           1728  sun.reflect.UnsafeStaticObjectFieldAccessorImpl
 343:            15           1680  java.util.GregorianCalendar
 344:            52           1664  javassist.compiler.Javac$CtFieldWithInit
 345:            41           1640  java.beans.GenericBeanInfo
 346:           102           1632  java.util.LinkedHashSet
 347:            15           1608  [[I
 348:            67           1608  java.util.regex.Pattern$Single
 349:            40           1600  java.security.AccessControlContext
 350:            25           1600  java.text.DateFormatSymbols
 351:            33           1584  com.sun.org.apache.xerces.internal.impl.xs.models.XSCMBinOp
 352:            66           1584  java.util.Collections$UnmodifiableMap$UnmodifiableEntrySet$1
 353:            97           1552  com.alibaba.dubbo.common.utils.Holder
 354:            32           1536  com.sun.org.apache.xerces.internal.impl.dv.xs.DecimalDV$XDecimal
 355:            48           1536  com.sun.org.apache.xerces.internal.impl.xs.traversers.OneAttr
 356:            24           1536  java.nio.DirectByteBuffer
 357:            38           1520  java.security.ProtectionDomain
 358:            63           1512  javassist.bytecode.InnerClassesAttribute
 359:            31           1488  sun.nio.cs.StreamDecoder
 360:            37           1480  sun.reflect.generics.repository.MethodRepository
 361:            42           1472  [Lcom.sun.org.apache.xerces.internal.impl.xs.traversers.OneAttr;
 362:            46           1472  [Lcom.sun.org.apache.xerces.internal.utils.XMLSecurityManager$NameMap;
 363:            23           1472  com.alibaba.dubbo.common.extension.ExtensionLoader
 364:            46           1472  com.sun.org.apache.xerces.internal.impl.xs.util.SimpleLocator
 365:            46           1472  java.util.LinkedHashMap$LinkedValueIterator
 366:            60           1440  com.sun.org.apache.xerces.internal.util.XMLStringBuffer
 367:            30           1440  java.io.BufferedReader
 368:            45           1440  javassist.CtMember$Cache
 369:            36           1440  org.springframework.core.SerializableTypeWrapper$MethodInvokeTypeProvider
 370:            44           1408  org.springframework.beans.BeanWrapperImpl$BeanPropertyHandler
 371:            58           1392  javassist.compiler.ast.MethodDecl
 372:            43           1376  java.util.concurrent.ConcurrentHashMap$ForwardingNode
 373:            57           1368  java.lang.ProcessEnvironment$Variable
 374:            57           1368  java.util.Collections$SynchronizedSet
 375:            57           1368  java.util.regex.Pattern$TreeInfo
 376:            17           1360  [Ljava.lang.ThreadLocal$ThreadLocalMap$Entry;
 377:            12           1344  com.sun.org.apache.xerces.internal.impl.dv.XSFacets
 378:            84           1344  java.lang.ClassLoader$2
 379:            41           1312  java.util.TreeMap$ValueIterator
 380:            23           1288  sun.util.calendar.ZoneInfo
 381:            40           1280  com.sun.org.apache.xerces.internal.util.AugmentationsImpl$SmallContainer
 382:            53           1272  com.sun.org.apache.xerces.internal.xni.XMLString
 383:            53           1272  java.util.jar.JarFile$JarEntryIterator
 384:            53           1272  java.util.zip.ZipFile$ZipEntryIterator
 385:            79           1264  javassist.bytecode.ConstInfoPadding
 386:            39           1248  java.util.LinkedList$ListItr
 387:            26           1248  java.util.Properties$LineReader
 388:            52           1248  javassist.compiler.ast.FieldDecl
 389:            38           1216  com.sun.org.apache.xerces.internal.impl.xs.XSModelGroupImpl
 390:            19           1216  javassist.CtNewClass
 391:            76           1216  sun.misc.URLClassPath$JarLoader$1
 392:            30           1200  java.util.ArrayList$SubList
 393:            30           1200  java.util.ArrayList$SubList$1
 394:            25           1200  java.util.Hashtable$Enumerator
 395:            50           1200  sun.security.action.GetPropertyAction
 396:            25           1200  sun.security.util.ManifestEntryVerifier
 397:            38           1184  [Ljava.math.BigInteger;
 398:            37           1184  java.util.LinkedHashMap$LinkedEntryIterator
 399:            37           1184  sun.reflect.generics.tree.MethodTypeSignature
 400:            29           1160  sun.util.locale.BaseLocale$Key
 401:            24           1152  com.sun.org.apache.xerces.internal.util.URI
 402:             8           1152  sun.reflect.MethodAccessorGenerator
 403:            47           1128  org.springframework.beans.factory.support.MethodOverrides
 404:            14           1120  [Lorg.springframework.util.ConcurrentReferenceHashMap$Segment;
 405:            28           1120  org.springframework.beans.propertyeditors.CustomNumberEditor
 406:            46           1104  javassist.CtConstructor
 407:            21           1096  [Lsun.invoke.util.Wrapper;
 408:            16           1088  [Lcom.sun.org.apache.xerces.internal.impl.dtd.models.CMStateSet;
 409:            68           1088  com.sun.org.apache.xerces.internal.utils.SecuritySupport$4
 410:             2           1072  [Ljava.lang.Runnable;
 411:             2           1064  [Ljava.lang.Integer;
 412:             3           1056  com.sun.org.apache.xerces.internal.impl.XMLNSDocumentScannerImpl
 413:            33           1056  java.io.FileDescriptor
 414:             1           1040  [Ljava.lang.Byte;
 415:             1           1040  [Ljava.lang.Long;
 416:             1           1040  [Ljava.lang.Short;
 417:            65           1040  com.alibaba.dubbo.common.logger.log4j.Log4jLogger
 418:            65           1040  java.util.LinkedHashMap$LinkedKeySet
 419:            64           1024  com.alibaba.dubbo.common.logger.support.FailsafeLogger
 420:            32           1024  java.lang.ArrayIndexOutOfBoundsException
 421:            32           1024  sun.reflect.ClassFileAssembler
 422:            42           1008  java.util.regex.Pattern$Start
 423:            21           1008  org.springframework.core.ResolvableType$1
 424:            42           1008  org.springframework.core.convert.TypeDescriptor
 425:            42           1008  org.springframework.core.convert.TypeDescriptor$AnnotatedElementAdapter
 426:            31            992  java.lang.ThreadLocal$ThreadLocalMap$Entry
 427:            31            992  java.util.concurrent.locks.AbstractQueuedSynchronizer$Node
 428:            10            960  [Lcom.sun.org.apache.xerces.internal.xni.QName;
 429:            12            960  org.apache.zookeeper.data.Stat
 430:            24            960  org.springframework.core.convert.Property
 431:            12            960  sun.nio.ch.KQueueSelectorImpl
 432:            17            952  java.util.concurrent.ConcurrentHashMap$KeyIterator
 433:            29            928  java.io.ByteArrayInputStream
 434:            29            928  java.lang.StringCoding$StringEncoder
 435:            58            928  javassist.bytecode.stackmap.TypedBlock$Maker
 436:            38            912  [Lcom.sun.org.apache.xerces.internal.impl.xs.identity.IdentityConstraint;
 437:            19            912  java.util.Properties
 438:            16            896  java.lang.invoke.LambdaFormEditor$Transform
 439:            28            896  java.util.jar.Manifest$FastInputStream
 440:            16            896  sun.nio.cs.ISO_8859_1$Encoder
 441:            37            888  java.lang.ProcessEnvironment$Value
 442:            37            888  java.util.concurrent.ConcurrentHashMap$MapEntry
 443:            37            888  org.apache.commons.logging.impl.WeakHashtable$Referenced
 444:            37            888  sun.reflect.generics.scope.MethodScope
 445:            36            864  com.sun.org.apache.xerces.internal.impl.xs.traversers.SmallContainer
 446:            27            864  java.lang.IllegalStateException
 447:            36            864  java.lang.RuntimePermission
 448:            27            864  java.security.Permissions
 449:            18            864  java.util.StringTokenizer
 450:            28            856  [Lorg.springframework.beans.PropertyValue;
 451:            53            848  javassist.bytecode.stackmap.TypeData$NullType
 452:            32            840  [Ljava.util.regex.Pattern$Node;
 453:             7            840  [[Ljava.lang.String;
 454:            21            840  com.sun.org.apache.xerces.internal.impl.xs.models.XSCMUniOp
 455:            15            840  java.util.concurrent.ConcurrentHashMap$ValueIterator
 456:            35            840  java.util.regex.Pattern$Ctype
 457:            13            832  java.text.SimpleDateFormat
 458:            47            824  [Lsun.reflect.generics.tree.FormalTypeParameter;
 459:            34            816  java.util.concurrent.locks.AbstractQueuedSynchronizer$ConditionObject
 460:            34            816  org.apache.jute.BinaryOutputArchive
 461:            12            808  [Lcom.sun.org.apache.xerces.internal.impl.xs.util.SimpleLocator;
 462:            25            800  com.sun.org.apache.xerces.internal.impl.xs.XSWildcardDecl
 463:            25            800  java.security.BasicPermissionCollection
 464:            25            800  java.util.ResourceBundle$Control$1
 465:            33            792  org.apache.zookeeper.proto.RequestHeader
 466:            33            792  org.springframework.beans.MutablePropertyValues
 467:            14            784  java.util.Calendar$Builder
 468:            32            768  java.util.Date
 469:            16            768  javassist.compiler.NoFieldException
 470:            12            768  jdk.internal.org.objectweb.asm.FieldWriter
 471:            32            768  org.apache.commons.logging.impl.Log4JLogger
 472:             2            768  org.mortbay.thread.QueuedThreadPool$PoolThread
 473:            32            768  sun.reflect.ByteVectorImpl
 474:            19            760  org.springframework.core.io.ResourceEditor
 475:            19            760  sun.misc.Cleaner
 476:            47            752  java.util.concurrent.locks.ReentrantLock
 477:            31            744  java.util.regex.Pattern$Slice
 478:            46            736  java.util.Collections$UnmodifiableMap$UnmodifiableEntrySet
 479:            23            736  java.util.regex.Pattern$Branch
 480:            37            720  [Lsun.reflect.generics.tree.TypeSignature;
 481:            10            720  com.sun.org.apache.xerces.internal.dom.DeferredElementNSImpl
 482:            15            720  java.util.concurrent.ThreadPoolExecutor$Worker
 483:            35            704  [Ljava.lang.annotation.Annotation;
 484:            22            704  java.util.Stack
 485:            29            696  java.io.InputStreamReader
 486:             7            688  [Lcom.sun.org.apache.xerces.internal.impl.xs.XSComplexTypeDecl;
 487:            43            688  java.util.Collections$UnmodifiableSet
 488:            17            680  com.sun.org.apache.xerces.internal.impl.validation.ValidationState
 489:            42            672  java.util.LinkedHashMap$LinkedValues
 490:            21            672  java.util.Locale
 491:            28            672  java.util.jar.Manifest
 492:            28            672  javassist.ClassPathList
 493:            28            672  javassist.bytecode.StackMapTable$Writer
 494:            21            672  sun.util.locale.BaseLocale
 495:             6            656  [D
 496:            41            656  [Ljava.beans.BeanInfo;
 497:            41            656  java.util.TreeMap$Values
 498:            41            656  java.util.concurrent.atomic.AtomicInteger
 499:            27            648  java.util.Locale$LocaleKey
 500:            27            648  org.springframework.beans.factory.config.ConstructorArgumentValues
 501:            27            648  sun.reflect.Label$PatchInfo
 502:             8            640  com.sun.org.apache.xerces.internal.impl.xs.models.XSDFACM
 503:            40            640  com.sun.org.apache.xerces.internal.util.AugmentationsImpl
 504:            40            640  com.sun.proxy.$Proxy4
 505:            20            640  java.util.concurrent.CountDownLatch$Sync
 506:             8            640  java.util.concurrent.ThreadPoolExecutor
 507:            16            640  org.jboss.netty.util.internal.ConcurrentHashMap$Segment
 508:            19            632  [Ljava.io.ObjectStreamField;
 509:             3            624  [Ljava.lang.invoke.LambdaForm;
 510:            26            624  java.io.FilePermissionCollection
 511:            13            624  org.mortbay.util.StringMap
 512:            11            616  org.mortbay.io.View
 513:            38            608  [Ljava.security.Principal;
 514:            38            608  java.security.ProtectionDomain$Key
 515:             3            600  com.sun.org.apache.xerces.internal.impl.XMLDTDScannerImpl
 516:            15            600  java.text.DigitList
 517:            15            600  java.util.IdentityHashMap
 518:            18            576  java.nio.DirectByteBuffer$Deallocator
 519:            36            576  org.apache.commons.logging.LogFactory$1
 520:             9            576  org.jboss.netty.channel.socket.nio.NioWorker
 521:             8            576  sun.reflect.DelegatingClassLoader
 522:            14            560  java.lang.invoke.MethodHandleImpl$IntrinsicMethodHandle
 523:            14            560  java.util.regex.Pattern$Loop
 524:            14            560  javassist.ClassPool
 525:             7            560  org.springframework.beans.BeanWrapperImpl
 526:            14            560  org.springframework.util.ConcurrentReferenceHashMap
 527:            10            560  sun.invoke.util.Wrapper
 528:             4            552  [Lcom.sun.org.apache.xerces.internal.impl.xs.traversers.XSDocumentInfo;
 529:             4            552  [Lorg.w3c.dom.Element;
 530:            34            544  org.apache.jute.BinaryInputArchive
 531:            34            544  org.apache.zookeeper.server.ByteBufferInputStream
 532:             4            536  [Ljava.lang.invoke.MemberName;
 533:             1            528  [Ljava.lang.Character;
 534:            22            528  java.util.concurrent.ConcurrentHashMap$KeySetView
 535:            22            528  org.apache.zookeeper.KeeperException$Code
 536:            11            528  org.mortbay.jetty.HttpFields$Field
 537:            22            528  org.springframework.beans.AbstractNestablePropertyAccessor$PropertyTokenHolder
 538:            22            528  org.springframework.beans.factory.config.BeanExpressionContext
 539:            11            528  sun.util.locale.provider.LocaleResources$ResourceReference
 540:            16            512  [Ljava.lang.ref.WeakReference;
 541:            16            512  java.lang.StringCoding$StringDecoder
 542:            21            504  javassist.compiler.ast.AssignExpr
 543:            21            504  sun.nio.ch.SocketOptionRegistry$RegistryKey
 544:            31            496  java.util.concurrent.atomic.AtomicBoolean
 545:             8            488  [Lcom.sun.org.apache.xerces.internal.impl.xs.XSElementDecl;
 546:            12            480  com.sun.org.apache.xerces.internal.dom.DeferredTextImpl
 547:             3            480  com.sun.org.apache.xerces.internal.impl.xs.SchemaGrammar$BuiltinSchemaGrammar
 548:            15            480  java.io.FileInputStream
 549:            15            480  java.net.InetAddress$InetAddressHolder
 550:            15            480  java.util.TreeMap$EntryIterator
 551:            12            480  sun.nio.ch.KQueueArrayWrapper
 552:            29            464  java.util.jar.Attributes
 553:             3            456  [Lcom.sun.org.apache.xerces.internal.xs.XSTypeDefinition;
 554:             5            456  [Ljava.net.URL;
 555:             8            448  com.sun.org.apache.xerces.internal.impl.xs.XSDDescription
 556:            14            448  java.lang.invoke.SimpleMethodHandle
 557:             8            448  java.util.concurrent.ConcurrentHashMap$EntryIterator
 558:            14            448  sun.reflect.generics.reflectiveObjects.WildcardTypeImpl
 559:            27            432  [Ljava.security.CodeSigner;
 560:            18            432  java.text.DateFormat$Field
 561:            27            432  java.util.jar.JarVerifier$3
 562:             9            432  javassist.CtPrimitiveType
 563:             9            432  sun.misc.ProxyGenerator
 564:             9            432  sun.nio.cs.StreamEncoder
 565:             4            416  [Lorg.apache.zookeeper.KeeperException$Code;
 566:            13            416  com.alibaba.dubbo.common.utils.NamedThreadFactory
 567:             4            416  com.sun.org.apache.xerces.internal.impl.dv.xs.AbstractDateTimeDV$DateTimeData
 568:             1            416  org.apache.zookeeper.ClientCnxn$SendThread
 569:            13            416  sun.nio.ch.AllocatedNativeObject
 570:            17            408  java.lang.ThreadLocal$ThreadLocalMap
 571:             5            400  [Ljava.util.concurrent.RunnableScheduledFuture;
 572:            10            400  com.sun.org.apache.xerces.internal.impl.xpath.regex.RangeToken
 573:            10            400  java.lang.invoke.DirectMethodHandle$Accessor
 574:             5            400  java.util.concurrent.ScheduledThreadPoolExecutor
 575:             1            400  org.apache.zookeeper.ClientCnxn$EventThread
 576:             7            392  [Lorg.mortbay.jetty.servlet.ServletHandler$MruCache;
 577:             3            384  [Ljava.io.File;
 578:            16            384  [Lorg.jboss.netty.util.internal.ConcurrentHashMap$HashEntry;
 579:            24            384  com.alibaba.dubbo.common.utils.ConcurrentHashSet
 580:            16            384  com.alibaba.dubbo.rpc.protocol.ProtocolFilterWrapper$1
 581:             3            384  com.sun.org.apache.xerces.internal.impl.XMLEntityManager
 582:            12            384  com.sun.org.apache.xerces.internal.impl.xs.SchemaNamespaceSupport
 583:             2            384  com.sun.org.apache.xerces.internal.parsers.XIncludeAwareParserConfiguration
 584:            12            384  com.sun.org.apache.xerces.internal.util.XMLResourceIdentifierImpl
 585:             1            384  java.lang.ref.Finalizer$FinalizerThread
 586:            16            384  java.lang.reflect.Proxy$KeyX
 587:            24            384  java.util.LinkedHashMap$LinkedEntrySet
 588:            16            384  javassist.compiler.ast.Pair
 589:             1            384  org.I0Itec.zkclient.ZkEventThread
 590:             1            384  org.mortbay.jetty.Server$ShutdownHookThread
 591:            12            384  org.mortbay.jetty.servlet.ServletHandler$CachedChain
 592:            12            384  sun.misc.FloatingDecimal$ASCIIToBinaryBuffer
 593:            16            384  sun.misc.MetaIndex
 594:            16            384  sun.nio.ch.OptionKey
 595:            16            384  sun.nio.cs.Surrogate$Parser
 596:             1            376  java.lang.ref.Reference$ReferenceHandler
 597:            23            368  com.sun.proxy.$Proxy1
 598:            23            368  java.util.regex.Pattern$BranchConn
 599:             6            360  [Ljava.lang.Thread;
 600:            15            360  [Lorg.springframework.expression.Expression;
 601:             9            360  com.sun.org.apache.xerces.internal.utils.XMLSecurityManager$Limit
 602:            15            360  java.net.Inet4Address
 603:            15            360  java.net.InetSocketAddress$InetSocketAddressHolder
 604:            15            360  java.util.concurrent.atomic.AtomicLong
 605:            15            360  java.util.regex.Pattern$Prolog
 606:            15            360  org.apache.zookeeper.Environment$Entry
 607:            15            360  org.springframework.core.io.DefaultResourceLoader
 608:             9            360  org.springframework.core.io.support.ResourceArrayPropertyEditor
 609:             2            352  com.sun.org.apache.xerces.internal.impl.dtd.XMLNSDTDValidator
 610:            11            352  java.io.FileNotFoundException
 611:            11            352  java.lang.invoke.BoundMethodHandle$Species_L
 612:             6            336  com.alibaba.dubbo.common.bytecode.ClassGenerator
 613:             1            336  com.sun.org.apache.xerces.internal.impl.xs.traversers.XSDHandler
 614:             7            336  java.lang.invoke.LambdaFormBuffer
 615:            14            336  java.lang.invoke.LambdaFormEditor$Transform$Kind
 616:             6            336  java.nio.DirectLongBufferU
 617:            21            336  javassist.bytecode.stackmap.TypeData$ArrayElement
 618:            14            336  org.I0Itec.zkclient.ZkClient$3
 619:            14            336  org.apache.zookeeper.proto.ExistsRequest
 620:            14            336  sun.reflect.generics.tree.Wildcard
 621:             9            320  [Lcom.sun.org.apache.xerces.internal.util.XMLAttributesImpl$Attribute;
 622:             6            320  [Lcom.sun.org.apache.xerces.internal.utils.XMLSecurityManager$State;
 623:             2            320  com.sun.org.apache.xerces.internal.impl.xs.SchemaGrammar
 624:             8            320  java.io.BufferedWriter
 625:            10            320  java.lang.OutOfMemoryError
 626:             8            320  java.security.PrivilegedActionException
 627:            20            320  java.util.concurrent.CountDownLatch
 628:             5            320  sun.nio.ch.FileChannelImpl
 629:            20            320  sun.reflect.Label
 630:            10            320  sun.reflect.generics.reflectiveObjects.TypeVariableImpl
 631:            10            320  sun.reflect.generics.repository.ClassRepository
 632:             3            312  [Ljava.text.SimpleDateFormat;
 633:            13            312  [Ljavassist.CtConstructor;
 634:            13            312  org.apache.log4j.Level
 635:            13            312  sun.util.resources.LocaleData$1
 636:             8            304  [Lcom.sun.org.apache.xerces.internal.impl.xs.models.XSCMLeaf;
 637:             2            304  com.sun.org.apache.xerces.internal.parsers.DOMParser
 638:             9            296  [Ljava.lang.invoke.LambdaForm$NamedFunction;
 639:             8            288  [Ljava.lang.Boolean;
 640:            12            288  com.sun.org.apache.xerces.internal.impl.xpath.regex.Token$CharToken
 641:            18            288  com.sun.proxy.$Proxy2
 642:            18            288  com.sun.proxy.$Proxy5
 643:            18            288  com.sun.proxy.$Proxy7
 644:             3            288  com.sun.xml.internal.stream.Entity$ScannedEntity
 645:             9            288  java.io.CharArrayWriter
 646:             9            288  java.io.FileOutputStream
 647:            12            288  java.lang.invoke.Invokers
 648:             9            288  java.lang.reflect.WeakCache$CacheValue
 649:             9            288  java.lang.reflect.WeakCache$Factory
 650:            12            288  java.util.concurrent.CopyOnWriteArrayList
 651:             6            288  java.util.concurrent.LinkedBlockingQueue
 652:             9            288  org.I0Itec.zkclient.ZkClient$1
 653:             9            288  org.apache.zookeeper.proto.CreateRequest
 654:             9            288  org.jboss.netty.channel.socket.nio.SocketReceiveBufferAllocator
 655:             9            288  org.springframework.beans.propertyeditors.ClassArrayEditor
 656:             9            288  org.springframework.beans.propertyeditors.ClassEditor
 657:             9            288  org.springframework.beans.propertyeditors.FileEditor
 658:             9            288  org.springframework.beans.propertyeditors.InputSourceEditor
 659:             9            288  org.springframework.beans.propertyeditors.InputStreamEditor
 660:             9            288  org.springframework.beans.propertyeditors.PathEditor
 661:             9            288  org.springframework.beans.propertyeditors.ReaderEditor
 662:             9            288  org.springframework.beans.propertyeditors.URIEditor
 663:             9            288  org.springframework.beans.propertyeditors.URLEditor
 664:             1            280  com.alibaba.dubbo.config.ProviderConfig
 665:             7            280  sun.nio.cs.ISO_8859_1$Decoder
 666:            11            264  [Ljava.net.InetAddress;
 667:            11            264  java.net.StandardSocketOptions$StdSocketOption
 668:            11            264  java.util.concurrent.ConcurrentLinkedQueue$Node
 669:            11            264  java.util.concurrent.LinkedBlockingQueue$Node
 670:            11            264  java.util.regex.Pattern$Ques
 671:             1            256  com.sun.org.apache.xerces.internal.impl.xs.XMLSchemaValidator
 672:             8            256  java.lang.invoke.InvokerBytecodeGenerator$CpPatch
 673:            16            256  java.lang.reflect.Proxy$1
 674:             8            256  org.apache.log4j.helpers.PatternParser$LiteralPatternConverter
 675:             8            256  org.springframework.beans.propertyeditors.CustomCollectionEditor
 676:            16            256  org.springframework.core.SerializableTypeWrapper$TypeProxyInvocationHandler
 677:             8            256  sun.misc.ProxyGenerator$PrimitiveTypeInfo
 678:             8            256  sun.reflect.MethodAccessorGenerator$1
 679:             6            240  [Ljava.lang.invoke.BoundMethodHandle$SpeciesData;
 680:             1            240  com.alibaba.dubbo.config.spring.ServiceBean
 681:            10            240  com.alibaba.dubbo.config.spring.schema.DubboBeanDefinitionParser
 682:            10            240  com.sun.org.apache.xerces.internal.dom.AttributeMap
 683:            10            240  com.sun.org.apache.xerces.internal.impl.XMLScanner$NameType
 684:             6            240  com.sun.org.apache.xerces.internal.xni.parser.XMLInputSource
 685:            15            240  java.net.InetSocketAddress
 686:             6            240  java.util.PropertyResourceBundle
 687:             6            240  java.util.ServiceLoader$LazyIterator
 688:            15            240  java.util.TreeMap$EntrySet
 689:            10            240  java.util.concurrent.ConcurrentLinkedQueue
 690:             2            240  org.apache.log4j.RollingCalendar
 691:            10            240  org.jboss.netty.util.ThreadRenamingRunnable
 692:            10            240  org.jboss.netty.util.internal.DeadLockProofWorker$1
 693:             1            240  org.mortbay.jetty.nio.SelectChannelConnector
 694:            15            240  org.springframework.expression.common.LiteralExpression
 695:            10            240  sun.reflect.generics.tree.ClassSignature
 696:            10            240  sun.reflect.generics.tree.FormalTypeParameter
 697:             6            240  sun.util.locale.LanguageTag
 698:            10            232  [Lsun.reflect.generics.tree.ClassTypeSignature;
 699:             1            224  com.alibaba.dubbo.config.spring.ReferenceBean
 700:            14            224  java.lang.Float
 701:             2            224  java.net.SocksSocketImpl
 702:            14            224  javassist.ClassClassPath
 703:            14            224  javassist.ClassPoolTail
 704:            14            224  javassist.LoaderClassPath
 705:            14            224  org.apache.zookeeper.proto.SetDataResponse
 706:             7            224  org.mortbay.jetty.HttpFields$2
 707:             7            224  org.springframework.beans.factory.support.AbstractAutowireCapableBeanFactory$2
 708:             7            224  org.springframework.beans.factory.support.AbstractBeanFactory$1
 709:            14            224  org.springframework.core.$Proxy3
 710:             2            224  sun.nio.ch.SocketChannelImpl
 711:             7            224  sun.reflect.annotation.AnnotationType
 712:             9            216  java.io.OutputStreamWriter
 713:             3            216  java.util.concurrent.ScheduledThreadPoolExecutor$ScheduledFutureTask
 714:             9            216  java.util.regex.Pattern$Dollar
 715:             9            216  org.jboss.netty.channel.socket.nio.SocketSendBufferPool
 716:             9            216  org.jboss.netty.channel.socket.nio.SocketSendBufferPool$Preallocation
 717:             9            216  org.slf4j.impl.Log4jLoggerAdapter
 718:             9            216  sun.misc.ProxyGenerator$ConstantPool
 719:             1            208  org.springframework.beans.factory.support.DefaultListableBeanFactory
 720:             2            208  org.springframework.beans.factory.support.GenericBeanDefinition
 721:             2            200  [Ljava.text.DateFormat$Field;
 722:             5            200  com.alibaba.dubbo.config.model.ConsumerMethodModel
 723:             1            200  com.sun.org.apache.xerces.internal.dom.DeferredDocumentImpl
 724:             5            200  com.sun.org.apache.xerces.internal.impl.XMLErrorReporter
 725:             5            200  com.sun.org.apache.xerces.internal.utils.XMLSecurityManager
 726:             5            200  java.lang.invoke.BoundMethodHandle$SpeciesData
 727:             5            200  sun.nio.ch.FileLockImpl
 728:             6            192  [Lcom.sun.org.apache.xerces.internal.impl.XMLEntityManager$CharacterBuffer;
 729:             6            192  com.alibaba.dubbo.container.page.Page
 730:            12            192  com.alibaba.dubbo.remoting.transport.netty.NettyHelper$DubboLogger
 731:             3            192  com.sun.org.apache.xerces.internal.impl.XMLEntityScanner
 732:             2            192  com.sun.org.apache.xerces.internal.impl.dtd.XMLDTDProcessor
 733:             6            192  com.sun.org.apache.xerces.internal.impl.xpath.regex.Token$ClosureToken
 734:             4            192  com.sun.org.apache.xerces.internal.impl.xs.SchemaGrammar$BuiltinAttrDecl
 735:             4            192  com.sun.org.apache.xerces.internal.util.XMLAttributesImpl
 736:             6            192  java.lang.invoke.LambdaForm$BasicType
 737:             8            192  java.lang.invoke.MethodHandleImpl$Intrinsic
 738:             8            192  java.math.RoundingMode
 739:            12            192  java.nio.channels.spi.AbstractSelector$1
 740:             4            192  java.util.ComparableTimSort
 741:             8            192  java.util.IdentityHashMap$EntryIterator$Entry
 742:             6            192  java.util.ServiceLoader
 743:             6            192  java.util.concurrent.SynchronousQueue
 744:             6            192  java.util.regex.Pattern$BnM
 745:             8            192  java.util.regex.Pattern$CharProperty$1
 746:             8            192  jdk.net.SocketFlow$Status
 747:             4            192  org.apache.zookeeper.KeeperException$NodeExistsException
 748:             8            192  org.apache.zookeeper.Watcher$Event$KeeperState
 749:             6            192  org.apache.zookeeper.ZooKeeper$ChildWatchRegistration
 750:             6            192  org.apache.zookeeper.ZooKeeper$ExistsWatchRegistration
 751:             6            192  org.springframework.beans.factory.support.BeanDefinitionValueResolver
 752:             2            192  sun.nio.ch.ServerSocketChannelImpl
 753:            12            192  sun.nio.ch.Util$3
 754:             5            184  [Lcom.sun.org.apache.xerces.internal.xs.ShortList;
 755:             1            184  org.mortbay.jetty.Request
 756:             1            176  com.alibaba.dubbo.config.ConsumerConfig
 757:            11            176  com.sun.org.apache.xerces.internal.impl.xs.util.XInt
 758:            11            176  java.util.TreeSet
 759:             7            168  [Lcom.sun.org.apache.xerces.internal.utils.XMLSecurityPropertyManager$Property;
 760:             3            168  [Ljava.util.Map;
 761:             1            168  [[Ljava.math.BigInteger;
 762:             3            168  com.sun.org.apache.xerces.internal.util.XMLAttributesIteratorImpl
 763:             7            168  java.net.NetPermission
 764:             7            168  org.apache.zookeeper.ZooKeeper$States
 765:             7            168  org.springframework.beans.TypeConverterDelegate
 766:             7            168  sun.reflect.annotation.AnnotationType$1
 767:             4            160  com.sun.org.apache.xerces.internal.impl.dtd.XMLEntityDecl
 768:             4            160  com.sun.org.apache.xerces.internal.impl.dtd.XMLSimpleType
 769:             5            160  com.sun.org.apache.xerces.internal.util.NamespaceSupport
 770:             5            160  java.io.RandomAccessFile
 771:             4            160  java.lang.ClassLoader$NativeLibrary
 772:            10            160  java.lang.ThreadLocal
 773:             4            160  java.lang.invoke.BoundMethodHandle$Species_LL
 774:             5            160  java.util.Random
 775:             5            160  java.util.concurrent.ConcurrentHashMap$ReservationNode
 776:             5            160  java.util.concurrent.ScheduledThreadPoolExecutor$DelayedWorkQueue
 777:             2            160  org.mortbay.jetty.servlet.PathMap
 778:             5            160  org.springframework.beans.factory.xml.ParserContext
 779:             4            160  org.springframework.beans.propertyeditors.CustomBooleanEditor
 780:             4            160  org.springframework.util.AntPathMatcher
 781:             5            160  sun.nio.ch.FileKey
 782:             4            160  sun.nio.ch.SelectionKeyImpl
 783:             5            160  sun.nio.ch.SharedFileLockTable$FileLockReference
 784:             4            160  sun.reflect.UnsafeQualifiedStaticObjectFieldAccessorImpl
 785:             5            160  sun.util.locale.provider.LocaleProviderAdapter$Type
 786:             6            144  com.alibaba.dubbo.remoting.zookeeper.zkclient.ZkclientZookeeperClient$2
 787:             3            144  com.sun.org.apache.xerces.internal.impl.XMLDocumentFragmentScannerImpl$ElementStack
 788:             3            144  com.sun.org.apache.xerces.internal.impl.XMLEntityManager$RewindableInputStream
 789:             3            144  com.sun.org.apache.xerces.internal.impl.io.UTF8Reader
 790:             2            144  com.sun.org.apache.xerces.internal.impl.xs.traversers.XSDocumentInfo
 791:             6            144  com.sun.org.apache.xerces.internal.util.Status
 792:             9            144  com.sun.proxy.$Proxy8
 793:             9            144  java.lang.invoke.LambdaFormEditor
 794:             6            144  java.util.Collections$SetFromMap
 795:             6            144  java.util.Collections$UnmodifiableList
 796:             6            144  java.util.ServiceLoader$1
 797:             9            144  java.util.concurrent.CopyOnWriteArraySet
 798:             6            144  org.I0Itec.zkclient.ZkClient$12
 799:             6            144  org.I0Itec.zkclient.ZkClient$2
 800:             2            144  org.apache.log4j.spi.LoggingEvent
 801:             9            144  org.apache.zookeeper.proto.CreateResponse
 802:             6            144  org.apache.zookeeper.proto.GetChildrenRequest
 803:             3            144  org.mortbay.util.MultiMap
 804:             6            144  org.springframework.beans.CachedIntrospectionResults
 805:             6            144  sun.misc.PerfCounter
 806:             3            144  sun.misc.URLClassPath
 807:             6            144  sun.security.util.DisabledAlgorithmConstraints$Constraint$Operator
 808:             1            136  [Lcom.sun.org.apache.xerces.internal.impl.dv.xs.TypeValidator;
 809:             1            136  org.mortbay.thread.QueuedThreadPool
 810:             4            128  [Ljava.nio.channels.SelectionKey;
 811:             1            128  com.alibaba.dubbo.config.ProtocolConfig
 812:             2            128  com.sun.org.apache.xerces.internal.impl.xpath.regex.ParserForXMLSchema
 813:             2            128  com.sun.org.apache.xerces.internal.impl.xpath.regex.RegularExpression
 814:             2            128  com.sun.org.apache.xerces.internal.impl.xs.opti.SchemaDOM
 815:             1            128  com.sun.org.apache.xerces.internal.impl.xs.opti.SchemaParsingConfig
 816:             8            128  com.sun.org.apache.xerces.internal.utils.SecuritySupport$3
 817:             2            128  java.io.ExpiringCache$1
 818:             4            128  org.I0Itec.zkclient.exception.ZkNodeExistsException
 819:             4            128  org.apache.log4j.helpers.PatternParser$BasicPatternConverter
 820:             4            128  org.apache.zookeeper.CreateMode
 821:             2            128  org.mortbay.io.nio.IndirectNIOBuffer
 822:             4            128  org.springframework.beans.propertyeditors.CharacterEditor
 823:             1            128  org.springframework.context.support.ClassPathXmlApplicationContext
 824:             8            128  sun.reflect.ClassDefiner$1
 825:             8            128  sun.reflect.generics.tree.TypeVariableSignature
 826:             5            120  [Lcom.sun.org.apache.xerces.internal.impl.xs.XSGroupDecl;
 827:             3            120  [[S
 828:             5            120  com.alibaba.dubbo.registry.support.AbstractRegistry$SaveProperties
 829:             3            120  com.sun.org.apache.xerces.internal.impl.XMLDocumentFragmentScannerImpl$ElementStack2
 830:             3            120  com.sun.org.apache.xerces.internal.impl.XMLEntityManager$CharacterBufferPool
 831:             3            120  com.sun.org.apache.xerces.internal.impl.XMLVersionDetector
 832:             3            120  com.sun.org.apache.xerces.internal.impl.dtd.XMLDTDDescription
 833:             5            120  com.sun.org.apache.xerces.internal.impl.dv.xs.XSSimpleTypeDecl$ValidationContextImpl
 834:             5            120  com.sun.org.apache.xerces.internal.impl.xs.traversers.LargeContainer
 835:             5            120  com.sun.org.apache.xerces.internal.impl.xs.traversers.XSDAbstractTraverser$FacetInfo
 836:             3            120  com.sun.org.apache.xerces.internal.util.SymbolTable
 837:             3            120  com.sun.org.apache.xerces.internal.utils.XMLLimitAnalyzer
 838:             5            120  com.sun.org.apache.xerces.internal.utils.XMLSecurityManager$State
 839:             5            120  com.sun.org.apache.xerces.internal.utils.XMLSecurityPropertyManager$State
 840:             3            120  com.sun.xml.internal.stream.XMLEntityStorage
 841:             5            120  java.lang.invoke.MethodHandles$Lookup
 842:             5            120  java.util.Collections$1
 843:             5            120  java.util.concurrent.atomic.AtomicMarkableReference$Pair
 844:             5            120  javassist.bytecode.stackmap.TypeData$BasicType
 845:             5            120  org.apache.commons.logging.impl.LogFactoryImpl$2
 846:             5            120  org.apache.zookeeper.Watcher$Event$EventType
 847:             3            120  org.jboss.netty.channel.DefaultChannelFuture
 848:             1            120  org.mortbay.jetty.servlet.ServletHolder
 849:             5            120  sun.misc.FloatingDecimal$PreparedASCIIToBinaryBuffer
 850:             5            120  sun.nio.ch.NativeThreadSet
 851:             5            120  sun.nio.ch.SharedFileLockTable
 852:             5            120  sun.util.resources.ParallelListResourceBundle$KeySet
 853:             2            112  [Ljava.lang.invoke.MethodType;
 854:             2            112  com.sun.org.apache.xerces.internal.jaxp.DocumentBuilderImpl
 855:             7            112  java.lang.ClassLoader$3
 856:             7            112  java.util.Hashtable$EntrySet
 857:             2            112  org.mortbay.io.View$CaseInsensitive
 858:             1            112  org.mortbay.jetty.HttpParser
 859:             1            112  org.mortbay.jetty.servlet.ServletHandler
 860:             2            112  org.springframework.core.env.PropertySourcesPropertyResolver
 861:             1            104  com.alibaba.dubbo.config.RegistryConfig
 862:             1            104  com.alibaba.dubbo.registry.zookeeper.ZookeeperRegistry
 863:             1            104  com.sun.org.apache.xerces.internal.impl.xs.XMLSchemaLoader
 864:             1            104  java.lang.invoke.InnerClassLambdaMetafactory
 865:             1            104  org.apache.zookeeper.ClientCnxn
 866:             1            104  org.mortbay.io.nio.SelectorManager$SelectSet
 867:             1            104  org.mortbay.jetty.HttpConnection
 868:             3             96  [F
 869:             1             96  [Lcom.sun.org.apache.xerces.internal.impl.xpath.regex.RegularExpression;
 870:             2             96  [Ljava.lang.invoke.MethodHandleImpl$Intrinsic;
 871:             3             96  [Lorg.jboss.netty.channel.ChannelState;
 872:             4             96  [Lorg.mortbay.jetty.servlet.ServletHolder;
 873:             3             96  com.alibaba.dubbo.rpc.proxy.javassist.JavassistProxyFactory$1
 874:             4             96  com.sun.org.apache.xerces.internal.impl.xpath.regex.Token$ParenToken
 875:             4             96  com.sun.org.apache.xerces.internal.impl.xpath.regex.Token$UnionToken
 876:             1             96  com.sun.org.apache.xerces.internal.impl.xs.traversers.XSDComplexTypeTraverser
 877:             3             96  com.sun.org.apache.xerces.internal.utils.XMLSecurityManager$NameMap
 878:             2             96  com.sun.org.apache.xerces.internal.xni.parser.XMLConfigurationException
 879:             6             96  com.sun.proxy.$Proxy0
 880:             6             96  java.io.FileInputStream$1
 881:             6             96  java.io.FileOutputStream$1
 882:             2             96  java.lang.ThreadGroup
 883:             3             96  java.util.AbstractList$ListItr
 884:             6             96  java.util.Collections$UnmodifiableCollection
 885:             3             96  java.util.RandomAccessSubList
 886:             6             96  java.util.concurrent.SynchronousQueue$TransferStack
 887:             4             96  java.util.regex.Pattern$7
 888:             4             96  javassist.CtArray
 889:             4             96  javassist.compiler.ast.CondExpr
 890:             6             96  org.apache.jute.BinaryInputArchive$BinaryIndex
 891:             1             96  org.apache.log4j.DailyRollingFileAppender
 892:             2             96  org.apache.log4j.helpers.PatternParser
 893:             4             96  org.apache.zookeeper.client.ZooKeeperSaslClient$SaslState
 894:             6             96  org.apache.zookeeper.proto.GetChildrenResponse
 895:             4             96  org.jboss.netty.channel.ChannelState
 896:             4             96  org.mortbay.io.BufferCache
 897:             1             96  org.mortbay.jetty.HttpGenerator
 898:             1             96  org.mortbay.jetty.Server
 899:             2             96  org.mortbay.thread.Timeout$Task
 900:             3             96  org.springframework.context.event.AbstractApplicationEventMulticaster$ListenerRetriever
 901:             4             96  org.springframework.core.io.support.PathMatchingResourcePatternResolver
 902:             4             96  org.springframework.util.AntPathMatcher$PathSeparatorPatternCache
 903:             4             96  org.springframework.util.ConcurrentReferenceHashMap$TaskOption
 904:             3             96  org.springframework.util.PropertyPlaceholderHelper
 905:             3             96  org.xml.sax.InputSource
 906:             4             96  sun.misc.JarIndex
 907:             1             96  sun.misc.Launcher$AppClassLoader
 908:             3             96  sun.misc.URLClassPath$FileLoader$1
 909:             4             96  sun.nio.ch.KQueueSelectorImpl$MapEntry
 910:             6             96  sun.reflect.BootstrapConstructorAccessorImpl
 911:             4             96  sun.usagetracker.UsageTrackerClient$1
 912:             3             96  sun.util.locale.provider.LocaleServiceProviderPool
 913:             3             88  [Lcom.sun.org.apache.xerces.internal.utils.XMLSecurityPropertyManager$State;
 914:             1             88  org.apache.zookeeper.ClientCnxnSocketNIO
 915:             1             88  org.mortbay.io.BufferDateCache
 916:             1             88  org.mortbay.jetty.nio.SelectChannelConnector$1
 917:             1             88  org.springframework.beans.factory.xml.XmlBeanDefinitionReader
 918:             1             88  sun.misc.Launcher$ExtClassLoader
 919:             2             80  [Lorg.apache.zookeeper.Watcher$Event$EventType;
 920:             1             80  [Lorg.jboss.netty.util.internal.ConcurrentHashMap$Segment;
 921:             2             80  [Lsun.security.util.DisabledAlgorithmConstraints$Constraint$Operator;
 922:             2             80  [Lsun.util.locale.provider.LocaleProviderAdapter$Type;
 923:             1             80  com.sun.org.apache.xerces.internal.impl.xs.opti.SchemaDOMParser
 924:             2             80  java.io.ExpiringCache
 925:             2             80  java.io.PrintWriter
 926:             5             80  java.io.RandomAccessFile$1
 927:             5             80  java.lang.Class$3
 928:             2             80  java.lang.invoke.MethodHandleImpl$AsVarargsCollector
 929:             2             80  java.util.Locale$Category
 930:             5             80  java.util.concurrent.ConcurrentHashMap$EntrySetView
 931:             5             80  java.util.concurrent.ConcurrentHashMap$ValuesView
 932:             5             80  java.util.concurrent.atomic.AtomicMarkableReference
 933:             2             80  org.apache.log4j.helpers.PatternParser$LocationPatternConverter
 934:             2             80  org.mortbay.jetty.HttpFields
 935:             1             80  org.mortbay.jetty.servlet.FilterHolder
 936:             2             80  org.mortbay.thread.Timeout
 937:             2             80  org.mortbay.util.MultiException
 938:             1             80  org.springframework.beans.factory.config.PropertyPlaceholderConfigurer
 939:             2             80  org.springframework.beans.factory.support.DisposableBeanAdapter
 940:             2             80  org.springframework.beans.propertyeditors.StringArrayPropertyEditor
 941:             2             80  sun.misc.FloatingDecimal$BinaryToASCIIBuffer
 942:             5             80  sun.nio.ch.FileDispatcherImpl
 943:             2             80  sun.nio.ch.SocketAdaptor
 944:             3             72  [Lcom.sun.org.apache.xerces.internal.impl.xs.XSAnnotationImpl;
 945:             1             72  [Ljava.lang.invoke.LambdaFormEditor$Transform$Kind;
 946:             3             72  [Lorg.springframework.core.io.Resource;
 947:             1             72  com.alibaba.dubbo.config.ApplicationConfig
 948:             3             72  com.alibaba.dubbo.registry.zookeeper.ZookeeperRegistry$3
 949:             1             72  com.alibaba.dubbo.remoting.transport.netty.NettyServer
 950:             1             72  com.alibaba.dubbo.rpc.StaticContext
 951:             3             72  com.sun.org.apache.xerces.internal.impl.XMLNSDocumentScannerImpl$NSContentDriver
 952:             3             72  com.sun.org.apache.xerces.internal.impl.msg.XMLMessageFormatter
 953:             3             72  com.sun.org.apache.xerces.internal.impl.validation.ValidationManager
 954:             3             72  com.sun.org.apache.xerces.internal.impl.xs.XSMessageFormatter
 955:             3             72  java.lang.Class$4
 956:             3             72  java.lang.annotation.RetentionPolicy
 957:             3             72  java.security.SecurityPermission
 958:             3             72  java.util.Collections$SingletonList
 959:             1             72  java.util.ResourceBundle$RBClassLoader
 960:             3             72  java.util.SubList$1
 961:             3             72  java.util.concurrent.CopyOnWriteArrayList$COWIterator
 962:             3             72  java.util.concurrent.Executors$RunnableAdapter
 963:             3             72  javassist.bytecode.DoubleInfo
 964:             3             72  javassist.bytecode.MethodHandleInfo
 965:             3             72  javax.xml.parsers.SecuritySupport$2
 966:             3             72  org.apache.commons.logging.LogFactory$6
 967:             3             72  org.apache.zookeeper.data.ACL
 968:             1             72  org.jboss.netty.channel.socket.nio.NioServerSocketChannel
 969:             1             72  org.mortbay.io.nio.DirectNIOBuffer
 970:             3             72  org.springframework.core.io.ClassPathResource
 971:             3             72  org.springframework.core.io.UrlResource
 972:             3             72  org.springframework.expression.spel.SpelCompilerMode
 973:             3             72  sun.misc.FloatingDecimal$ExceptionalBinaryToASCIIBuffer
 974:             3             72  sun.misc.Signal
 975:             1             72  sun.util.locale.provider.JRELocaleProviderAdapter
 976:             3             72  sun.util.locale.provider.SPILocaleProviderAdapter$1
 977:             2             64  [Ljava.lang.annotation.RetentionPolicy;
 978:             1             64  com.alibaba.dubbo.common.utils.LRUCache
 979:             2             64  com.alibaba.dubbo.config.model.ProviderMethodModel
 980:             2             64  com.sun.org.apache.xerces.internal.dom.NodeListCache
 981:             2             64  com.sun.org.apache.xerces.internal.impl.dtd.XMLElementDecl
 982:             1             64  com.sun.org.apache.xerces.internal.impl.xs.ElementPSVImpl
 983:             1             64  com.sun.org.apache.xerces.internal.impl.xs.SchemaGrammar$XSAnyType
 984:             2             64  com.sun.org.apache.xerces.internal.impl.xs.XSGroupDecl
 985:             2             64  com.sun.org.apache.xerces.internal.impl.xs.models.CMNodeFactory
 986:             4             64  com.sun.org.apache.xerces.internal.utils.SecuritySupport$1
 987:             4             64  com.sun.org.apache.xerces.internal.utils.SecuritySupport$2
 988:             2             64  com.sun.org.apache.xerces.internal.utils.XMLSecurityPropertyManager$Property
 989:             1             64  java.io.LineNumberReader
 990:             2             64  java.io.PrintStream
 991:             4             64  java.lang.Boolean
 992:             2             64  java.lang.ClassValue$Entry
 993:             2             64  java.lang.NoSuchFieldError
 994:             2             64  java.lang.NoSuchMethodError
 995:             2             64  java.lang.VirtualMachineError
 996:             4             64  java.lang.invoke.BoundMethodHandle$SpeciesData$1
 997:             2             64  java.lang.ref.ReferenceQueue$Null
 998:             2             64  java.util.TreeMap$KeyIterator
 999:             2             64  java.util.concurrent.atomic.AtomicReferenceFieldUpdater$AtomicReferenceFieldUpdaterImpl
1000:             4             64  java.util.regex.Pattern$Dot
1001:             2             64  org.jboss.netty.channel.DefaultChannelPipeline
1002:             1             64  org.mortbay.jetty.HttpURI
1003:             1             64  org.mortbay.jetty.nio.SelectChannelConnector$ConnectorEndPoint
1004:             2             64  org.mortbay.jetty.servlet.PathMap$Entry
1005:             2             64  org.springframework.beans.factory.config.TypedStringValue
1006:             2             64  org.springframework.beans.factory.parsing.BeanComponentDefinition
1007:             2             64  org.springframework.beans.propertyeditors.CustomMapEditor
1008:             2             64  org.springframework.beans.propertyeditors.PatternEditor
1009:             2             64  org.springframework.core.env.StandardEnvironment
1010:             4             64  sun.net.www.protocol.jar.Handler
1011:             2             64  sun.nio.ch.ServerSocketAdaptor
1012:             4             64  sun.security.action.GetBooleanAction
1013:             2             64  sun.util.ResourceBundleEnumeration
1014:             2             64  sun.util.locale.provider.LocaleResources
1015:             1             56  [Lcom.sun.org.apache.xerces.internal.impl.XMLScanner$NameType;
1016:             1             56  [Lcom.sun.org.apache.xerces.internal.impl.dv.XSSimpleType;
1017:             1             56  [Lcom.sun.org.apache.xerces.internal.impl.xs.util.XInt;
1018:             1             56  [Ljava.text.Format;
1019:             1             56  [Lorg.jboss.netty.channel.socket.nio.AbstractNioWorker;
1020:             1             56  java.net.SocketPermission
1021:             1             56  org.I0Itec.zkclient.ZkClient
1022:             1             56  org.apache.commons.logging.impl.WeakHashtable
1023:             1             56  org.jboss.netty.channel.socket.nio.NioServerBoss
1024:             1             56  org.mortbay.jetty.HttpConnection$Output
1025:             1             56  org.mortbay.jetty.Response
1026:             1             56  org.springframework.expression.spel.support.StandardEvaluationContext
1027:             1             48  [Lcom.sun.beans.util.Cache$CacheEntry;
1028:             1             48  [Lcom.sun.org.apache.xerces.internal.impl.xs.XSNotationDecl;
1029:             1             48  [Lcom.sun.org.apache.xerces.internal.impl.xs.models.XSCMValidator;
1030:             1             48  [Ljava.beans.WeakIdentityMap$Entry;
1031:             1             48  [Ljava.math.RoundingMode;
1032:             2             48  [Ljava.security.Permission;
1033:             1             48  [Ljava.util.HashMap;
1034:             2             48  [Ljava.util.Locale$Category;
1035:             1             48  [Ljava.util.concurrent.TimeUnit;
1036:             1             48  [Ljdk.net.SocketFlow$Status;
1037:             1             48  [Lorg.apache.zookeeper.Watcher$Event$KeeperState;
1038:             1             48  [Lorg.apache.zookeeper.ZooKeeper$States;
1039:             1             48  com.alibaba.dubbo.monitor.simple.RegistryContainer
1040:             2             48  com.alibaba.dubbo.rpc.listener.ListenerExporterWrapper
1041:             3             48  com.alibaba.dubbo.rpc.protocol.ProtocolFilterWrapper
1042:             3             48  com.alibaba.dubbo.rpc.protocol.ProtocolListenerWrapper
1043:             1             48  com.alibaba.dubbo.rpc.protocol.dubbo.DubboProtocol
1044:             3             48  com.sun.org.apache.xerces.internal.dom.DeferredDocumentImpl$RefCount
1045:             3             48  com.sun.org.apache.xerces.internal.impl.XMLDocumentScannerImpl$PrologDriver
1046:             3             48  com.sun.org.apache.xerces.internal.impl.XMLDocumentScannerImpl$TrailingMiscDriver
1047:             3             48  com.sun.org.apache.xerces.internal.impl.XMLDocumentScannerImpl$XMLDeclDriver
1048:             2             48  com.sun.org.apache.xerces.internal.impl.dtd.DTDGrammarBucket
1049:             2             48  com.sun.org.apache.xerces.internal.impl.dtd.XMLAttributeDecl
1050:             3             48  com.sun.org.apache.xerces.internal.impl.dv.dtd.DTDDVFactoryImpl
1051:             3             48  com.sun.org.apache.xerces.internal.impl.dv.dtd.ListDatatypeValidator
1052:             3             48  com.sun.org.apache.xerces.internal.impl.dv.xs.SchemaDVFactoryImpl
1053:             2             48  com.sun.org.apache.xerces.internal.impl.xs.XMLSchemaLoader$LocationArray
1054:             2             48  com.sun.org.apache.xerces.internal.impl.xs.opti.SchemaDOMParser$BooleanStack
1055:             2             48  com.sun.org.apache.xerces.internal.impl.xs.traversers.XSDAbstractParticleTraverser$ParticleArray
1056:             1             48  com.sun.org.apache.xerces.internal.impl.xs.traversers.XSDElementTraverser
1057:             1             48  com.sun.org.apache.xerces.internal.impl.xs.traversers.XSDGroupTraverser
1058:             2             48  com.sun.org.apache.xerces.internal.impl.xs.traversers.XSDHandler$XSDKey
1059:             1             48  com.sun.org.apache.xerces.internal.impl.xs.traversers.XSDSimpleTypeTraverser
1060:             2             48  com.sun.org.apache.xerces.internal.impl.xs.util.ShortListImpl
1061:             2             48  com.sun.org.apache.xerces.internal.jaxp.DefaultValidationErrorHandler
1062:             2             48  com.sun.org.apache.xerces.internal.utils.SecuritySupport$7
1063:             2             48  com.sun.org.apache.xerces.internal.utils.XMLSecurityPropertyManager
1064:             2             48  java.io.BufferedOutputStream
1065:             2             48  java.io.File$PathStatus
1066:             2             48  java.io.FileReader
1067:             3             48  java.lang.invoke.BoundMethodHandle$Factory$1
1068:             1             48  java.lang.invoke.BoundMethodHandle$Species_L4
1069:             2             48  java.lang.reflect.ReflectPermission
1070:             2             48  java.net.InetAddress$Cache
1071:             2             48  java.net.InetAddress$Cache$Type
1072:             2             48  java.net.InetAddress$CacheEntry
1073:             2             48  java.net.StandardProtocolFamily
1074:             3             48  java.nio.channels.spi.AbstractInterruptibleChannel$1
1075:             2             48  java.nio.charset.CoderResult
1076:             3             48  java.nio.charset.CodingErrorAction
1077:             3             48  java.text.AttributedCharacterIterator$Attribute
1078:             2             48  java.util.BitSet
1079:             3             48  java.util.Collections$SingletonSet
1080:             2             48  java.util.Currency
1081:             1             48  java.util.IdentityHashMap$EntryIterator
1082:             2             48  java.util.Vector$1
1083:             2             48  java.util.concurrent.atomic.AtomicReferenceFieldUpdater$AtomicReferenceFieldUpdaterImpl$1
1084:             3             48  java.util.regex.Pattern$Begin
1085:             2             48  java.util.regex.Pattern$SliceI
1086:             2             48  javassist.bytecode.InvokeDynamicInfo
1087:             2             48  javassist.bytecode.MethodTypeInfo
1088:             1             48  javassist.compiler.KeywordTable
1089:             1             48  org.apache.commons.logging.impl.LogFactoryImpl
1090:             1             48  org.apache.log4j.Hierarchy
1091:             2             48  org.apache.log4j.config.PropertySetter
1092:             2             48  org.apache.log4j.helpers.FormattingInfo
1093:             2             48  org.apache.zookeeper.data.Id
1094:             1             48  org.jboss.netty.channel.AbstractChannel$ChannelCloseFuture
1095:             2             48  org.jboss.netty.channel.UpstreamChannelStateEvent
1096:             1             48  org.jboss.netty.util.internal.ConcurrentHashMap
1097:             1             48  org.mortbay.io.nio.SelectChannelEndPoint$IdleTask
1098:             1             48  org.mortbay.jetty.HttpConnection$1
1099:             3             48  org.mortbay.thread.QueuedThreadPool$Lock
1100:             2             48  org.springframework.beans.factory.config.BeanDefinitionHolder
1101:             1             48  org.springframework.beans.factory.xml.DocumentDefaultsDefinition
1102:             2             48  org.springframework.beans.propertyeditors.ByteArrayPropertyEditor
1103:             2             48  org.springframework.beans.propertyeditors.CharArrayPropertyEditor
1104:             2             48  org.springframework.beans.propertyeditors.CharsetEditor
1105:             2             48  org.springframework.beans.propertyeditors.CurrencyEditor
1106:             2             48  org.springframework.beans.propertyeditors.LocaleEditor
1107:             2             48  org.springframework.beans.propertyeditors.PropertiesEditor
1108:             2             48  org.springframework.beans.propertyeditors.TimeZoneEditor
1109:             2             48  org.springframework.beans.propertyeditors.UUIDEditor
1110:             2             48  org.springframework.beans.propertyeditors.ZoneIdEditor
1111:             2             48  org.springframework.context.event.AbstractApplicationEventMulticaster$ListenerCacheKey
1112:             2             48  org.springframework.context.event.GenericApplicationListenerAdapter
1113:             2             48  org.springframework.context.support.ApplicationListenerDetector
1114:             2             48  org.springframework.core.Constants
1115:             2             48  org.springframework.core.NamedThreadLocal
1116:             2             48  org.springframework.core.env.MapPropertySource
1117:             2             48  org.springframework.core.env.MutablePropertySources
1118:             2             48  org.springframework.core.env.SystemEnvironmentPropertySource
1119:             2             48  org.springframework.core.io.support.EncodedResource
1120:             2             48  org.springframework.expression.TypedValue
1121:             2             48  org.springframework.util.ConcurrentReferenceHashMap$ReferenceType
1122:             2             48  org.springframework.util.ConcurrentReferenceHashMap$Restructure
1123:             2             48  sun.misc.NativeSignalHandler
1124:             2             48  sun.misc.URLClassPath$FileLoader
1125:             1             48  sun.nio.ch.IOVecWrapper
1126:             2             48  sun.nio.ch.Util$BufferCache
1127:             3             48  sun.reflect.ReflectionFactory$GetReflectionFactoryAction
1128:             2             48  sun.security.util.DisabledAlgorithmConstraints$DisabledConstraint
1129:             1             48  sun.text.resources.FormatData
1130:             1             48  sun.text.resources.en.FormatData_en
1131:             1             48  sun.text.resources.en.FormatData_en_US
1132:             1             48  sun.text.resources.zh.FormatData_zh
1133:             1             48  sun.text.resources.zh.FormatData_zh_CN
1134:             1             48  sun.util.resources.CalendarData
1135:             1             48  sun.util.resources.CurrencyNames
1136:             1             48  sun.util.resources.TimeZoneNames
1137:             1             48  sun.util.resources.en.CalendarData_en
1138:             1             48  sun.util.resources.en.CurrencyNames_en_US
1139:             1             48  sun.util.resources.en.TimeZoneNames_en
1140:             1             48  sun.util.resources.zh.CalendarData_zh
1141:             1             48  sun.util.resources.zh.CurrencyNames_zh_CN
1142:             1             40  [Lcom.sun.org.apache.xerces.internal.util.Status;
1143:             1             40  [[Ljava.lang.invoke.LambdaForm$Name;
1144:             1             40  com.alibaba.dubbo.common.concurrent.ListenableFutureTask
1145:             1             40  com.alibaba.dubbo.monitor.simple.SimpleMonitorService
1146:             1             40  com.alibaba.dubbo.registry.integration.RegistryProtocol
1147:             1             40  com.alibaba.dubbo.registry.integration.RegistryProtocol$1
1148:             1             40  com.alibaba.dubbo.remoting.exchange.support.header.HeaderExchangeServer
1149:             1             40  com.alibaba.dubbo.remoting.zookeeper.zkclient.ZkClientWrapper
1150:             1             40  com.alibaba.dubbo.remoting.zookeeper.zkclient.ZkclientZookeeperClient
1151:             1             40  com.sun.beans.finder.MethodFinder$1
1152:             1             40  com.sun.org.apache.xerces.internal.dom.DeferredCommentImpl
1153:             1             40  com.sun.org.apache.xerces.internal.impl.xs.XMLSchemaValidator$ValueStoreCache
1154:             1             40  com.sun.org.apache.xerces.internal.impl.xs.traversers.XSAttributeChecker
1155:             1             40  com.sun.org.apache.xerces.internal.impl.xs.traversers.XSDAttributeGroupTraverser
1156:             1             40  com.sun.org.apache.xerces.internal.impl.xs.traversers.XSDAttributeTraverser
1157:             1             40  com.sun.org.apache.xerces.internal.impl.xs.traversers.XSDKeyrefTraverser
1158:             1             40  com.sun.org.apache.xerces.internal.impl.xs.traversers.XSDNotationTraverser
1159:             1             40  com.sun.org.apache.xerces.internal.impl.xs.traversers.XSDUniqueOrKeyTraverser
1160:             1             40  com.sun.org.apache.xerces.internal.impl.xs.traversers.XSDWildcardTraverser
1161:             1             40  com.sun.org.apache.xerces.internal.jaxp.DocumentBuilderFactoryImpl
1162:             1             40  com.sun.xml.internal.stream.util.BufferAllocator
1163:             1             40  java.beans.WeakIdentityMap$Entry
1164:             1             40  java.lang.invoke.BoundMethodHandle$Species_L3
1165:             1             40  java.text.MessageFormat
1166:             1             40  java.util.IdentityHashMap$ValueIterator
1167:             1             40  java.util.ResourceBundle$1
1168:             1             40  java.util.regex.Pattern$LazyLoop
1169:             1             40  org.apache.log4j.helpers.PatternParser$ClassNamePatternConverter
1170:             1             40  org.apache.log4j.helpers.PatternParser$DatePatternConverter
1171:             1             40  org.apache.log4j.spi.RootLogger
1172:             1             40  org.apache.zookeeper.proto.ConnectRequest
1173:             1             40  org.jboss.netty.channel.DefaultChannelPipeline$DefaultChannelHandlerContext
1174:             1             40  org.mortbay.jetty.HttpConnection$OutputWriter
1175:             1             40  org.mortbay.util.ByteArrayISO8859Writer
1176:             1             40  org.springframework.beans.factory.xml.XmlReaderContext
1177:             1             40  org.springframework.context.event.SimpleApplicationEventMulticaster
1178:             1             40  org.springframework.context.expression.StandardBeanExpressionResolver
1179:             1             40  org.springframework.core.env.MissingRequiredPropertiesException
1180:             1             40  org.springframework.util.ConcurrentReferenceHashMap$EntryIterator
1181:             1             40  sun.nio.cs.StandardCharsets$Aliases
1182:             1             40  sun.nio.cs.StandardCharsets$Cache
1183:             1             40  sun.nio.cs.StandardCharsets$Classes
1184:             1             40  sun.security.provider.ConfigFile$Spi
1185:             1             32  [Lcom.sun.beans.util.Cache$Kind;
1186:             1             32  [Lcom.sun.org.apache.xerces.internal.impl.dv.xs.AbstractDateTimeDV$DateTimeData;
1187:             1             32  [Lcom.sun.org.apache.xerces.internal.impl.dv.xs.XSSimpleTypeDecl;
1188:             1             32  [Lcom.sun.org.apache.xerces.internal.impl.xs.identity.XPathMatcher;
1189:             1             32  [Ljava.lang.OutOfMemoryError;
1190:             2             32  [Ljava.lang.StackTraceElement;
1191:             1             32  [Ljava.lang.StringBuilder;
1192:             1             32  [Ljava.lang.ThreadGroup;
1193:             1             32  [Ljava.lang.invoke.LambdaFormEditor$Transform;
1194:             1             32  [Lorg.apache.zookeeper.CreateMode;
1195:             1             32  [Lorg.apache.zookeeper.client.ZooKeeperSaslClient$SaslState;
1196:             2             32  [Lorg.springframework.beans.factory.config.BeanDefinition;
1197:             2             32  [Lorg.springframework.beans.factory.config.BeanReference;
1198:             1             32  [Lorg.springframework.expression.spel.SpelCompilerMode;
1199:             2             32  [Lsun.util.calendar.ZoneInfoFile$ZoneOffsetTransitionRule;
1200:             1             32  [[Lorg.mortbay.io.Buffer;
1201:             1             32  com.alibaba.dubbo.config.model.ConsumerModel
1202:             1             32  com.alibaba.dubbo.config.model.ProviderModel
1203:             1             32  com.alibaba.dubbo.container.page.PageServlet
1204:             1             32  com.alibaba.dubbo.registry.support.ProviderInvokerWrapper
1205:             1             32  com.alibaba.dubbo.rpc.RpcInvocation
1206:             1             32  com.alibaba.dubbo.rpc.protocol.dubbo.DubboExporter
1207:             1             32  com.alibaba.dubbo.rpc.protocol.injvm.InjvmExporter
1208:             2             32  com.sun.beans.WeakCache
1209:             1             32  com.sun.beans.finder.BeanInfoFinder
1210:             1             32  com.sun.org.apache.xerces.internal.impl.XMLEntityScanner$1
1211:             2             32  com.sun.org.apache.xerces.internal.impl.dv.dtd.ENTITYDatatypeValidator
1212:             2             32  com.sun.org.apache.xerces.internal.impl.dv.xs.QNameDV
1213:             2             32  com.sun.org.apache.xerces.internal.impl.xpath.regex.Token
1214:             1             32  com.sun.org.apache.xerces.internal.impl.xs.XMLSchemaValidator$XSIErrorReporter
1215:             1             32  com.sun.org.apache.xerces.internal.impl.xs.models.CMBuilder
1216:             2             32  com.sun.org.apache.xerces.internal.util.ErrorHandlerWrapper
1217:             1             32  com.sun.org.apache.xerces.internal.util.ParserConfigurationSettings
1218:             1             32  java.beans.ThreadGroupContext
1219:             1             32  java.beans.ThreadGroupContext$1
1220:             1             32  java.io.UnixFileSystem
1221:             1             32  java.lang.ArithmeticException
1222:             1             32  java.lang.NoClassDefFoundError
1223:             1             32  java.lang.NullPointerException
1224:             2             32  java.lang.Shutdown$Lock
1225:             1             32  java.lang.Throwable
1226:             1             32  java.lang.reflect.WeakCache
1227:             2             32  java.nio.ByteOrder
1228:             1             32  java.text.DontCareFieldPosition
1229:             2             32  java.util.AbstractMap$1
1230:             1             32  java.util.PropertyPermission
1231:             1             32  java.util.RegularEnumSet$EnumSetIterator
1232:             2             32  java.util.TreeMap$KeySet
1233:             1             32  java.util.concurrent.Semaphore$NonfairSync
1234:             1             32  java.util.concurrent.SynchronousQueue$TransferStack$SNode
1235:             1             32  java.util.concurrent.atomic.AtomicIntegerFieldUpdater$AtomicIntegerFieldUpdaterImpl
1236:             1             32  org.I0Itec.zkclient.ZkConnection
1237:             1             32  org.I0Itec.zkclient.ZkLock
1238:             1             32  org.apache.commons.logging.impl.WeakHashtable$WeakKey
1239:             2             32  org.apache.log4j.DefaultCategoryFactory
1240:             1             32  org.apache.log4j.PatternLayout
1241:             1             32  org.apache.log4j.helpers.QuietWriter
1242:             1             32  org.apache.zookeeper.ZooKeeper$ZKWatchManager
1243:             1             32  org.apache.zookeeper.client.ZooKeeperSaslClient
1244:             1             32  org.apache.zookeeper.proto.ConnectResponse
1245:             2             32  org.apache.zookeeper.server.ZooKeeperThread$1
1246:             1             32  org.jboss.netty.bootstrap.ServerBootstrap
1247:             1             32  org.jboss.netty.bootstrap.ServerBootstrap$Binder
1248:             2             32  org.jboss.netty.buffer.HeapChannelBufferFactory
1249:             1             32  org.jboss.netty.channel.DownstreamChannelStateEvent
1250:             1             32  org.jboss.netty.channel.socket.DefaultServerSocketChannelConfig
1251:             1             32  org.jboss.netty.channel.socket.nio.NioServerBoss$RegisterTask
1252:             1             32  org.jboss.netty.channel.socket.nio.NioServerBossPool
1253:             1             32  org.jboss.netty.channel.socket.nio.NioServerSocketChannelFactory
1254:             1             32  org.jboss.netty.channel.socket.nio.NioWorkerPool
1255:             1             32  org.jboss.netty.util.internal.ConcurrentHashMap$HashEntry
1256:             1             32  org.mortbay.jetty.servlet.FilterMapping
1257:             1             32  org.mortbay.util.Utf8StringBuffer
1258:             2             32  org.springframework.beans.factory.parsing.BeanEntry
1259:             2             32  org.springframework.beans.factory.parsing.PropertyEntry
1260:             1             32  org.springframework.beans.factory.xml.BeanDefinitionParserDelegate
1261:             1             32  org.springframework.beans.factory.xml.DefaultNamespaceHandlerResolver
1262:             1             32  org.springframework.context.support.DefaultLifecycleProcessor
1263:             1             32  org.springframework.context.support.DelegatingMessageSource
1264:             2             32  org.springframework.core.$Proxy6
1265:             2             32  org.springframework.core.env.AbstractPropertyResolver$1
1266:             1             32  org.springframework.expression.spel.SpelParserConfiguration
1267:             1             32  org.springframework.expression.spel.support.ReflectivePropertyAccessor
1268:             2             32  sun.nio.ch.SocketDispatcher
1269:             1             32  sun.nio.cs.StandardCharsets
1270:             2             32  sun.reflect.ReflectionFactory$1
1271:             1             32  sun.security.util.DisabledAlgorithmConstraints$KeySizeConstraint
1272:             2             32  sun.usagetracker.UsageTrackerClient$3
1273:             1             24  [Lcom.alibaba.dubbo.remoting.ChannelHandler;
1274:             1             24  [Lcom.sun.org.apache.xerces.internal.impl.xs.SchemaGrammar;
1275:             1             24  [Ljava.io.File$PathStatus;
1276:             1             24  [Ljava.lang.ClassValue$Entry;
1277:             1             24  [Ljava.net.InetAddress$Cache$Type;
1278:             1             24  [Ljava.net.InetSocketAddress;
1279:             1             24  [Ljava.net.StandardProtocolFamily;
1280:             1             24  [Ljava.util.ArrayList;
1281:             1             24  [Lorg.jboss.netty.channel.socket.nio.Boss;
1282:             1             24  [Lorg.mortbay.io.nio.SelectorManager$SelectSet;
1283:             1             24  [Lorg.mortbay.jetty.Connector;
1284:             1             24  [Lorg.mortbay.jetty.servlet.FilterHolder;
1285:             1             24  [Lorg.mortbay.jetty.servlet.FilterMapping;
1286:             1             24  [Lorg.mortbay.jetty.servlet.ServletMapping;
1287:             1             24  [Lorg.springframework.util.ConcurrentReferenceHashMap$ReferenceType;
1288:             1             24  [Lorg.springframework.util.ConcurrentReferenceHashMap$Restructure;
1289:             1             24  [Lsun.launcher.LauncherHelper;
1290:             1             24  com.alibaba.dubbo.common.concurrent.ExecutionList
1291:             1             24  com.alibaba.dubbo.common.concurrent.ExecutionList$RunnableExecutorPair
1292:             1             24  com.alibaba.dubbo.common.threadpool.support.AbortPolicyWithReport
1293:             1             24  com.alibaba.dubbo.config.invoker.DelegateProviderMetaDataInvoker
1294:             1             24  com.alibaba.dubbo.config.spring.schema.DubboNamespaceHandler
1295:             1             24  com.alibaba.dubbo.container.page.ResourceFilter
1296:             1             24  com.alibaba.dubbo.monitor.support.MonitorFilter
1297:             1             24  com.alibaba.dubbo.registry.integration.RegistryProtocol$ExporterChangeableWrapper
1298:             1             24  com.alibaba.dubbo.registry.integration.RegistryProtocol$InvokerDelegete
1299:             1             24  com.alibaba.dubbo.registry.integration.RegistryProtocol$OverrideListener
1300:             1             24  com.alibaba.dubbo.registry.zookeeper.ZookeeperRegistry$2
1301:             1             24  com.alibaba.dubbo.remoting.exchange.support.header.HeartBeatTask
1302:             1             24  com.alibaba.dubbo.remoting.transport.dispatcher.all.AllChannelHandler
1303:             1             24  com.alibaba.dubbo.remoting.transport.netty.NettyHandler
1304:             1             24  com.alibaba.dubbo.remoting.transport.netty.NettyServer$1
1305:             1             24  com.alibaba.dubbo.remoting.zookeeper.zkclient.ZkClientWrapper$1
1306:             1             24  com.alibaba.dubbo.remoting.zookeeper.zkclient.ZkClientWrapper$2
1307:             1             24  com.alibaba.dubbo.rpc.RpcResult
1308:             1             24  com.alibaba.dubbo.rpc.filter.AccessLogFilter
1309:             1             24  com.alibaba.dubbo.rpc.protocol.dubbo.DubboProtocol$1
1310:             1             24  com.alibaba.dubbo.rpc.protocol.injvm.InjvmProtocol
1311:             1             24  com.alibaba.dubbo.rpc.proxy.wrapper.StubProxyFactoryWrapper
1312:             1             24  com.sun.beans.util.Cache$Kind$1
1313:             1             24  com.sun.beans.util.Cache$Kind$2
1314:             1             24  com.sun.beans.util.Cache$Kind$3
1315:             1             24  com.sun.org.apache.xerces.internal.dom.DeferredDocumentImpl$IntVector
1316:             1             24  com.sun.org.apache.xerces.internal.impl.Constants$ArrayEnumeration
1317:             1             24  com.sun.org.apache.xerces.internal.impl.dv.xs.ListDV$ListData
1318:             1             24  com.sun.org.apache.xerces.internal.impl.xs.SubstitutionGroupHandler
1319:             1             24  com.sun.org.apache.xerces.internal.impl.xs.XMLSchemaValidator$LocalIDKey
1320:             1             24  com.sun.org.apache.xerces.internal.impl.xs.XMLSchemaValidator$XPathMatcherStack
1321:             1             24  com.sun.org.apache.xerces.internal.impl.xs.XSGrammarBucket
1322:             1             24  com.sun.org.apache.xerces.internal.util.IntStack
1323:             1             24  java.lang.ClassValue$Version
1324:             1             24  java.lang.Double
1325:             1             24  java.lang.ProcessEnvironment$StringEnvironment
1326:             1             24  java.lang.invoke.ConstantCallSite
1327:             1             24  java.lang.invoke.InfoFromMemberName
1328:             1             24  java.lang.invoke.InnerClassLambdaMetafactory$1
1329:             1             24  java.lang.invoke.InnerClassLambdaMetafactory$ForwardingMethodGenerator
1330:             1             24  java.lang.invoke.MethodHandleImpl$4
1331:             1             24  java.lang.invoke.MethodType$ConcurrentWeakInternSet
1332:             1             24  java.net.Inet4AddressImpl
1333:             1             24  java.security.AllPermissionCollection
1334:             1             24  java.util.AbstractMap$1$1
1335:             1             24  java.util.Collections$EmptyMap
1336:             1             24  java.util.Locale$Cache
1337:             1             24  java.util.ResourceBundle$Control$CandidateListCache
1338:             1             24  java.util.concurrent.Executors$DelegatedScheduledExecutorService
1339:             1             24  java.util.concurrent.FutureTask$WaitNode
1340:             1             24  java.util.concurrent.TimeUnit$1
1341:             1             24  java.util.concurrent.TimeUnit$2
1342:             1             24  java.util.concurrent.TimeUnit$3
1343:             1             24  java.util.concurrent.TimeUnit$4
1344:             1             24  java.util.concurrent.TimeUnit$5
1345:             1             24  java.util.concurrent.TimeUnit$6
1346:             1             24  java.util.concurrent.TimeUnit$7
1347:             1             24  java.util.concurrent.atomic.AtomicIntegerFieldUpdater$AtomicIntegerFieldUpdaterImpl$1
1348:             1             24  javassist.bytecode.BootstrapMethodsAttribute
1349:             1             24  javax.xml.parsers.SecuritySupport$5
1350:             1             24  org.apache.commons.logging.LogFactory$2
1351:             1             24  org.apache.commons.logging.LogFactory$3
1352:             1             24  org.apache.commons.logging.LogFactory$4
1353:             1             24  org.apache.log4j.PropertyConfigurator
1354:             1             24  org.apache.log4j.helpers.ISO8601DateFormat
1355:             1             24  org.apache.log4j.helpers.OnlyOnceErrorHandler
1356:             1             24  org.apache.zookeeper.ClientCnxn$WatcherSetEventPair
1357:             1             24  org.apache.zookeeper.WatchedEvent
1358:             1             24  org.apache.zookeeper.ZooKeeper
1359:             1             24  org.apache.zookeeper.client.ConnectStringParser
1360:             1             24  org.apache.zookeeper.client.StaticHostProvider
1361:             1             24  org.jboss.netty.bootstrap.ServerBootstrap$1
1362:             1             24  org.mortbay.jetty.AbstractBuffers$1
1363:             1             24  org.mortbay.jetty.AbstractConnector$Acceptor
1364:             1             24  org.mortbay.jetty.HttpConnection$RequestHandler
1365:             1             24  org.mortbay.jetty.HttpHeaderValues
1366:             1             24  org.mortbay.jetty.HttpHeaders
1367:             1             24  org.mortbay.jetty.servlet.ServletMapping
1368:             1             24  org.mortbay.util.ByteArrayOutputStream2
1369:             1             24  org.mortbay.util.IO$NullWrite
1370:             1             24  org.slf4j.helpers.SubstituteLoggerFactory
1371:             1             24  org.springframework.beans.factory.config.EmbeddedValueResolver
1372:             1             24  org.springframework.beans.factory.config.PropertyPlaceholderConfigurer$PlaceholderResolvingStringValueResolver
1373:             1             24  org.springframework.beans.factory.config.PropertyPlaceholderConfigurer$PropertyPlaceholderConfigurerResolver
1374:             1             24  org.springframework.beans.factory.config.RuntimeBeanReference
1375:             1             24  org.springframework.beans.factory.xml.DefaultBeanDefinitionDocumentReader
1376:             1             24  org.springframework.beans.factory.xml.PluggableSchemaResolver
1377:             1             24  org.springframework.beans.factory.xml.ResourceEntityResolver
1378:             1             24  org.springframework.beans.support.ResourceEditorRegistrar
1379:             1             24  org.springframework.context.event.ContextRefreshedEvent
1380:             1             24  org.springframework.context.event.ContextStartedEvent
1381:             1             24  org.springframework.context.support.ApplicationContextAwareProcessor
1382:             1             24  org.springframework.context.support.PostProcessorRegistrationDelegate$BeanPostProcessorChecker
1383:             1             24  org.springframework.expression.spel.support.StandardTypeLocator
1384:             1             24  org.springframework.util.AntPathMatcher$AntPathStringMatcher
1385:             1             24  sun.launcher.LauncherHelper
1386:             1             24  sun.management.RuntimeImpl
1387:             1             24  sun.management.VMManagementImpl
1388:             1             24  sun.misc.Launcher$AppClassLoader$1
1389:             1             24  sun.net.ProgressMonitor
1390:             1             24  sun.net.sdp.SdpProvider
1391:             1             24  sun.nio.cs.ISO_8859_1
1392:             1             24  sun.nio.cs.US_ASCII
1393:             1             24  sun.nio.cs.UTF_16
1394:             1             24  sun.nio.cs.UTF_16BE
1395:             1             24  sun.nio.cs.UTF_16LE
1396:             1             24  sun.nio.cs.UTF_8
1397:             1             24  sun.security.provider.ConfigFile
1398:             1             24  sun.security.util.DisabledAlgorithmConstraints
1399:             1             24  sun.usagetracker.UsageTrackerClient$4
1400:             1             24  sun.util.locale.BaseLocale$Cache
1401:             1             24  sun.util.locale.provider.CalendarDataProviderImpl
1402:             1             24  sun.util.locale.provider.CalendarProviderImpl
1403:             1             24  sun.util.locale.provider.CurrencyNameProviderImpl
1404:             1             24  sun.util.locale.provider.DateFormatSymbolsProviderImpl
1405:             1             24  sun.util.locale.provider.DecimalFormatSymbolsProviderImpl
1406:             1             24  sun.util.locale.provider.NumberFormatProviderImpl
1407:             1             24  sun.util.locale.provider.TimeZoneNameProviderImpl
1408:             1             16  [Lcom.sun.org.apache.xerces.internal.impl.xs.SubstitutionGroupHandler$OneSubGroup;
1409:             1             16  [Ljava.beans.EventSetDescriptor;
1410:             1             16  [Ljava.lang.Enum;
1411:             1             16  [Ljava.lang.Throwable;
1412:             1             16  [Ljava.nio.file.attribute.FileAttribute;
1413:             1             16  [Ljava.security.cert.Certificate;
1414:             1             16  [Ljava.text.FieldPosition;
1415:             1             16  com.alibaba.dubbo.cache.CacheFactory$Adaptive
1416:             1             16  com.alibaba.dubbo.cache.filter.CacheFilter
1417:             1             16  com.alibaba.dubbo.common.bytecode.Proxy$1
1418:             1             16  com.alibaba.dubbo.common.bytecode.Proxy$2
1419:             1             16  com.alibaba.dubbo.common.bytecode.Proxy0
1420:             1             16  com.alibaba.dubbo.common.bytecode.Wrapper$1
1421:             1             16  com.alibaba.dubbo.common.bytecode.Wrapper0
1422:             1             16  com.alibaba.dubbo.common.bytecode.Wrapper1
1423:             1             16  com.alibaba.dubbo.common.bytecode.Wrapper2
1424:             1             16  com.alibaba.dubbo.common.bytecode.Wrapper3
1425:             1             16  com.alibaba.dubbo.common.bytecode.proxy0
1426:             1             16  com.alibaba.dubbo.common.compiler.support.AdaptiveCompiler
1427:             1             16  com.alibaba.dubbo.common.compiler.support.JavassistCompiler
1428:             1             16  com.alibaba.dubbo.common.extension.factory.AdaptiveExtensionFactory
1429:             1             16  com.alibaba.dubbo.common.extension.factory.SpiExtensionFactory
1430:             1             16  com.alibaba.dubbo.common.extension.support.ActivateComparator
1431:             1             16  com.alibaba.dubbo.common.logger.log4j.Log4jLoggerAdapter
1432:             1             16  com.alibaba.dubbo.common.store.support.SimpleDataStore
1433:             1             16  com.alibaba.dubbo.common.threadpool.ThreadPool$Adaptive
1434:             1             16  com.alibaba.dubbo.common.threadpool.support.fixed.FixedThreadPool
1435:             1             16  com.alibaba.dubbo.common.utils.CollectionUtils$1
1436:             1             16  com.alibaba.dubbo.config.AbstractConfig$1
1437:             1             16  com.alibaba.dubbo.config.ReferenceConfig$1
1438:             1             16  com.alibaba.dubbo.config.spring.extension.SpringExtensionFactory
1439:             1             16  com.alibaba.dubbo.container.jetty.JettyContainer
1440:             1             16  com.alibaba.dubbo.container.log4j.Log4jContainer
1441:             1             16  com.alibaba.dubbo.container.page.MenuComparator
1442:             1             16  com.alibaba.dubbo.container.page.pages.HomePageHandler
1443:             1             16  com.alibaba.dubbo.container.page.pages.LogPageHandler
1444:             1             16  com.alibaba.dubbo.container.page.pages.StatusPageHandler
1445:             1             16  com.alibaba.dubbo.container.page.pages.SystemPageHandler
1446:             1             16  com.alibaba.dubbo.container.spring.SpringContainer
1447:             1             16  com.alibaba.dubbo.monitor.MonitorFactory$Adaptive
1448:             1             16  com.alibaba.dubbo.monitor.simple.RegistryContainer$1
1449:             1             16  com.alibaba.dubbo.monitor.simple.SimpleMonitorService$1
1450:             1             16  com.alibaba.dubbo.monitor.simple.SimpleMonitorService$2
1451:             1             16  com.alibaba.dubbo.monitor.simple.pages.ApplicationsPageHandler
1452:             1             16  com.alibaba.dubbo.monitor.simple.pages.ChartsPageHandler
1453:             1             16  com.alibaba.dubbo.monitor.simple.pages.ConsumersPageHandler
1454:             1             16  com.alibaba.dubbo.monitor.simple.pages.DependenciesPageHandler
1455:             1             16  com.alibaba.dubbo.monitor.simple.pages.HostsPageHandler
1456:             1             16  com.alibaba.dubbo.monitor.simple.pages.ProvidersPageHandler
1457:             1             16  com.alibaba.dubbo.monitor.simple.pages.ServicesPageHandler
1458:             1             16  com.alibaba.dubbo.monitor.simple.pages.StatisticsPageHandler
1459:             1             16  com.alibaba.dubbo.monitor.simple.pages.UnregisterPageHandler
1460:             1             16  com.alibaba.dubbo.monitor.simple.pages.UnsubscribePageHandler
1461:             1             16  com.alibaba.dubbo.registry.RegistryFactory$Adaptive
1462:             1             16  com.alibaba.dubbo.registry.pages.RegisteredPageHandler
1463:             1             16  com.alibaba.dubbo.registry.pages.RegistriesPageHandler
1464:             1             16  com.alibaba.dubbo.registry.pages.SubscribedPageHandler
1465:             1             16  com.alibaba.dubbo.registry.support.FailbackRegistry$1
1466:             1             16  com.alibaba.dubbo.registry.zookeeper.ZookeeperRegistry$1
1467:             1             16  com.alibaba.dubbo.registry.zookeeper.ZookeeperRegistryFactory
1468:             1             16  com.alibaba.dubbo.remoting.Dispatcher$Adaptive
1469:             1             16  com.alibaba.dubbo.remoting.Transporter$Adaptive
1470:             1             16  com.alibaba.dubbo.remoting.exchange.support.header.HeaderExchangeHandler
1471:             1             16  com.alibaba.dubbo.remoting.exchange.support.header.HeaderExchangeServer$1
1472:             1             16  com.alibaba.dubbo.remoting.exchange.support.header.HeaderExchanger
1473:             1             16  com.alibaba.dubbo.remoting.exchange.support.header.HeartbeatHandler
1474:             1             16  com.alibaba.dubbo.remoting.transport.DecodeHandler
1475:             1             16  com.alibaba.dubbo.remoting.transport.MultiMessageHandler
1476:             1             16  com.alibaba.dubbo.remoting.transport.dispatcher.ChannelHandlers
1477:             1             16  com.alibaba.dubbo.remoting.transport.dispatcher.all.AllDispatcher
1478:             1             16  com.alibaba.dubbo.remoting.transport.netty.NettyHelper$DubboLoggerFactory
1479:             1             16  com.alibaba.dubbo.remoting.transport.netty.NettyTransporter
1480:             1             16  com.alibaba.dubbo.remoting.zookeeper.ZookeeperTransporter$Adaptive
1481:             1             16  com.alibaba.dubbo.remoting.zookeeper.zkclient.ZkclientZookeeperClient$1
1482:             1             16  com.alibaba.dubbo.remoting.zookeeper.zkclient.ZkclientZookeeperTransporter
1483:             1             16  com.alibaba.dubbo.rpc.Protocol$Adaptive
1484:             1             16  com.alibaba.dubbo.rpc.ProxyFactory$Adaptive
1485:             1             16  com.alibaba.dubbo.rpc.cluster.Cluster$Adaptive
1486:             1             16  com.alibaba.dubbo.rpc.cluster.ConfiguratorFactory$Adaptive
1487:             1             16  com.alibaba.dubbo.rpc.cluster.RouterFactory$Adaptive
1488:             1             16  com.alibaba.dubbo.rpc.filter.ClassLoaderFilter
1489:             1             16  com.alibaba.dubbo.rpc.filter.ContextFilter
1490:             1             16  com.alibaba.dubbo.rpc.filter.EchoFilter
1491:             1             16  com.alibaba.dubbo.rpc.filter.ExceptionFilter
1492:             1             16  com.alibaba.dubbo.rpc.filter.ExecuteLimitFilter
1493:             1             16  com.alibaba.dubbo.rpc.filter.GenericFilter
1494:             1             16  com.alibaba.dubbo.rpc.filter.TimeoutFilter
1495:             1             16  com.alibaba.dubbo.rpc.filter.TokenFilter
1496:             1             16  com.alibaba.dubbo.rpc.protocol.dubbo.DubboCodec
1497:             1             16  com.alibaba.dubbo.rpc.protocol.dubbo.DubboCountCodec
1498:             1             16  com.alibaba.dubbo.rpc.protocol.dubbo.filter.TraceFilter
1499:             1             16  com.alibaba.dubbo.rpc.protocol.dubbo.page.ClientsPageHandler
1500:             1             16  com.alibaba.dubbo.rpc.protocol.dubbo.page.ServersPageHandler
1501:             1             16  com.alibaba.dubbo.rpc.proxy.InvokerInvocationHandler
1502:             1             16  com.alibaba.dubbo.rpc.proxy.javassist.JavassistProxyFactory
1503:             1             16  com.alibaba.dubbo.validation.Validation$Adaptive
1504:             1             16  com.alibaba.dubbo.validation.filter.ValidationFilter
1505:             1             16  com.sun.org.apache.xerces.internal.dom.CharacterDataImpl$1
1506:             1             16  com.sun.org.apache.xerces.internal.impl.dv.dtd.IDDatatypeValidator
1507:             1             16  com.sun.org.apache.xerces.internal.impl.dv.dtd.IDREFDatatypeValidator
1508:             1             16  com.sun.org.apache.xerces.internal.impl.dv.dtd.NMTOKENDatatypeValidator
1509:             1             16  com.sun.org.apache.xerces.internal.impl.dv.dtd.NOTATIONDatatypeValidator
1510:             1             16  com.sun.org.apache.xerces.internal.impl.dv.dtd.StringDatatypeValidator
1511:             1             16  com.sun.org.apache.xerces.internal.impl.dv.xs.AnyAtomicDV
1512:             1             16  com.sun.org.apache.xerces.internal.impl.dv.xs.AnySimpleDV
1513:             1             16  com.sun.org.apache.xerces.internal.impl.dv.xs.AnyURIDV
1514:             1             16  com.sun.org.apache.xerces.internal.impl.dv.xs.Base64BinaryDV
1515:             1             16  com.sun.org.apache.xerces.internal.impl.dv.xs.BooleanDV
1516:             1             16  com.sun.org.apache.xerces.internal.impl.dv.xs.DateDV
1517:             1             16  com.sun.org.apache.xerces.internal.impl.dv.xs.DateTimeDV
1518:             1             16  com.sun.org.apache.xerces.internal.impl.dv.xs.DayDV
1519:             1             16  com.sun.org.apache.xerces.internal.impl.dv.xs.DayTimeDurationDV
1520:             1             16  com.sun.org.apache.xerces.internal.impl.dv.xs.DecimalDV
1521:             1             16  com.sun.org.apache.xerces.internal.impl.dv.xs.DoubleDV
1522:             1             16  com.sun.org.apache.xerces.internal.impl.dv.xs.DurationDV
1523:             1             16  com.sun.org.apache.xerces.internal.impl.dv.xs.EntityDV
1524:             1             16  com.sun.org.apache.xerces.internal.impl.dv.xs.ExtendedSchemaDVFactoryImpl
1525:             1             16  com.sun.org.apache.xerces.internal.impl.dv.xs.FloatDV
1526:             1             16  com.sun.org.apache.xerces.internal.impl.dv.xs.HexBinaryDV
1527:             1             16  com.sun.org.apache.xerces.internal.impl.dv.xs.IDDV
1528:             1             16  com.sun.org.apache.xerces.internal.impl.dv.xs.IDREFDV
1529:             1             16  com.sun.org.apache.xerces.internal.impl.dv.xs.IntegerDV
1530:             1             16  com.sun.org.apache.xerces.internal.impl.dv.xs.ListDV
1531:             1             16  com.sun.org.apache.xerces.internal.impl.dv.xs.MonthDV
1532:             1             16  com.sun.org.apache.xerces.internal.impl.dv.xs.MonthDayDV
1533:             1             16  com.sun.org.apache.xerces.internal.impl.dv.xs.PrecisionDecimalDV
1534:             1             16  com.sun.org.apache.xerces.internal.impl.dv.xs.StringDV
1535:             1             16  com.sun.org.apache.xerces.internal.impl.dv.xs.TimeDV
1536:             1             16  com.sun.org.apache.xerces.internal.impl.dv.xs.UnionDV
1537:             1             16  com.sun.org.apache.xerces.internal.impl.dv.xs.XSSimpleTypeDecl$1
1538:             1             16  com.sun.org.apache.xerces.internal.impl.dv.xs.XSSimpleTypeDecl$4
1539:             1             16  com.sun.org.apache.xerces.internal.impl.dv.xs.YearDV
1540:             1             16  com.sun.org.apache.xerces.internal.impl.dv.xs.YearMonthDV
1541:             1             16  com.sun.org.apache.xerces.internal.impl.dv.xs.YearMonthDurationDV
1542:             1             16  com.sun.org.apache.xerces.internal.impl.xs.XSConstraints$1
1543:             1             16  com.sun.org.apache.xerces.internal.impl.xs.models.XSEmptyCM
1544:             1             16  com.sun.org.apache.xerces.internal.impl.xs.util.XIntPool
1545:             1             16  com.sun.org.apache.xerces.internal.impl.xs.util.XSObjectListImpl$1
1546:             1             16  com.sun.org.apache.xerces.internal.jaxp.datatype.DatatypeFactoryImpl
1547:             1             16  com.sun.org.apache.xerces.internal.util.DefaultErrorHandler
1548:             1             16  com.sun.org.apache.xerces.internal.util.EntityResolverWrapper
1549:             1             16  com.sun.org.apache.xerces.internal.utils.SecuritySupport
1550:             1             16  com.sun.org.apache.xerces.internal.utils.SecuritySupport$8
1551:             1             16  java.io.FileDescriptor$1
1552:             1             16  java.lang.ApplicationShutdownHooks$1
1553:             1             16  java.lang.CharacterDataLatin1
1554:             1             16  java.lang.ClassValue$Identity
1555:             1             16  java.lang.Compiler$1
1556:             1             16  java.lang.Runtime
1557:             1             16  java.lang.String$CaseInsensitiveComparator
1558:             1             16  java.lang.System$2
1559:             1             16  java.lang.SystemClassLoaderAction
1560:             1             16  java.lang.Terminator$1
1561:             1             16  java.lang.invoke.MemberName$Factory
1562:             1             16  java.lang.invoke.MethodHandleImpl$1
1563:             1             16  java.lang.invoke.MethodHandleImpl$2
1564:             1             16  java.lang.invoke.MethodHandleImpl$3
1565:             1             16  java.lang.invoke.MethodHandleStatics$1
1566:             1             16  java.lang.ref.Reference$1
1567:             1             16  java.lang.ref.Reference$Lock
1568:             1             16  java.lang.reflect.Proxy$KeyFactory
1569:             1             16  java.lang.reflect.Proxy$ProxyClassFactory
1570:             1             16  java.lang.reflect.ReflectAccess
1571:             1             16  java.net.AbstractPlainSocketImpl$1
1572:             1             16  java.net.InetAddress$1
1573:             1             16  java.net.InetAddress$2
1574:             1             16  java.net.URLClassLoader$7
1575:             1             16  java.nio.Bits$1
1576:             1             16  java.nio.channels.spi.SelectorProvider$1
1577:             1             16  java.nio.charset.CoderResult$1
1578:             1             16  java.nio.charset.CoderResult$2
1579:             1             16  java.security.AccessController$1
1580:             1             16  java.security.AllPermission
1581:             1             16  java.security.ProtectionDomain$2
1582:             1             16  java.security.ProtectionDomain$JavaSecurityAccessImpl
1583:             1             16  java.security.Security$1
1584:             1             16  java.text.DontCareFieldPosition$1
1585:             1             16  java.util.Collections$EmptyEnumeration
1586:             1             16  java.util.Collections$EmptyIterator
1587:             1             16  java.util.Collections$EmptyList
1588:             1             16  java.util.Collections$EmptySet
1589:             1             16  java.util.Currency$1
1590:             1             16  java.util.Currency$CurrencyNameGetter
1591:             1             16  java.util.IdentityHashMap$EntrySet
1592:             1             16  java.util.IdentityHashMap$Values
1593:             1             16  java.util.Optional
1594:             1             16  java.util.ResourceBundle$Control
1595:             1             16  java.util.ResourceBundle$RBClassLoader$1
1596:             1             16  java.util.TimeZone$1
1597:             1             16  java.util.WeakHashMap$KeySet
1598:             1             16  java.util.concurrent.Semaphore
1599:             1             16  java.util.concurrent.ThreadPoolExecutor$AbortPolicy
1600:             1             16  java.util.jar.JavaUtilJarAccessImpl
1601:             1             16  java.util.regex.Pattern$4
1602:             1             16  java.util.regex.Pattern$LastNode
1603:             1             16  java.util.regex.Pattern$Node
1604:             1             16  java.util.zip.ZipFile$1
1605:             1             16  javassist.ClassPool$1
1606:             1             16  javax.security.auth.login.Configuration$1
1607:             1             16  javax.security.auth.login.Configuration$2
1608:             1             16  javax.security.auth.login.Configuration$3
1609:             1             16  javax.xml.parsers.FactoryFinder$1
1610:             1             16  javax.xml.parsers.SecuritySupport
1611:             1             16  javax.xml.parsers.SecuritySupport$1
1612:             1             16  org.I0Itec.zkclient.serialize.SerializableSerializer
1613:             1             16  org.apache.commons.logging.impl.LogFactoryImpl$1
1614:             1             16  org.apache.log4j.SortedKeyEnumeration
1615:             1             16  org.apache.log4j.helpers.AppenderAttachableImpl
1616:             1             16  org.apache.log4j.helpers.NullEnumeration
1617:             1             16  org.apache.log4j.or.DefaultRenderer
1618:             1             16  org.apache.log4j.or.RendererMap
1619:             1             16  org.apache.log4j.spi.DefaultRepositorySelector
1620:             1             16  org.jboss.netty.bootstrap.ServerBootstrap$Binder$1
1621:             1             16  org.jboss.netty.channel.Channels$1
1622:             1             16  org.jboss.netty.channel.DefaultChannelPipeline$DiscardingChannelSink
1623:             1             16  org.jboss.netty.channel.SucceededChannelFuture
1624:             1             16  org.jboss.netty.channel.socket.nio.NioServerSocketPipelineSink
1625:             1             16  org.jboss.netty.channel.socket.nio.SocketSendBufferPool$EmptySendBuffer
1626:             1             16  org.jboss.netty.logging.JdkLoggerFactory
1627:             1             16  org.jboss.netty.util.ThreadNameDeterminer$1
1628:             1             16  org.jboss.netty.util.ThreadNameDeterminer$2
1629:             1             16  org.mortbay.component.Container
1630:             1             16  org.mortbay.jetty.AbstractBuffers$ThreadBuffers
1631:             1             16  org.mortbay.jetty.Response$NullOutput
1632:             1             16  org.mortbay.jetty.servlet.FilterHolder$Config
1633:             1             16  org.mortbay.jetty.servlet.ServletHolder$Config
1634:             1             16  org.mortbay.log.Log$1
1635:             1             16  org.mortbay.log.Slf4jLog
1636:             1             16  org.mortbay.util.AttributesMap
1637:             1             16  org.mortbay.util.IO$ClosedIS
1638:             1             16  org.mortbay.util.IO$NullOS
1639:             1             16  org.mortbay.util.StringMap$NullEntry
1640:             1             16  org.slf4j.helpers.NOPLoggerFactory
1641:             1             16  org.slf4j.impl.Log4jLoggerFactory
1642:             1             16  org.slf4j.impl.StaticLoggerBinder
1643:             1             16  org.springframework.beans.ExtendedBeanInfoFactory
1644:             1             16  org.springframework.beans.factory.config.BeanDefinitionVisitor
1645:             1             16  org.springframework.beans.factory.parsing.EmptyReaderEventListener
1646:             1             16  org.springframework.beans.factory.parsing.FailFastProblemReporter
1647:             1             16  org.springframework.beans.factory.parsing.NullSourceExtractor
1648:             1             16  org.springframework.beans.factory.parsing.ParseState
1649:             1             16  org.springframework.beans.factory.support.CglibSubclassingInstantiationStrategy
1650:             1             16  org.springframework.beans.factory.support.DefaultBeanNameGenerator
1651:             1             16  org.springframework.beans.factory.support.SimpleAutowireCandidateResolver
1652:             1             16  org.springframework.beans.factory.xml.BeansDtdResolver
1653:             1             16  org.springframework.beans.factory.xml.DefaultDocumentLoader
1654:             1             16  org.springframework.context.expression.BeanExpressionContextAccessor
1655:             1             16  org.springframework.context.expression.BeanFactoryAccessor
1656:             1             16  org.springframework.context.expression.BeanFactoryResolver
1657:             1             16  org.springframework.context.expression.EnvironmentAccessor
1658:             1             16  org.springframework.context.expression.MapAccessor
1659:             1             16  org.springframework.context.expression.StandardBeanExpressionResolver$1
1660:             1             16  org.springframework.core.DefaultParameterNameDiscoverer
1661:             1             16  org.springframework.core.LocalVariableTableParameterNameDiscoverer
1662:             1             16  org.springframework.core.OrderComparator
1663:             1             16  org.springframework.core.StandardReflectionParameterNameDiscoverer
1664:             1             16  org.springframework.core.annotation.AnnotationAwareOrderComparator
1665:             1             16  org.springframework.expression.common.TemplateAwareExpressionParser$1
1666:             1             16  org.springframework.expression.spel.standard.SpelExpressionParser
1667:             1             16  org.springframework.expression.spel.support.StandardOperatorOverloader
1668:             1             16  org.springframework.expression.spel.support.StandardTypeComparator
1669:             1             16  org.springframework.util.ConcurrentReferenceHashMap$EntrySet
1670:             1             16  org.springframework.util.DefaultPropertiesPersister
1671:             1             16  org.springframework.util.ReflectionUtils$4
1672:             1             16  org.springframework.util.ReflectionUtils$5
1673:             1             16  org.springframework.util.ReflectionUtils$6
1674:             1             16  org.springframework.util.xml.SimpleSaxErrorHandler
1675:             1             16  org.springframework.util.xml.XmlValidationModeDetector
1676:             1             16  sun.management.ManagementFactoryHelper$4
1677:             1             16  sun.misc.ASCIICaseInsensitiveComparator
1678:             1             16  sun.misc.FloatingDecimal$1
1679:             1             16  sun.misc.Launcher
1680:             1             16  sun.misc.Launcher$BootClassPathHolder$1
1681:             1             16  sun.misc.Launcher$ExtClassLoader$1
1682:             1             16  sun.misc.Launcher$Factory
1683:             1             16  sun.misc.Perf
1684:             1             16  sun.misc.Perf$GetPerfAction
1685:             1             16  sun.misc.Unsafe
1686:             1             16  sun.net.DefaultProgressMeteringPolicy
1687:             1             16  sun.net.ExtendedOptionsImpl$$Lambda$1/1143695104
1688:             1             16  sun.net.InetAddressCachePolicy$1
1689:             1             16  sun.net.InetAddressCachePolicy$2
1690:             1             16  sun.net.www.protocol.file.Handler
1691:             1             16  sun.net.www.protocol.jar.JarFileFactory
1692:             1             16  sun.nio.ch.ExtendedSocketOption$1
1693:             1             16  sun.nio.ch.IOUtil$1
1694:             1             16  sun.nio.ch.IOVecWrapper$Deallocator
1695:             1             16  sun.nio.ch.KQueueSelectorProvider
1696:             1             16  sun.nio.ch.Net$1
1697:             1             16  sun.nio.ch.Net$3
1698:             1             16  sun.nio.ch.Util$1
1699:             1             16  sun.nio.ch.Util$2
1700:             1             16  sun.reflect.GeneratedConstructorAccessor1
1701:             1             16  sun.reflect.GeneratedConstructorAccessor2
1702:             1             16  sun.reflect.GeneratedConstructorAccessor3
1703:             1             16  sun.reflect.GeneratedConstructorAccessor4
1704:             1             16  sun.reflect.GeneratedConstructorAccessor5
1705:             1             16  sun.reflect.GeneratedConstructorAccessor6
1706:             1             16  sun.reflect.GeneratedMethodAccessor1
1707:             1             16  sun.reflect.GeneratedMethodAccessor2
1708:             1             16  sun.reflect.ReflectionFactory
1709:             1             16  sun.reflect.generics.tree.BottomSignature
1710:             1             16  sun.reflect.generics.tree.VoidDescriptor
1711:             1             16  sun.security.util.AbstractAlgorithmConstraints$1
1712:             1             16  sun.security.util.AlgorithmDecomposer
1713:             1             16  sun.security.util.DisabledAlgorithmConstraints$Constraints
1714:             1             16  sun.usagetracker.UsageTrackerClient
1715:             1             16  sun.util.calendar.Gregorian
1716:             1             16  sun.util.calendar.ZoneInfoFile$1
1717:             1             16  sun.util.calendar.ZoneInfoFile$Checksum
1718:             1             16  sun.util.locale.provider.AuxLocaleProviderAdapter$NullProvider
1719:             1             16  sun.util.locale.provider.CalendarDataUtility$CalendarWeekParameterGetter
1720:             1             16  sun.util.locale.provider.JRELocaleProviderAdapter$1
1721:             1             16  sun.util.locale.provider.SPILocaleProviderAdapter
1722:             1             16  sun.util.locale.provider.TimeZoneNameUtility$TimeZoneNameGetter
1723:             1             16  sun.util.resources.LocaleData
1724:             1             16  sun.util.resources.LocaleData$LocaleDataResourceBundleControl
Total       1060029      202010816
